MSBuild version 17.8.27+3ab07f0cf for .NET
Build started 07/01/2025 23:32:08.
     1>Project "/home/thomas/git/ribosoft/Ribosoft.sln" on node 1 (Restore target(s)).
     1>ValidateSolutionConfiguration:
         Building solution configuration "Debug|Any CPU".
       _GetAllRestoreProjectPathItems:
         Determining projects to restore...
       Restore:
         X.509 certificate chain validation will use the fallback certificate bundle at '/usr/lib/dotnet/sdk/8.0.117/trustedroots/codesignctl.pem'.
         X.509 certificate chain validation will use the fallback certificate bundle at '/usr/lib/dotnet/sdk/8.0.117/trustedroots/timestampctl.pem'.
         Assets file has not changed. Skipping assets file writing. Path: /home/thomas/git/ribosoft/Ribosoft/obj/project.assets.json
         Assets file has not changed. Skipping assets file writing. Path: /home/thomas/git/ribosoft/Ribosoft.Tests/obj/project.assets.json
         Restored /home/thomas/git/ribosoft/Ribosoft/Ribosoft.csproj (in 55 ms).
         Restored /home/thomas/git/ribosoft/Ribosoft.Tests/Ribosoft.Tests.csproj (in 55 ms).
         
         NuGet Config files used:
             /home/thomas/.nuget/NuGet/NuGet.Config
         
         Feeds used:
             /home/thomas/git/ribosoft/RibosoftAlgo/build/bin
             https://api.nuget.org/v3/index.json
         All projects are up-to-date for restore.
     1>Done Building Project "/home/thomas/git/ribosoft/Ribosoft.sln" (Restore target(s)).
   1:2>Project "/home/thomas/git/ribosoft/Ribosoft.sln" on node 1 (default targets).
     1>ValidateSolutionConfiguration:
         Building solution configuration "Debug|Any CPU".
   1:2>Project "/home/thomas/git/ribosoft/Ribosoft.sln" (1:2) is building "/home/thomas/git/ribosoft/Ribosoft/Ribosoft.csproj" (4:7) on node 1 (default targets).
     4>CoreResGen:
         Processing resource file "Resources/Views/Jobs/Index.resx" into "obj/Debug/net8.0/Ribosoft.Resources.Views.Jobs.Index.resources".
         Processing resource file "Resources/Views/Request/Index.resx" into "obj/Debug/net8.0/Ribosoft.Resources.Views.Request.Index.resources".
       GenerateTargetFrameworkMonikerAttribute:
       Skipping target "GenerateTargetFrameworkMonikerAttribute" because all output files are up-to-date with respect to the input files.
       CoreGenerateAssemblyInfo:
         Could not infer the type of parameter "#1" because the attribute type is unknown. The value will be treated as a string.
       _DiscoverMvcApplicationParts:
         Could not infer the type of parameter "#1" because the attribute type is unknown. The value will be treated as a string.
         Creating "obj/Debug/net8.0/Ribosoft.MvcApplicationPartsAssemblyInfo.cache" because "AlwaysCreate" was specified.
         Touching "obj/Debug/net8.0/Ribosoft.MvcApplicationPartsAssemblyInfo.cache".
       _CoreGenerateRazorAssemblyInfo:
         Could not infer the type of parameter "#1" because the attribute type is unknown. The value will be treated as a string.
       _GenerateSourceLinkFile:
         Updating Source Link file 'obj/Debug/net8.0/Ribosoft.sourcelink.json'.
       CoreCompile:
         /usr/lib/dotnet/dotnet exec "/usr/lib/dotnet/sdk/8.0.117/Roslyn/bincore/csc.dll" /noconfig /unsafe- /checked- /nowarn:1701,1702,1701,1702 /fullpaths /nostdlib+ /errorreport:prompt /warn:8 /define:TRACE;DEBUG;NET;NET8_0;NETCOREAPP;NET5_0_OR_GREATER;NET6_0_OR_GREATER;NET7_0_OR_GREATER;NET8_0_OR_GREATER;NETCOREAPP1_0_OR_GREATER;NETCOREAPP1_1_OR_GREATER;NETCOREAPP2_0_OR_GREATER;NETCOREAPP2_1_OR_GREATER;NETCOREAPP2_2_OR_GREATER;NETCOREAPP3_0_OR_GREATER;NETCOREAPP3_1_OR_GREATER /highentropyva+ /nullable:enable /reference:/home/thomas/.nuget/packages/azure.core/1.25.0/lib/net5.0/Azure.Core.dll /reference:/home/thomas/.nuget/packages/azure.identity/1.7.0/lib/netstandard2.0/Azure.Identity.dll /reference:/home/thomas/.nuget/packages/cloudscribe.pagination.models/8.0.0/lib/net8.0/cloudscribe.Pagination.Models.dll /reference:/home/thomas/.nuget/packages/cloudscribe.web.pagination/8.0.0/lib/net8.0/cloudscribe.Web.Pagination.dll /reference:/home/thomas/.nuget/packages/dapper/2.0.123/lib/net5.0/Dapper.dll /reference:/home/thomas/.nuget/packages/microsoft.visualstudio.web.codegeneration.design/8.0.0/lib/net8.0/dotnet-aspnet-codegenerator-design.dll /reference:/home/thomas/.nuget/packages/hangfire.aspnetcore/1.8.12/lib/netcoreapp3.0/Hangfire.AspNetCore.dll /reference:/home/thomas/.nuget/packages/hangfire.core/1.8.12/lib/netstandard2.0/Hangfire.Core.dll /reference:/home/thomas/.nuget/packages/hangfire.netcore/1.8.12/lib/netstandard2.1/Hangfire.NetCore.dll /reference:/home/thomas/.nuget/packages/hangfire.postgresql/1.20.8/lib/netstandard2.0/Hangfire.PostgreSql.dll /reference:/home/thomas/.nuget/packages/hangfire.sqlserver/1.8.12/lib/netstandard2.0/Hangfire.SqlServer.dll /reference:/home/thomas/.nuget/packages/humanizer.core/2.14.1/lib/net6.0/Humanizer.dll /reference:/home/thomas/.nuget/packages/sharpziplib/1.4.2/lib/net6.0/ICSharpCode.SharpZipLib.dll /reference:/usr/lib/dotnet/packs/Microsoft.AspNetCore.App.Ref/8.0.17/ref/net8.0/Microsoft.AspNetCore.Antiforgery.dll /reference:/usr/lib/dotnet/packs/Microsoft.AspNetCore.App.Ref/8.0.17/ref/net8.0/Microsoft.AspNetCore.Authentication.Abstractions.dll /reference:/usr/lib/dotnet/packs/Microsoft.AspNetCore.App.Ref/8.0.17/ref/net8.0/Microsoft.AspNetCore.Authentication.BearerToken.dll /reference:/usr/lib/dotnet/packs/Microsoft.AspNetCore.App.Ref/8.0.17/ref/net8.0/Microsoft.AspNetCore.Authentication.Cookies.dll /reference:/usr/lib/dotnet/packs/Microsoft.AspNetCore.App.Ref/8.0.17/ref/net8.0/Microsoft.AspNetCore.Authentication.Core.dll /reference:/usr/lib/dotnet/packs/Microsoft.AspNetCore.App.Ref/8.0.17/ref/net8.0/Microsoft.AspNetCore.Authentication.dll /reference:/usr/lib/dotnet/packs/Microsoft.AspNetCore.App.Ref/8.0.17/ref/net8.0/Microsoft.AspNetCore.Authentication.OAuth.dll /reference:/usr/lib/dotnet/packs/Microsoft.AspNetCore.App.Ref/8.0.17/ref/net8.0/Microsoft.AspNetCore.Authorization.dll /reference:/usr/lib/dotnet/packs/Microsoft.AspNetCore.App.Ref/8.0.17/ref/net8.0/Microsoft.AspNetCore.Authorization.Policy.dll /reference:/usr/lib/dotnet/packs/Microsoft.AspNetCore.App.Ref/8.0.17/ref/net8.0/Microsoft.AspNetCore.Components.Authorization.dll /reference:/usr/lib/dotnet/packs/Microsoft.AspNetCore.App.Ref/8.0.17/ref/net8.0/Microsoft.AspNetCore.Components.dll /reference:/usr/lib/dotnet/packs/Microsoft.AspNetCore.App.Ref/8.0.17/ref/net8.0/Microsoft.AspNetCore.Components.Endpoints.dll /reference:/usr/lib/dotnet/packs/Microsoft.AspNetCore.App.Ref/8.0.17/ref/net8.0/Microsoft.AspNetCore.Components.Forms.dll /reference:/usr/lib/dotnet/packs/Microsoft.AspNetCore.App.Ref/8.0.17/ref/net8.0/Microsoft.AspNetCore.Components.Server.dll /reference:/usr/lib/dotnet/packs/Microsoft.AspNetCore.App.Ref/8.0.17/ref/net8.0/Microsoft.AspNetCore.Components.Web.dll /reference:/usr/lib/dotnet/packs/Microsoft.AspNetCore.App.Ref/8.0.17/ref/net8.0/Microsoft.AspNetCore.Connections.Abstractions.dll /reference:/usr/lib/dotnet/packs/Microsoft.AspNetCore.App.Ref/8.0.17/ref/net8.0/Microsoft.AspNetCore.CookiePolicy.dll /reference:/usr/lib/dotnet/packs/Microsoft.AspNetCore.App.Ref/8.0.17/ref/net8.0/Microsoft.AspNetCore.Cors.dll /reference:/usr/lib/dotnet/packs/Microsoft.AspNetCore.App.Ref/8.0.17/ref/net8.0/Microsoft.AspNetCore.Cryptography.Internal.dll /reference:/usr/lib/dotnet/packs/Microsoft.AspNetCore.App.Ref/8.0.17/ref/net8.0/Microsoft.AspNetCore.Cryptography.KeyDerivation.dll /reference:/usr/lib/dotnet/packs/Microsoft.AspNetCore.App.Ref/8.0.17/ref/net8.0/Microsoft.AspNetCore.DataProtection.Abstractions.dll /reference:/usr/lib/dotnet/packs/Microsoft.AspNetCore.App.Ref/8.0.17/ref/net8.0/Microsoft.AspNetCore.DataProtection.dll /reference:/usr/lib/dotnet/packs/Microsoft.AspNetCore.App.Ref/8.0.17/ref/net8.0/Microsoft.AspNetCore.DataProtection.Extensions.dll /reference:/usr/lib/dotnet/packs/Microsoft.AspNetCore.App.Ref/8.0.17/ref/net8.0/Microsoft.AspNetCore.Diagnostics.Abstractions.dll /reference:/usr/lib/dotnet/packs/Microsoft.AspNetCore.App.Ref/8.0.17/ref/net8.0/Microsoft.AspNetCore.Diagnostics.dll /reference:/home/thomas/.nuget/packages/microsoft.aspnetcore.diagnostics.entityframeworkcore/8.0.0/lib/net8.0/Microsoft.AspNetCore.Diagnostics.EntityFrameworkCore.dll /reference:/usr/lib/dotnet/packs/Microsoft.AspNetCore.App.Ref/8.0.17/ref/net8.0/Microsoft.AspNetCore.Diagnostics.HealthChecks.dll /reference:/usr/lib/dotnet/packs/Microsoft.AspNetCore.App.Ref/8.0.17/ref/net8.0/Microsoft.AspNetCore.dll /reference:/usr/lib/dotnet/packs/Microsoft.AspNetCore.App.Ref/8.0.17/ref/net8.0/Microsoft.AspNetCore.HostFiltering.dll /reference:/usr/lib/dotnet/packs/Microsoft.AspNetCore.App.Ref/8.0.17/ref/net8.0/Microsoft.AspNetCore.Hosting.Abstractions.dll /reference:/usr/lib/dotnet/packs/Microsoft.AspNetCore.App.Ref/8.0.17/ref/net8.0/Microsoft.AspNetCore.Hosting.dll /reference:/usr/lib/dotnet/packs/Microsoft.AspNetCore.App.Ref/8.0.17/ref/net8.0/Microsoft.AspNetCore.Hosting.Server.Abstractions.dll /reference:/usr/lib/dotnet/packs/Microsoft.AspNetCore.App.Ref/8.0.17/ref/net8.0/Microsoft.AspNetCore.Html.Abstractions.dll /reference:/usr/lib/dotnet/packs/Microsoft.AspNetCore.App.Ref/8.0.17/ref/net8.0/Microsoft.AspNetCore.Http.Abstractions.dll /reference:/usr/lib/dotnet/packs/Microsoft.AspNetCore.App.Ref/8.0.17/ref/net8.0/Microsoft.AspNetCore.Http.Connections.Common.dll /reference:/usr/lib/dotnet/packs/Microsoft.AspNetCore.App.Ref/8.0.17/ref/net8.0/Microsoft.AspNetCore.Http.Connections.dll /reference:/usr/lib/dotnet/packs/Microsoft.AspNetCore.App.Ref/8.0.17/ref/net8.0/Microsoft.AspNetCore.Http.dll /reference:/usr/lib/dotnet/packs/Microsoft.AspNetCore.App.Ref/8.0.17/ref/net8.0/Microsoft.AspNetCore.Http.Extensions.dll /reference:/usr/lib/dotnet/packs/Microsoft.AspNetCore.App.Ref/8.0.17/ref/net8.0/Microsoft.AspNetCore.Http.Features.dll /reference:/usr/lib/dotnet/packs/Microsoft.AspNetCore.App.Ref/8.0.17/ref/net8.0/Microsoft.AspNetCore.Http.Results.dll /reference:/usr/lib/dotnet/packs/Microsoft.AspNetCore.App.Ref/8.0.17/ref/net8.0/Microsoft.AspNetCore.HttpLogging.dll /reference:/usr/lib/dotnet/packs/Microsoft.AspNetCore.App.Ref/8.0.17/ref/net8.0/Microsoft.AspNetCore.HttpOverrides.dll /reference:/usr/lib/dotnet/packs/Microsoft.AspNetCore.App.Ref/8.0.17/ref/net8.0/Microsoft.AspNetCore.HttpsPolicy.dll /reference:/usr/lib/dotnet/packs/Microsoft.AspNetCore.App.Ref/8.0.17/ref/net8.0/Microsoft.AspNetCore.Identity.dll /reference:/home/thomas/.nuget/packages/microsoft.aspnetcore.identity.entityframeworkcore/8.0.0/lib/net8.0/Microsoft.AspNetCore.Identity.EntityFrameworkCore.dll /reference:/usr/lib/dotnet/packs/Microsoft.AspNetCore.App.Ref/8.0.17/ref/net8.0/Microsoft.AspNetCore.Localization.dll /reference:/usr/lib/dotnet/packs/Microsoft.AspNetCore.App.Ref/8.0.17/ref/net8.0/Microsoft.AspNetCore.Localization.Routing.dll /reference:/usr/lib/dotnet/packs/Microsoft.AspNetCore.App.Ref/8.0.17/ref/net8.0/Microsoft.AspNetCore.Metadata.dll /reference:/usr/lib/dotnet/packs/Microsoft.AspNetCore.App.Ref/8.0.17/ref/net8.0/Microsoft.AspNetCore.Mvc.Abstractions.dll /reference:/usr/lib/dotnet/packs/Microsoft.AspNetCore.App.Ref/8.0.17/ref/net8.0/Microsoft.AspNetCore.Mvc.ApiExplorer.dll /reference:/usr/lib/dotnet/packs/Microsoft.AspNetCore.App.Ref/8.0.17/ref/net8.0/Microsoft.AspNetCore.Mvc.Core.dll /reference:/usr/lib/dotnet/packs/Microsoft.AspNetCore.App.Ref/8.0.17/ref/net8.0/Microsoft.AspNetCore.Mvc.Cors.dll /reference:/usr/lib/dotnet/packs/Microsoft.AspNetCore.App.Ref/8.0.17/ref/net8.0/Microsoft.AspNetCore.Mvc.DataAnnotations.dll /reference:/usr/lib/dotnet/packs/Microsoft.AspNetCore.App.Ref/8.0.17/ref/net8.0/Microsoft.AspNetCore.Mvc.dll /reference:/usr/lib/dotnet/packs/Microsoft.AspNetCore.App.Ref/8.0.17/ref/net8.0/Microsoft.AspNetCore.Mvc.Formatters.Json.dll /reference:/usr/lib/dotnet/packs/Microsoft.AspNetCore.App.Ref/8.0.17/ref/net8.0/Microsoft.AspNetCore.Mvc.Formatters.Xml.dll /reference:/usr/lib/dotnet/packs/Microsoft.AspNetCore.App.Ref/8.0.17/ref/net8.0/Microsoft.AspNetCore.Mvc.Localization.dll /reference:/usr/lib/dotnet/packs/Microsoft.AspNetCore.App.Ref/8.0.17/ref/net8.0/Microsoft.AspNetCore.Mvc.Razor.dll /reference:/usr/lib/dotnet/packs/Microsoft.AspNetCore.App.Ref/8.0.17/ref/net8.0/Microsoft.AspNetCore.Mvc.RazorPages.dll /reference:/usr/lib/dotnet/packs/Microsoft.AspNetCore.App.Ref/8.0.17/ref/net8.0/Microsoft.AspNetCore.Mvc.TagHelpers.dll /reference:/usr/lib/dotnet/packs/Microsoft.AspNetCore.App.Ref/8.0.17/ref/net8.0/Microsoft.AspNetCore.Mvc.ViewFeatures.dll /reference:/usr/lib/dotnet/packs/Microsoft.AspNetCore.App.Ref/8.0.17/ref/net8.0/Microsoft.AspNetCore.OutputCaching.dll /reference:/usr/lib/dotnet/packs/Microsoft.AspNetCore.App.Ref/8.0.17/ref/net8.0/Microsoft.AspNetCore.RateLimiting.dll /reference:/usr/lib/dotnet/packs/Microsoft.AspNetCore.App.Ref/8.0.17/ref/net8.0/Microsoft.AspNetCore.Razor.dll /reference:/home/thomas/.nuget/packages/microsoft.aspnetcore.razor.language/6.0.24/lib/netstandard2.0/Microsoft.AspNetCore.Razor.Language.dll /reference:/usr/lib/dotnet/packs/Microsoft.AspNetCore.App.Ref/8.0.17/ref/net8.0/Microsoft.AspNetCore.Razor.Runtime.dll /reference:/usr/lib/dotnet/packs/Microsoft.AspNetCore.App.Ref/8.0.17/ref/net8.0/Microsoft.AspNetCore.RequestDecompression.dll /reference:/usr/lib/dotnet/packs/Microsoft.AspNetCore.App.Ref/8.0.17/ref/net8.0/Microsoft.AspNetCore.ResponseCaching.Abstractions.dll /reference:/usr/lib/dotnet/packs/Microsoft.AspNetCore.App.Ref/8.0.17/ref/net8.0/Microsoft.AspNetCore.ResponseCaching.dll /reference:/usr/lib/dotnet/packs/Microsoft.AspNetCore.App.Ref/8.0.17/ref/net8.0/Microsoft.AspNetCore.ResponseCompression.dll /reference:/usr/lib/dotnet/packs/Microsoft.AspNetCore.App.Ref/8.0.17/ref/net8.0/Microsoft.AspNetCore.Rewrite.dll /reference:/usr/lib/dotnet/packs/Microsoft.AspNetCore.App.Ref/8.0.17/ref/net8.0/Microsoft.AspNetCore.Routing.Abstractions.dll /reference:/usr/lib/dotnet/packs/Microsoft.AspNetCore.App.Ref/8.0.17/ref/net8.0/Microsoft.AspNetCore.Routing.dll /reference:/usr/lib/dotnet/packs/Microsoft.AspNetCore.App.Ref/8.0.17/ref/net8.0/Microsoft.AspNetCore.Server.HttpSys.dll /reference:/usr/lib/dotnet/packs/Microsoft.AspNetCore.App.Ref/8.0.17/ref/net8.0/Microsoft.AspNetCore.Server.IIS.dll /reference:/usr/lib/dotnet/packs/Microsoft.AspNetCore.App.Ref/8.0.17/ref/net8.0/Microsoft.AspNetCore.Server.IISIntegration.dll /reference:/usr/lib/dotnet/packs/Microsoft.AspNetCore.App.Ref/8.0.17/ref/net8.0/Microsoft.AspNetCore.Server.Kestrel.Core.dll /reference:/usr/lib/dotnet/packs/Microsoft.AspNetCore.App.Ref/8.0.17/ref/net8.0/Microsoft.AspNetCore.Server.Kestrel.dll /reference:/usr/lib/dotnet/packs/Microsoft.AspNetCore.App.Ref/8.0.17/ref/net8.0/Microsoft.AspNetCore.Server.Kestrel.Transport.NamedPipes.dll /reference:/usr/lib/dotnet/packs/Microsoft.AspNetCore.App.Ref/8.0.17/ref/net8.0/Microsoft.AspNetCore.Server.Kestrel.Transport.Quic.dll /reference:/usr/lib/dotnet/packs/Microsoft.AspNetCore.App.Ref/8.0.17/ref/net8.0/Microsoft.AspNetCore.Server.Kestrel.Transport.Sockets.dll /reference:/usr/lib/dotnet/packs/Microsoft.AspNetCore.App.Ref/8.0.17/ref/net8.0/Microsoft.AspNetCore.Session.dll /reference:/usr/lib/dotnet/packs/Microsoft.AspNetCore.App.Ref/8.0.17/ref/net8.0/Microsoft.AspNetCore.SignalR.Common.dll /reference:/usr/lib/dotnet/packs/Microsoft.AspNetCore.App.Ref/8.0.17/ref/net8.0/Microsoft.AspNetCore.SignalR.Core.dll /reference:/usr/lib/dotnet/packs/Microsoft.AspNetCore.App.Ref/8.0.17/ref/net8.0/Microsoft.AspNetCore.SignalR.dll /reference:/usr/lib/dotnet/packs/Microsoft.AspNetCore.App.Ref/8.0.17/ref/net8.0/Microsoft.AspNetCore.SignalR.Protocols.Json.dll /reference:/usr/lib/dotnet/packs/Microsoft.AspNetCore.App.Ref/8.0.17/ref/net8.0/Microsoft.AspNetCore.StaticFiles.dll /reference:/usr/lib/dotnet/packs/Microsoft.AspNetCore.App.Ref/8.0.17/ref/net8.0/Microsoft.AspNetCore.WebSockets.dll /reference:/usr/lib/dotnet/packs/Microsoft.AspNetCore.App.Ref/8.0.17/ref/net8.0/Microsoft.AspNetCore.WebUtilities.dll /reference:/home/thomas/.nuget/packages/microsoft.bcl.asyncinterfaces/7.0.0/lib/netstandard2.1/Microsoft.Bcl.AsyncInterfaces.dll /reference:/home/thomas/.nuget/packages/microsoft.build/17.7.2/ref/net7.0/Microsoft.Build.dll /reference:/home/thomas/.nuget/packages/microsoft.build.framework/17.7.2/ref/net7.0/Microsoft.Build.Framework.dll /reference:/home/thomas/.nuget/packages/microsoft.codeanalysis.analyzerutilities/3.3.0/lib/netstandard2.0/Microsoft.CodeAnalysis.AnalyzerUtilities.dll /reference:/home/thomas/.nuget/packages/microsoft.codeanalysis.csharp/4.8.0/lib/net7.0/Microsoft.CodeAnalysis.CSharp.dll /reference:/home/thomas/.nuget/packages/microsoft.codeanalysis.csharp.features/4.8.0/lib/net7.0/Microsoft.CodeAnalysis.CSharp.Features.dll /reference:/home/thomas/.nuget/packages/microsoft.codeanalysis.csharp.workspaces/4.8.0/lib/net7.0/Microsoft.CodeAnalysis.CSharp.Workspaces.dll /reference:/home/thomas/.nuget/packages/microsoft.codeanalysis.common/4.8.0/lib/net7.0/Microsoft.CodeAnalysis.dll /reference:/home/thomas/.nuget/packages/microsoft.codeanalysis.elfie/1.0.0/lib/netstandard2.0/Microsoft.CodeAnalysis.Elfie.dll /reference:/home/thomas/.nuget/packages/microsoft.codeanalysis.features/4.8.0/lib/net7.0/Microsoft.CodeAnalysis.Features.dll /reference:/home/thomas/.nuget/packages/microsoft.codeanalysis.razor/6.0.24/lib/netstandard2.0/Microsoft.CodeAnalysis.Razor.dll /reference:/home/thomas/.nuget/packages/microsoft.codeanalysis.scripting.common/4.8.0/lib/net7.0/Microsoft.CodeAnalysis.Scripting.dll /reference:/home/thomas/.nuget/packages/microsoft.codeanalysis.workspaces.common/4.8.0/lib/net7.0/Microsoft.CodeAnalysis.Workspaces.dll /reference:/usr/lib/dotnet/packs/Microsoft.NETCore.App.Ref/8.0.17/ref/net8.0/Microsoft.CSharp.dll /reference:/home/thomas/.nuget/packages/microsoft.data.sqlclient/5.1.1/ref/net6.0/Microsoft.Data.SqlClient.dll /reference:/home/thomas/.nuget/packages/microsoft.diasymreader/2.0.0/lib/netstandard2.0/Microsoft.DiaSymReader.dll /reference:/home/thomas/.nuget/packages/microsoft.dotnet.scaffolding.shared/8.0.0/lib/netstandard2.0/Microsoft.DotNet.Scaffolding.Shared.dll /reference:/home/thomas/.nuget/packages/microsoft.entityframeworkcore.abstractions/8.0.0/lib/net8.0/Microsoft.EntityFrameworkCore.Abstractions.dll /reference:/home/thomas/.nuget/packages/microsoft.entityframeworkcore/8.0.0/lib/net8.0/Microsoft.EntityFrameworkCore.dll /reference:/home/thomas/.nuget/packages/microsoft.entityframeworkcore.relational/8.0.0/lib/net8.0/Microsoft.EntityFrameworkCore.Relational.dll /reference:/home/thomas/.nuget/packages/microsoft.entityframeworkcore.sqlserver/8.0.0/lib/net8.0/Microsoft.EntityFrameworkCore.SqlServer.dll /reference:/usr/lib/dotnet/packs/Microsoft.AspNetCore.App.Ref/8.0.17/ref/net8.0/Microsoft.Extensions.Caching.Abstractions.dll /reference:/usr/lib/dotnet/packs/Microsoft.AspNetCore.App.Ref/8.0.17/ref/net8.0/Microsoft.Extensions.Caching.Memory.dll /reference:/usr/lib/dotnet/packs/Microsoft.AspNetCore.App.Ref/8.0.17/ref/net8.0/Microsoft.Extensions.Configuration.Abstractions.dll /reference:/usr/lib/dotnet/packs/Microsoft.AspNetCore.App.Ref/8.0.17/ref/net8.0/Microsoft.Extensions.Configuration.Binder.dll /reference:/usr/lib/dotnet/packs/Microsoft.AspNetCore.App.Ref/8.0.17/ref/net8.0/Microsoft.Extensions.Configuration.CommandLine.dll /reference:/usr/lib/dotnet/packs/Microsoft.AspNetCore.App.Ref/8.0.17/ref/net8.0/Microsoft.Extensions.Configuration.dll /reference:/usr/lib/dotnet/packs/Microsoft.AspNetCore.App.Ref/8.0.17/ref/net8.0/Microsoft.Extensions.Configuration.EnvironmentVariables.dll /reference:/usr/lib/dotnet/packs/Microsoft.AspNetCore.App.Ref/8.0.17/ref/net8.0/Microsoft.Extensions.Configuration.FileExtensions.dll /reference:/usr/lib/dotnet/packs/Microsoft.AspNetCore.App.Ref/8.0.17/ref/net8.0/Microsoft.Extensions.Configuration.Ini.dll /reference:/usr/lib/dotnet/packs/Microsoft.AspNetCore.App.Ref/8.0.17/ref/net8.0/Microsoft.Extensions.Configuration.Json.dll /reference:/usr/lib/dotnet/packs/Microsoft.AspNetCore.App.Ref/8.0.17/ref/net8.0/Microsoft.Extensions.Configuration.KeyPerFile.dll /reference:/usr/lib/dotnet/packs/Microsoft.AspNetCore.App.Ref/8.0.17/ref/net8.0/Microsoft.Extensions.Configuration.UserSecrets.dll /reference:/usr/lib/dotnet/packs/Microsoft.AspNetCore.App.Ref/8.0.17/ref/net8.0/Microsoft.Extensions.Configuration.Xml.dll /reference:/usr/lib/dotnet/packs/Microsoft.AspNetCore.App.Ref/8.0.17/ref/net8.0/Microsoft.Extensions.DependencyInjection.Abstractions.dll /reference:/usr/lib/dotnet/packs/Microsoft.AspNetCore.App.Ref/8.0.17/ref/net8.0/Microsoft.Extensions.DependencyInjection.dll /reference:/home/thomas/.nuget/packages/microsoft.extensions.dependencymodel/8.0.0/lib/net8.0/Microsoft.Extensions.DependencyModel.dll /reference:/usr/lib/dotnet/packs/Microsoft.AspNetCore.App.Ref/8.0.17/ref/net8.0/Microsoft.Extensions.Diagnostics.Abstractions.dll /reference:/usr/lib/dotnet/packs/Microsoft.AspNetCore.App.Ref/8.0.17/ref/net8.0/Microsoft.Extensions.Diagnostics.dll /reference:/usr/lib/dotnet/packs/Microsoft.AspNetCore.App.Ref/8.0.17/ref/net8.0/Microsoft.Extensions.Diagnostics.HealthChecks.Abstractions.dll /reference:/usr/lib/dotnet/packs/Microsoft.AspNetCore.App.Ref/8.0.17/ref/net8.0/Microsoft.Extensions.Diagnostics.HealthChecks.dll /reference:/usr/lib/dotnet/packs/Microsoft.AspNetCore.App.Ref/8.0.17/ref/net8.0/Microsoft.Extensions.Features.dll /reference:/usr/lib/dotnet/packs/Microsoft.AspNetCore.App.Ref/8.0.17/ref/net8.0/Microsoft.Extensions.FileProviders.Abstractions.dll /reference:/usr/lib/dotnet/packs/Microsoft.AspNetCore.App.Ref/8.0.17/ref/net8.0/Microsoft.Extensions.FileProviders.Composite.dll /reference:/usr/lib/dotnet/packs/Microsoft.AspNetCore.App.Ref/8.0.17/ref/net8.0/Microsoft.Extensions.FileProviders.Embedded.dll /reference:/usr/lib/dotnet/packs/Microsoft.AspNetCore.App.Ref/8.0.17/ref/net8.0/Microsoft.Extensions.FileProviders.Physical.dll /reference:/usr/lib/dotnet/packs/Microsoft.AspNetCore.App.Ref/8.0.17/ref/net8.0/Microsoft.Extensions.FileSystemGlobbing.dll /reference:/usr/lib/dotnet/packs/Microsoft.AspNetCore.App.Ref/8.0.17/ref/net8.0/Microsoft.Extensions.Hosting.Abstractions.dll /reference:/usr/lib/dotnet/packs/Microsoft.AspNetCore.App.Ref/8.0.17/ref/net8.0/Microsoft.Extensions.Hosting.dll /reference:/usr/lib/dotnet/packs/Microsoft.AspNetCore.App.Ref/8.0.17/ref/net8.0/Microsoft.Extensions.Http.dll /reference:/usr/lib/dotnet/packs/Microsoft.AspNetCore.App.Ref/8.0.17/ref/net8.0/Microsoft.Extensions.Identity.Core.dll /reference:/usr/lib/dotnet/packs/Microsoft.AspNetCore.App.Ref/8.0.17/ref/net8.0/Microsoft.Extensions.Identity.Stores.dll /reference:/usr/lib/dotnet/packs/Microsoft.AspNetCore.App.Ref/8.0.17/ref/net8.0/Microsoft.Extensions.Localization.Abstractions.dll /reference:/usr/lib/dotnet/packs/Microsoft.AspNetCore.App.Ref/8.0.17/ref/net8.0/Microsoft.Extensions.Localization.dll /reference:/usr/lib/dotnet/packs/Microsoft.AspNetCore.App.Ref/8.0.17/ref/net8.0/Microsoft.Extensions.Logging.Abstractions.dll /reference:/usr/lib/dotnet/packs/Microsoft.AspNetCore.App.Ref/8.0.17/ref/net8.0/Microsoft.Extensions.Logging.Configuration.dll /reference:/usr/lib/dotnet/packs/Microsoft.AspNetCore.App.Ref/8.0.17/ref/net8.0/Microsoft.Extensions.Logging.Console.dll /reference:/usr/lib/dotnet/packs/Microsoft.AspNetCore.App.Ref/8.0.17/ref/net8.0/Microsoft.Extensions.Logging.Debug.dll /reference:/usr/lib/dotnet/packs/Microsoft.AspNetCore.App.Ref/8.0.17/ref/net8.0/Microsoft.Extensions.Logging.dll /reference:/usr/lib/dotnet/packs/Microsoft.AspNetCore.App.Ref/8.0.17/ref/net8.0/Microsoft.Extensions.Logging.EventLog.dll /reference:/usr/lib/dotnet/packs/Microsoft.AspNetCore.App.Ref/8.0.17/ref/net8.0/Microsoft.Extensions.Logging.EventSource.dll /reference:/usr/lib/dotnet/packs/Microsoft.AspNetCore.App.Ref/8.0.17/ref/net8.0/Microsoft.Extensions.Logging.TraceSource.dll /reference:/usr/lib/dotnet/packs/Microsoft.AspNetCore.App.Ref/8.0.17/ref/net8.0/Microsoft.Extensions.ObjectPool.dll /reference:/usr/lib/dotnet/packs/Microsoft.AspNetCore.App.Ref/8.0.17/ref/net8.0/Microsoft.Extensions.Options.ConfigurationExtensions.dll /reference:/usr/lib/dotnet/packs/Microsoft.AspNetCore.App.Ref/8.0.17/ref/net8.0/Microsoft.Extensions.Options.DataAnnotations.dll /reference:/usr/lib/dotnet/packs/Microsoft.AspNetCore.App.Ref/8.0.17/ref/net8.0/Microsoft.Extensions.Options.dll /reference:/usr/lib/dotnet/packs/Microsoft.AspNetCore.App.Ref/8.0.17/ref/net8.0/Microsoft.Extensions.Primitives.dll /reference:/usr/lib/dotnet/packs/Microsoft.AspNetCore.App.Ref/8.0.17/ref/net8.0/Microsoft.Extensions.WebEncoders.dll /reference:/home/thomas/.nuget/packages/microsoft.identity.client/4.47.2/lib/netcoreapp2.1/Microsoft.Identity.Client.dll /reference:/home/thomas/.nuget/packages/microsoft.identity.client.extensions.msal/2.19.3/lib/netcoreapp2.1/Microsoft.Identity.Client.Extensions.Msal.dll /reference:/home/thomas/.nuget/packages/microsoft.identitymodel.abstractions/6.24.0/lib/net6.0/Microsoft.IdentityModel.Abstractions.dll /reference:/home/thomas/.nuget/packages/microsoft.identitymodel.jsonwebtokens/6.24.0/lib/net6.0/Microsoft.IdentityModel.JsonWebTokens.dll /reference:/home/thomas/.nuget/packages/microsoft.identitymodel.logging/6.24.0/lib/net6.0/Microsoft.IdentityModel.Logging.dll /reference:/home/thomas/.nuget/packages/microsoft.identitymodel.protocols/6.24.0/lib/net6.0/Microsoft.IdentityModel.Protocols.dll /reference:/home/thomas/.nuget/packages/microsoft.identitymodel.protocols.openidconnect/6.24.0/lib/net6.0/Microsoft.IdentityModel.Protocols.OpenIdConnect.dll /reference:/home/thomas/.nuget/packages/microsoft.identitymodel.tokens/6.24.0/lib/net6.0/Microsoft.IdentityModel.Tokens.dll /reference:/usr/lib/dotnet/packs/Microsoft.AspNetCore.App.Ref/8.0.17/ref/net8.0/Microsoft.JSInterop.dll /reference:/usr/lib/dotnet/packs/Microsoft.AspNetCore.App.Ref/8.0.17/ref/net8.0/Microsoft.Net.Http.Headers.dll /reference:/home/thomas/.nuget/packages/microsoft.net.stringtools/17.7.2/ref/net7.0/Microsoft.NET.StringTools.dll /reference:/home/thomas/.nuget/packages/microsoft.sqlserver.server/1.0.0/lib/netstandard2.0/Microsoft.SqlServer.Server.dll /reference:/usr/lib/dotnet/packs/Microsoft.NETCore.App.Ref/8.0.17/ref/net8.0/Microsoft.VisualBasic.Core.dll /reference:/usr/lib/dotnet/packs/Microsoft.NETCore.App.Ref/8.0.17/ref/net8.0/Microsoft.VisualBasic.dll /reference:/home/thomas/.nuget/packages/microsoft.visualstudio.web.browserlink/2.2.0/lib/netstandard2.0/Microsoft.VisualStudio.Web.BrowserLink.dll /reference:/home/thomas/.nuget/packages/microsoft.visualstudio.web.codegeneration.core/8.0.0/lib/net8.0/Microsoft.VisualStudio.Web.CodeGeneration.Core.dll /reference:/home/thomas/.nuget/packages/microsoft.visualstudio.web.codegeneration/8.0.0/lib/net8.0/Microsoft.VisualStudio.Web.CodeGeneration.dll /reference:/home/thomas/.nuget/packages/microsoft.visualstudio.web.codegeneration.entityframeworkcore/8.0.0/lib/net8.0/Microsoft.VisualStudio.Web.CodeGeneration.EntityFrameworkCore.dll /reference:/home/thomas/.nuget/packages/microsoft.visualstudio.web.codegeneration.templating/8.0.0/lib/net8.0/Microsoft.VisualStudio.Web.CodeGeneration.Templating.dll /reference:/home/thomas/.nuget/packages/microsoft.visualstudio.web.codegeneration.utils/8.0.0/lib/net8.0/Microsoft.VisualStudio.Web.CodeGeneration.Utils.dll /reference:/home/thomas/.nuget/packages/microsoft.visualstudio.web.codegenerators.mvc/8.0.0/lib/net8.0/Microsoft.VisualStudio.Web.CodeGenerators.Mvc.dll /reference:/usr/lib/dotnet/packs/Microsoft.NETCore.App.Ref/8.0.17/ref/net8.0/Microsoft.Win32.Primitives.dll /reference:/usr/lib/dotnet/packs/Microsoft.NETCore.App.Ref/8.0.17/ref/net8.0/Microsoft.Win32.Registry.dll /reference:/home/thomas/.nuget/packages/microsoft.win32.systemevents/7.0.0/lib/net7.0/Microsoft.Win32.SystemEvents.dll /reference:/home/thomas/.nuget/packages/mono.texttemplating/2.3.1/lib/netcoreapp3.1/Mono.TextTemplating.dll /reference:/usr/lib/dotnet/packs/Microsoft.NETCore.App.Ref/8.0.17/ref/net8.0/mscorlib.dll /reference:/usr/lib/dotnet/packs/Microsoft.NETCore.App.Ref/8.0.17/ref/net8.0/netstandard.dll /reference:/home/thomas/.nuget/packages/newtonsoft.json/13.0.3/lib/net6.0/Newtonsoft.Json.dll /reference:/home/thomas/.nuget/packages/nlog/5.2.8/lib/netstandard2.0/NLog.dll /reference:/home/thomas/.nuget/packages/nlog.extensions.logging/5.3.8/lib/net8.0/NLog.Extensions.Logging.dll /reference:/home/thomas/.nuget/packages/nlog.web.aspnetcore/5.3.8/lib/net8.0/NLog.Web.AspNetCore.dll /reference:/home/thomas/.nuget/packages/npgsql/8.0.0/lib/net8.0/Npgsql.dll /reference:/home/thomas/.nuget/packages/npgsql.entityframeworkcore.postgresql/8.0.0/lib/net8.0/Npgsql.EntityFrameworkCore.PostgreSQL.dll /reference:/home/thomas/.nuget/packages/nuget.common/6.3.1/lib/netstandard2.0/NuGet.Common.dll /reference:/home/thomas/.nuget/packages/nuget.configuration/6.3.1/lib/netstandard2.0/NuGet.Configuration.dll /reference:/home/thomas/.nuget/packages/nuget.dependencyresolver.core/6.3.1/lib/net5.0/NuGet.DependencyResolver.Core.dll /reference:/home/thomas/.nuget/packages/nuget.frameworks/6.3.1/lib/netstandard2.0/NuGet.Frameworks.dll /reference:/home/thomas/.nuget/packages/nuget.librarymodel/6.3.1/lib/netstandard2.0/NuGet.LibraryModel.dll /reference:/home/thomas/.nuget/packages/nuget.packaging/6.3.1/lib/net5.0/NuGet.Packaging.dll /reference:/home/thomas/.nuget/packages/nuget.projectmodel/6.3.1/lib/net5.0/NuGet.ProjectModel.dll /reference:/home/thomas/.nuget/packages/nuget.protocol/6.3.1/lib/net5.0/NuGet.Protocol.dll /reference:/home/thomas/.nuget/packages/nuget.versioning/6.3.1/lib/netstandard2.0/NuGet.Versioning.dll /reference:/home/thomas/.nuget/packages/sendgrid/9.29.3/lib/netstandard2.0/SendGrid.dll /reference:/home/thomas/.nuget/packages/starkbank-ecdsa/1.3.3/lib/netstandard2.1/StarkbankEcdsa.dll /reference:/usr/lib/dotnet/packs/Microsoft.NETCore.App.Ref/8.0.17/ref/net8.0/System.AppContext.dll /reference:/usr/lib/dotnet/packs/Microsoft.NETCore.App.Ref/8.0.17/ref/net8.0/System.Buffers.dll /reference:/home/thomas/.nuget/packages/system.codedom/5.0.0/ref/netstandard2.0/System.CodeDom.dll /reference:/usr/lib/dotnet/packs/Microsoft.NETCore.App.Ref/8.0.17/ref/net8.0/System.Collections.Concurrent.dll /reference:/usr/lib/dotnet/packs/Microsoft.NETCore.App.Ref/8.0.17/ref/net8.0/System.Collections.dll /reference:/usr/lib/dotnet/packs/Microsoft.NETCore.App.Ref/8.0.17/ref/net8.0/System.Collections.Immutable.dll /reference:/usr/lib/dotnet/packs/Microsoft.NETCore.App.Ref/8.0.17/ref/net8.0/System.Collections.NonGeneric.dll /reference:/usr/lib/dotnet/packs/Microsoft.NETCore.App.Ref/8.0.17/ref/net8.0/System.Collections.Specialized.dll /reference:/usr/lib/dotnet/packs/Microsoft.NETCore.App.Ref/8.0.17/ref/net8.0/System.ComponentModel.Annotations.dll /reference:/usr/lib/dotnet/packs/Microsoft.NETCore.App.Ref/8.0.17/ref/net8.0/System.ComponentModel.DataAnnotations.dll /reference:/usr/lib/dotnet/packs/Microsoft.NETCore.App.Ref/8.0.17/ref/net8.0/System.ComponentModel.dll /reference:/usr/lib/dotnet/packs/Microsoft.NETCore.App.Ref/8.0.17/ref/net8.0/System.ComponentModel.EventBasedAsync.dll /reference:/usr/lib/dotnet/packs/Microsoft.NETCore.App.Ref/8.0.17/ref/net8.0/System.ComponentModel.Primitives.dll /reference:/usr/lib/dotnet/packs/Microsoft.NETCore.App.Ref/8.0.17/ref/net8.0/System.ComponentModel.TypeConverter.dll /reference:/home/thomas/.nuget/packages/system.composition.attributedmodel/7.0.0/lib/net7.0/System.Composition.AttributedModel.dll /reference:/home/thomas/.nuget/packages/system.composition.convention/7.0.0/lib/net7.0/System.Composition.Convention.dll /reference:/home/thomas/.nuget/packages/system.composition.hosting/7.0.0/lib/net7.0/System.Composition.Hosting.dll /reference:/home/thomas/.nuget/packages/system.composition.runtime/7.0.0/lib/net7.0/System.Composition.Runtime.dll /reference:/home/thomas/.nuget/packages/system.composition.typedparts/7.0.0/lib/net7.0/System.Composition.TypedParts.dll /reference:/home/thomas/.nuget/packages/system.configuration.configurationmanager/7.0.0/lib/net7.0/System.Configuration.ConfigurationManager.dll /reference:/usr/lib/dotnet/packs/Microsoft.NETCore.App.Ref/8.0.17/ref/net8.0/System.Configuration.dll /reference:/usr/lib/dotnet/packs/Microsoft.NETCore.App.Ref/8.0.17/ref/net8.0/System.Console.dll /reference:/usr/lib/dotnet/packs/Microsoft.NETCore.App.Ref/8.0.17/ref/net8.0/System.Core.dll /reference:/usr/lib/dotnet/packs/Microsoft.NETCore.App.Ref/8.0.17/ref/net8.0/System.Data.Common.dll /reference:/usr/lib/dotnet/packs/Microsoft.NETCore.App.Ref/8.0.17/ref/net8.0/System.Data.DataSetExtensions.dll /reference:/usr/lib/dotnet/packs/Microsoft.NETCore.App.Ref/8.0.17/ref/net8.0/System.Data.dll /reference:/usr/lib/dotnet/packs/Microsoft.NETCore.App.Ref/8.0.17/ref/net8.0/System.Diagnostics.Contracts.dll /reference:/usr/lib/dotnet/packs/Microsoft.NETCore.App.Ref/8.0.17/ref/net8.0/System.Diagnostics.Debug.dll /reference:/usr/lib/dotnet/packs/Microsoft.NETCore.App.Ref/8.0.17/ref/net8.0/System.Diagnostics.DiagnosticSource.dll /reference:/usr/lib/dotnet/packs/Microsoft.AspNetCore.App.Ref/8.0.17/ref/net8.0/System.Diagnostics.EventLog.dll /reference:/usr/lib/dotnet/packs/Microsoft.NETCore.App.Ref/8.0.17/ref/net8.0/System.Diagnostics.FileVersionInfo.dll /reference:/usr/lib/dotnet/packs/Microsoft.NETCore.App.Ref/8.0.17/ref/net8.0/System.Diagnostics.Process.dll /reference:/usr/lib/dotnet/packs/Microsoft.NETCore.App.Ref/8.0.17/ref/net8.0/System.Diagnostics.StackTrace.dll /reference:/usr/lib/dotnet/packs/Microsoft.NETCore.App.Ref/8.0.17/ref/net8.0/System.Diagnostics.TextWriterTraceListener.dll /reference:/usr/lib/dotnet/packs/Microsoft.NETCore.App.Ref/8.0.17/ref/net8.0/System.Diagnostics.Tools.dll /reference:/usr/lib/dotnet/packs/Microsoft.NETCore.App.Ref/8.0.17/ref/net8.0/System.Diagnostics.TraceSource.dll /reference:/usr/lib/dotnet/packs/Microsoft.NETCore.App.Ref/8.0.17/ref/net8.0/System.Diagnostics.Tracing.dll /reference:/usr/lib/dotnet/packs/Microsoft.NETCore.App.Ref/8.0.17/ref/net8.0/System.dll /reference:/home/thomas/.nuget/packages/system.drawing.common/7.0.0/lib/net7.0/System.Drawing.Common.dll /reference:/usr/lib/dotnet/packs/Microsoft.NETCore.App.Ref/8.0.17/ref/net8.0/System.Drawing.dll /reference:/usr/lib/dotnet/packs/Microsoft.NETCore.App.Ref/8.0.17/ref/net8.0/System.Drawing.Primitives.dll /reference:/usr/lib/dotnet/packs/Microsoft.NETCore.App.Ref/8.0.17/ref/net8.0/System.Dynamic.Runtime.dll /reference:/usr/lib/dotnet/packs/Microsoft.NETCore.App.Ref/8.0.17/ref/net8.0/System.Formats.Asn1.dll /reference:/usr/lib/dotnet/packs/Microsoft.NETCore.App.Ref/8.0.17/ref/net8.0/System.Formats.Tar.dll /reference:/usr/lib/dotnet/packs/Microsoft.NETCore.App.Ref/8.0.17/ref/net8.0/System.Globalization.Calendars.dll /reference:/usr/lib/dotnet/packs/Microsoft.NETCore.App.Ref/8.0.17/ref/net8.0/System.Globalization.dll /reference:/usr/lib/dotnet/packs/Microsoft.NETCore.App.Ref/8.0.17/ref/net8.0/System.Globalization.Extensions.dll /reference:/home/thomas/.nuget/packages/system.identitymodel.tokens.jwt/6.24.0/lib/net6.0/System.IdentityModel.Tokens.Jwt.dll /reference:/usr/lib/dotnet/packs/Microsoft.NETCore.App.Ref/8.0.17/ref/net8.0/System.IO.Compression.Brotli.dll /reference:/usr/lib/dotnet/packs/Microsoft.NETCore.App.Ref/8.0.17/ref/net8.0/System.IO.Compression.dll /reference:/usr/lib/dotnet/packs/Microsoft.NETCore.App.Ref/8.0.17/ref/net8.0/System.IO.Compression.FileSystem.dll /reference:/usr/lib/dotnet/packs/Microsoft.NETCore.App.Ref/8.0.17/ref/net8.0/System.IO.Compression.ZipFile.dll /reference:/usr/lib/dotnet/packs/Microsoft.NETCore.App.Ref/8.0.17/ref/net8.0/System.IO.dll /reference:/usr/lib/dotnet/packs/Microsoft.NETCore.App.Ref/8.0.17/ref/net8.0/System.IO.FileSystem.AccessControl.dll /reference:/usr/lib/dotnet/packs/Microsoft.NETCore.App.Ref/8.0.17/ref/net8.0/System.IO.FileSystem.dll /reference:/usr/lib/dotnet/packs/Microsoft.NETCore.App.Ref/8.0.17/ref/net8.0/System.IO.FileSystem.DriveInfo.dll /reference:/usr/lib/dotnet/packs/Microsoft.NETCore.App.Ref/8.0.17/ref/net8.0/System.IO.FileSystem.Primitives.dll /reference:/usr/lib/dotnet/packs/Microsoft.NETCore.App.Ref/8.0.17/ref/net8.0/System.IO.FileSystem.Watcher.dll /reference:/usr/lib/dotnet/packs/Microsoft.NETCore.App.Ref/8.0.17/ref/net8.0/System.IO.IsolatedStorage.dll /reference:/usr/lib/dotnet/packs/Microsoft.NETCore.App.Ref/8.0.17/ref/net8.0/System.IO.MemoryMappedFiles.dll /reference:/usr/lib/dotnet/packs/Microsoft.AspNetCore.App.Ref/8.0.17/ref/net8.0/System.IO.Pipelines.dll /reference:/usr/lib/dotnet/packs/Microsoft.NETCore.App.Ref/8.0.17/ref/net8.0/System.IO.Pipes.AccessControl.dll /reference:/usr/lib/dotnet/packs/Microsoft.NETCore.App.Ref/8.0.17/ref/net8.0/System.IO.Pipes.dll /reference:/usr/lib/dotnet/packs/Microsoft.NETCore.App.Ref/8.0.17/ref/net8.0/System.IO.UnmanagedMemoryStream.dll /reference:/usr/lib/dotnet/packs/Microsoft.NETCore.App.Ref/8.0.17/ref/net8.0/System.Linq.dll /reference:/usr/lib/dotnet/packs/Microsoft.NETCore.App.Ref/8.0.17/ref/net8.0/System.Linq.Expressions.dll /reference:/usr/lib/dotnet/packs/Microsoft.NETCore.App.Ref/8.0.17/ref/net8.0/System.Linq.Parallel.dll /reference:/usr/lib/dotnet/packs/Microsoft.NETCore.App.Ref/8.0.17/ref/net8.0/System.Linq.Queryable.dll /reference:/home/thomas/.nuget/packages/system.memory.data/1.0.2/lib/netstandard2.0/System.Memory.Data.dll /reference:/usr/lib/dotnet/packs/Microsoft.NETCore.App.Ref/8.0.17/ref/net8.0/System.Memory.dll /reference:/usr/lib/dotnet/packs/Microsoft.NETCore.App.Ref/8.0.17/ref/net8.0/System.Net.dll /reference:/usr/lib/dotnet/packs/Microsoft.NETCore.App.Ref/8.0.17/ref/net8.0/System.Net.Http.dll /reference:/usr/lib/dotnet/packs/Microsoft.NETCore.App.Ref/8.0.17/ref/net8.0/System.Net.Http.Json.dll /reference:/usr/lib/dotnet/packs/Microsoft.NETCore.App.Ref/8.0.17/ref/net8.0/System.Net.HttpListener.dll /reference:/usr/lib/dotnet/packs/Microsoft.NETCore.App.Ref/8.0.17/ref/net8.0/System.Net.Mail.dll /reference:/usr/lib/dotnet/packs/Microsoft.NETCore.App.Ref/8.0.17/ref/net8.0/System.Net.NameResolution.dll /reference:/usr/lib/dotnet/packs/Microsoft.NETCore.App.Ref/8.0.17/ref/net8.0/System.Net.NetworkInformation.dll /reference:/usr/lib/dotnet/packs/Microsoft.NETCore.App.Ref/8.0.17/ref/net8.0/System.Net.Ping.dll /reference:/usr/lib/dotnet/packs/Microsoft.NETCore.App.Ref/8.0.17/ref/net8.0/System.Net.Primitives.dll /reference:/usr/lib/dotnet/packs/Microsoft.NETCore.App.Ref/8.0.17/ref/net8.0/System.Net.Quic.dll /reference:/usr/lib/dotnet/packs/Microsoft.NETCore.App.Ref/8.0.17/ref/net8.0/System.Net.Requests.dll /reference:/usr/lib/dotnet/packs/Microsoft.NETCore.App.Ref/8.0.17/ref/net8.0/System.Net.Security.dll /reference:/usr/lib/dotnet/packs/Microsoft.NETCore.App.Ref/8.0.17/ref/net8.0/System.Net.ServicePoint.dll /reference:/usr/lib/dotnet/packs/Microsoft.NETCore.App.Ref/8.0.17/ref/net8.0/System.Net.Sockets.dll /reference:/usr/lib/dotnet/packs/Microsoft.NETCore.App.Ref/8.0.17/ref/net8.0/System.Net.WebClient.dll /reference:/usr/lib/dotnet/packs/Microsoft.NETCore.App.Ref/8.0.17/ref/net8.0/System.Net.WebHeaderCollection.dll /reference:/usr/lib/dotnet/packs/Microsoft.NETCore.App.Ref/8.0.17/ref/net8.0/System.Net.WebProxy.dll /reference:/usr/lib/dotnet/packs/Microsoft.NETCore.App.Ref/8.0.17/ref/net8.0/System.Net.WebSockets.Client.dll /reference:/usr/lib/dotnet/packs/Microsoft.NETCore.App.Ref/8.0.17/ref/net8.0/System.Net.WebSockets.dll /reference:/usr/lib/dotnet/packs/Microsoft.NETCore.App.Ref/8.0.17/ref/net8.0/System.Numerics.dll /reference:/usr/lib/dotnet/packs/Microsoft.NETCore.App.Ref/8.0.17/ref/net8.0/System.Numerics.Vectors.dll /reference:/usr/lib/dotnet/packs/Microsoft.NETCore.App.Ref/8.0.17/ref/net8.0/System.ObjectModel.dll /reference:/usr/lib/dotnet/packs/Microsoft.NETCore.App.Ref/8.0.17/ref/net8.0/System.Reflection.DispatchProxy.dll /reference:/usr/lib/dotnet/packs/Microsoft.NETCore.App.Ref/8.0.17/ref/net8.0/System.Reflection.dll /reference:/usr/lib/dotnet/packs/Microsoft.NETCore.App.Ref/8.0.17/ref/net8.0/System.Reflection.Emit.dll /reference:/usr/lib/dotnet/packs/Microsoft.NETCore.App.Ref/8.0.17/ref/net8.0/System.Reflection.Emit.ILGeneration.dll /reference:/usr/lib/dotnet/packs/Microsoft.NETCore.App.Ref/8.0.17/ref/net8.0/System.Reflection.Emit.Lightweight.dll /reference:/usr/lib/dotnet/packs/Microsoft.NETCore.App.Ref/8.0.17/ref/net8.0/System.Reflection.Extensions.dll /reference:/usr/lib/dotnet/packs/Microsoft.NETCore.App.Ref/8.0.17/ref/net8.0/System.Reflection.Metadata.dll /reference:/home/thomas/.nuget/packages/system.reflection.metadataloadcontext/7.0.0/lib/net7.0/System.Reflection.MetadataLoadContext.dll /reference:/usr/lib/dotnet/packs/Microsoft.NETCore.App.Ref/8.0.17/ref/net8.0/System.Reflection.Primitives.dll /reference:/usr/lib/dotnet/packs/Microsoft.NETCore.App.Ref/8.0.17/ref/net8.0/System.Reflection.TypeExtensions.dll /reference:/usr/lib/dotnet/packs/Microsoft.NETCore.App.Ref/8.0.17/ref/net8.0/System.Resources.Reader.dll /reference:/usr/lib/dotnet/packs/Microsoft.NETCore.App.Ref/8.0.17/ref/net8.0/System.Resources.ResourceManager.dll /reference:/usr/lib/dotnet/packs/Microsoft.NETCore.App.Ref/8.0.17/ref/net8.0/System.Resources.Writer.dll /reference:/usr/lib/dotnet/packs/Microsoft.NETCore.App.Ref/8.0.17/ref/net8.0/System.Runtime.CompilerServices.Unsafe.dll /reference:/usr/lib/dotnet/packs/Microsoft.NETCore.App.Ref/8.0.17/ref/net8.0/System.Runtime.CompilerServices.VisualC.dll /reference:/usr/lib/dotnet/packs/Microsoft.NETCore.App.Ref/8.0.17/ref/net8.0/System.Runtime.dll /reference:/usr/lib/dotnet/packs/Microsoft.NETCore.App.Ref/8.0.17/ref/net8.0/System.Runtime.Extensions.dll /reference:/usr/lib/dotnet/packs/Microsoft.NETCore.App.Ref/8.0.17/ref/net8.0/System.Runtime.Handles.dll /reference:/usr/lib/dotnet/packs/Microsoft.NETCore.App.Ref/8.0.17/ref/net8.0/System.Runtime.InteropServices.dll /reference:/usr/lib/dotnet/packs/Microsoft.NETCore.App.Ref/8.0.17/ref/net8.0/System.Runtime.InteropServices.JavaScript.dll /reference:/usr/lib/dotnet/packs/Microsoft.NETCore.App.Ref/8.0.17/ref/net8.0/System.Runtime.InteropServices.RuntimeInformation.dll /reference:/usr/lib/dotnet/packs/Microsoft.NETCore.App.Ref/8.0.17/ref/net8.0/System.Runtime.Intrinsics.dll /reference:/usr/lib/dotnet/packs/Microsoft.NETCore.App.Ref/8.0.17/ref/net8.0/System.Runtime.Loader.dll /reference:/usr/lib/dotnet/packs/Microsoft.NETCore.App.Ref/8.0.17/ref/net8.0/System.Runtime.Numerics.dll /reference:/usr/lib/dotnet/packs/Microsoft.NETCore.App.Ref/8.0.17/ref/net8.0/System.Runtime.Serialization.dll /reference:/usr/lib/dotnet/packs/Microsoft.NETCore.App.Ref/8.0.17/ref/net8.0/System.Runtime.Serialization.Formatters.dll /reference:/usr/lib/dotnet/packs/Microsoft.NETCore.App.Ref/8.0.17/ref/net8.0/System.Runtime.Serialization.Json.dll /reference:/usr/lib/dotnet/packs/Microsoft.NETCore.App.Ref/8.0.17/ref/net8.0/System.Runtime.Serialization.Primitives.dll /reference:/usr/lib/dotnet/packs/Microsoft.NETCore.App.Ref/8.0.17/ref/net8.0/System.Runtime.Serialization.Xml.dll /reference:/usr/lib/dotnet/packs/Microsoft.NETCore.App.Ref/8.0.17/ref/net8.0/System.Security.AccessControl.dll /reference:/usr/lib/dotnet/packs/Microsoft.NETCore.App.Ref/8.0.17/ref/net8.0/System.Security.Claims.dll /reference:/usr/lib/dotnet/packs/Microsoft.NETCore.App.Ref/8.0.17/ref/net8.0/System.Security.Cryptography.Algorithms.dll /reference:/usr/lib/dotnet/packs/Microsoft.NETCore.App.Ref/8.0.17/ref/net8.0/System.Security.Cryptography.Cng.dll /reference:/usr/lib/dotnet/packs/Microsoft.NETCore.App.Ref/8.0.17/ref/net8.0/System.Security.Cryptography.Csp.dll /reference:/usr/lib/dotnet/packs/Microsoft.NETCore.App.Ref/8.0.17/ref/net8.0/System.Security.Cryptography.dll /reference:/usr/lib/dotnet/packs/Microsoft.NETCore.App.Ref/8.0.17/ref/net8.0/System.Security.Cryptography.Encoding.dll /reference:/usr/lib/dotnet/packs/Microsoft.NETCore.App.Ref/8.0.17/ref/net8.0/System.Security.Cryptography.OpenSsl.dll /reference:/home/thomas/.nuget/packages/system.security.cryptography.pkcs/5.0.0/ref/netcoreapp3.0/System.Security.Cryptography.Pkcs.dll /reference:/usr/lib/dotnet/packs/Microsoft.NETCore.App.Ref/8.0.17/ref/net8.0/System.Security.Cryptography.Primitives.dll /reference:/home/thomas/.nuget/packages/system.security.cryptography.protecteddata/7.0.0/lib/net7.0/System.Security.Cryptography.ProtectedData.dll /reference:/usr/lib/dotnet/packs/Microsoft.NETCore.App.Ref/8.0.17/ref/net8.0/System.Security.Cryptography.X509Certificates.dll /reference:/usr/lib/dotnet/packs/Microsoft.AspNetCore.App.Ref/8.0.17/ref/net8.0/System.Security.Cryptography.Xml.dll /reference:/usr/lib/dotnet/packs/Microsoft.NETCore.App.Ref/8.0.17/ref/net8.0/System.Security.dll /reference:/home/thomas/.nuget/packages/system.security.permissions/7.0.0/lib/net7.0/System.Security.Permissions.dll /reference:/usr/lib/dotnet/packs/Microsoft.NETCore.App.Ref/8.0.17/ref/net8.0/System.Security.Principal.dll /reference:/usr/lib/dotnet/packs/Microsoft.NETCore.App.Ref/8.0.17/ref/net8.0/System.Security.Principal.Windows.dll /reference:/usr/lib/dotnet/packs/Microsoft.NETCore.App.Ref/8.0.17/ref/net8.0/System.Security.SecureString.dll /reference:/usr/lib/dotnet/packs/Microsoft.NETCore.App.Ref/8.0.17/ref/net8.0/System.ServiceModel.Web.dll /reference:/usr/lib/dotnet/packs/Microsoft.NETCore.App.Ref/8.0.17/ref/net8.0/System.ServiceProcess.dll /reference:/usr/lib/dotnet/packs/Microsoft.NETCore.App.Ref/8.0.17/ref/net8.0/System.Text.Encoding.CodePages.dll /reference:/usr/lib/dotnet/packs/Microsoft.NETCore.App.Ref/8.0.17/ref/net8.0/System.Text.Encoding.dll /reference:/usr/lib/dotnet/packs/Microsoft.NETCore.App.Ref/8.0.17/ref/net8.0/System.Text.Encoding.Extensions.dll /reference:/usr/lib/dotnet/packs/Microsoft.NETCore.App.Ref/8.0.17/ref/net8.0/System.Text.Encodings.Web.dll /reference:/usr/lib/dotnet/packs/Microsoft.NETCore.App.Ref/8.0.17/ref/net8.0/System.Text.Json.dll /reference:/usr/lib/dotnet/packs/Microsoft.NETCore.App.Ref/8.0.17/ref/net8.0/System.Text.RegularExpressions.dll /reference:/usr/lib/dotnet/packs/Microsoft.NETCore.App.Ref/8.0.17/ref/net8.0/System.Threading.Channels.dll /reference:/usr/lib/dotnet/packs/Microsoft.NETCore.App.Ref/8.0.17/ref/net8.0/System.Threading.dll /reference:/usr/lib/dotnet/packs/Microsoft.NETCore.App.Ref/8.0.17/ref/net8.0/System.Threading.Overlapped.dll /reference:/usr/lib/dotnet/packs/Microsoft.AspNetCore.App.Ref/8.0.17/ref/net8.0/System.Threading.RateLimiting.dll /reference:/usr/lib/dotnet/packs/Microsoft.NETCore.App.Ref/8.0.17/ref/net8.0/System.Threading.Tasks.Dataflow.dll /reference:/usr/lib/dotnet/packs/Microsoft.NETCore.App.Ref/8.0.17/ref/net8.0/System.Threading.Tasks.dll /reference:/usr/lib/dotnet/packs/Microsoft.NETCore.App.Ref/8.0.17/ref/net8.0/System.Threading.Tasks.Extensions.dll /reference:/usr/lib/dotnet/packs/Microsoft.NETCore.App.Ref/8.0.17/ref/net8.0/System.Threading.Tasks.Parallel.dll /reference:/usr/lib/dotnet/packs/Microsoft.NETCore.App.Ref/8.0.17/ref/net8.0/System.Threading.Thread.dll /reference:/usr/lib/dotnet/packs/Microsoft.NETCore.App.Ref/8.0.17/ref/net8.0/System.Threading.ThreadPool.dll /reference:/usr/lib/dotnet/packs/Microsoft.NETCore.App.Ref/8.0.17/ref/net8.0/System.Threading.Timer.dll /reference:/usr/lib/dotnet/packs/Microsoft.NETCore.App.Ref/8.0.17/ref/net8.0/System.Transactions.dll /reference:/usr/lib/dotnet/packs/Microsoft.NETCore.App.Ref/8.0.17/ref/net8.0/System.Transactions.Local.dll /reference:/usr/lib/dotnet/packs/Microsoft.NETCore.App.Ref/8.0.17/ref/net8.0/System.ValueTuple.dll /reference:/usr/lib/dotnet/packs/Microsoft.NETCore.App.Ref/8.0.17/ref/net8.0/System.Web.dll /reference:/usr/lib/dotnet/packs/Microsoft.NETCore.App.Ref/8.0.17/ref/net8.0/System.Web.HttpUtility.dll /reference:/usr/lib/dotnet/packs/Microsoft.NETCore.App.Ref/8.0.17/ref/net8.0/System.Windows.dll /reference:/home/thomas/.nuget/packages/system.windows.extensions/7.0.0/lib/net7.0/System.Windows.Extensions.dll /reference:/usr/lib/dotnet/packs/Microsoft.NETCore.App.Ref/8.0.17/ref/net8.0/System.Xml.dll /reference:/usr/lib/dotnet/packs/Microsoft.NETCore.App.Ref/8.0.17/ref/net8.0/System.Xml.Linq.dll /reference:/usr/lib/dotnet/packs/Microsoft.NETCore.App.Ref/8.0.17/ref/net8.0/System.Xml.ReaderWriter.dll /reference:/usr/lib/dotnet/packs/Microsoft.NETCore.App.Ref/8.0.17/ref/net8.0/System.Xml.Serialization.dll /reference:/usr/lib/dotnet/packs/Microsoft.NETCore.App.Ref/8.0.17/ref/net8.0/System.Xml.XDocument.dll /reference:/usr/lib/dotnet/packs/Microsoft.NETCore.App.Ref/8.0.17/ref/net8.0/System.Xml.XmlDocument.dll /reference:/usr/lib/dotnet/packs/Microsoft.NETCore.App.Ref/8.0.17/ref/net8.0/System.Xml.XmlSerializer.dll /reference:/usr/lib/dotnet/packs/Microsoft.NETCore.App.Ref/8.0.17/ref/net8.0/System.Xml.XPath.dll /reference:/usr/lib/dotnet/packs/Microsoft.NETCore.App.Ref/8.0.17/ref/net8.0/System.Xml.XPath.XDocument.dll /reference:/usr/lib/dotnet/packs/Microsoft.NETCore.App.Ref/8.0.17/ref/net8.0/WindowsBase.dll /debug+ /debug:Full /filealign:512 /optimize- /out:obj/Debug/net8.0/Ribosoft.dll /refout:obj/Debug/net8.0/refint/Ribosoft.dll /resource:obj/Debug/net8.0/Ribosoft.Resources.Views.Jobs.Index.resources /resource:obj/Debug/net8.0/Ribosoft.Resources.Views.Request.Index.resources /target:exe /warnaserror- /utf8output /deterministic+ /sourcelink:obj/Debug/net8.0/Ribosoft.sourcelink.json /langversion:12.0 /embed:obj/Debug/net8.0/Ribosoft.GlobalUsings.g.cs /embed:"obj/Debug/net8.0/.NETCoreApp,Version=v8.0.AssemblyAttributes.cs" /embed:obj/Debug/net8.0/Ribosoft.AssemblyInfo.cs /embed:obj/Debug/net8.0/Ribosoft.MvcApplicationPartsAssemblyInfo.cs /embed:obj/Debug/net8.0/Ribosoft.RazorAssemblyInfo.cs /analyzerconfig:obj/Debug/net8.0/Ribosoft.GeneratedMSBuildEditorConfig.editorconfig /analyzerconfig:/usr/lib/dotnet/sdk/8.0.117/Sdks/Microsoft.NET.Sdk/analyzers/build/config/analysislevel_8_default.globalconfig /analyzer:/usr/lib/dotnet/sdk/8.0.117/Sdks/Microsoft.NET.Sdk.Web/analyzers/cs/Microsoft.AspNetCore.Analyzers.dll /analyzer:/usr/lib/dotnet/sdk/8.0.117/Sdks/Microsoft.NET.Sdk.Web/analyzers/cs/Microsoft.AspNetCore.Mvc.Analyzers.dll /analyzer:/usr/lib/dotnet/sdk/8.0.117/Sdks/Microsoft.NET.Sdk/targets/../analyzers/Microsoft.CodeAnalysis.CSharp.NetAnalyzers.dll /analyzer:/usr/lib/dotnet/sdk/8.0.117/Sdks/Microsoft.NET.Sdk/targets/../analyzers/Microsoft.CodeAnalysis.NetAnalyzers.dll /analyzer:/home/thomas/.nuget/packages/microsoft.codeanalysis.analyzers/3.3.4/analyzers/dotnet/cs/Microsoft.CodeAnalysis.Analyzers.dll /analyzer:/home/thomas/.nuget/packages/microsoft.codeanalysis.analyzers/3.3.4/analyzers/dotnet/cs/Microsoft.CodeAnalysis.CSharp.Analyzers.dll /analyzer:/home/thomas/.nuget/packages/microsoft.entityframeworkcore.analyzers/8.0.0/analyzers/dotnet/cs/Microsoft.EntityFrameworkCore.Analyzers.dll /analyzer:/usr/lib/dotnet/packs/Microsoft.NETCore.App.Ref/8.0.17/analyzers/dotnet/cs/Microsoft.Interop.ComInterfaceGenerator.dll /analyzer:/usr/lib/dotnet/packs/Microsoft.NETCore.App.Ref/8.0.17/analyzers/dotnet/cs/Microsoft.Interop.JavaScript.JSImportGenerator.dll /analyzer:/usr/lib/dotnet/packs/Microsoft.NETCore.App.Ref/8.0.17/analyzers/dotnet/cs/Microsoft.Interop.LibraryImportGenerator.dll /analyzer:/usr/lib/dotnet/packs/Microsoft.NETCore.App.Ref/8.0.17/analyzers/dotnet/cs/Microsoft.Interop.SourceGeneration.dll /analyzer:/usr/lib/dotnet/packs/Microsoft.NETCore.App.Ref/8.0.17/analyzers/dotnet/cs/System.Text.Json.SourceGeneration.dll /analyzer:/usr/lib/dotnet/packs/Microsoft.NETCore.App.Ref/8.0.17/analyzers/dotnet/cs/System.Text.RegularExpressions.Generator.dll /analyzer:/usr/lib/dotnet/packs/Microsoft.AspNetCore.App.Ref/8.0.17/analyzers/dotnet/cs/Microsoft.AspNetCore.App.Analyzers.dll /analyzer:/usr/lib/dotnet/packs/Microsoft.AspNetCore.App.Ref/8.0.17/analyzers/dotnet/cs/Microsoft.AspNetCore.App.CodeFixes.dll /analyzer:/usr/lib/dotnet/packs/Microsoft.AspNetCore.App.Ref/8.0.17/analyzers/dotnet/cs/Microsoft.AspNetCore.Components.Analyzers.dll /analyzer:/usr/lib/dotnet/packs/Microsoft.AspNetCore.App.Ref/8.0.17/analyzers/dotnet/roslyn4.4/cs/Microsoft.Extensions.Logging.Generators.dll /analyzer:/usr/lib/dotnet/packs/Microsoft.AspNetCore.App.Ref/8.0.17/analyzers/dotnet/roslyn4.4/cs/Microsoft.Extensions.Options.SourceGeneration.dll /analyzer:/usr/lib/dotnet/sdk/8.0.117/Sdks/Microsoft.NET.Sdk.Razor/targets/../source-generators/Microsoft.AspNetCore.Mvc.Razor.Extensions.dll /analyzer:/usr/lib/dotnet/sdk/8.0.117/Sdks/Microsoft.NET.Sdk.Razor/targets/../source-generators/Microsoft.AspNetCore.Razor.Language.dll /analyzer:/usr/lib/dotnet/sdk/8.0.117/Sdks/Microsoft.NET.Sdk.Razor/targets/../source-generators/Microsoft.AspNetCore.Razor.Utilities.Shared.dll /analyzer:/usr/lib/dotnet/sdk/8.0.117/Sdks/Microsoft.NET.Sdk.Razor/targets/../source-generators/Microsoft.CodeAnalysis.ExternalAccess.RazorCompiler.dll /analyzer:/usr/lib/dotnet/sdk/8.0.117/Sdks/Microsoft.NET.Sdk.Razor/targets/../source-generators/Microsoft.CodeAnalysis.Razor.dll /analyzer:/usr/lib/dotnet/sdk/8.0.117/Sdks/Microsoft.NET.Sdk.Razor/targets/../source-generators/Microsoft.Extensions.ObjectPool.dll /analyzer:/usr/lib/dotnet/sdk/8.0.117/Sdks/Microsoft.NET.Sdk.Razor/targets/../source-generators/Microsoft.NET.Sdk.Razor.SourceGenerators.dll /analyzer:/usr/lib/dotnet/sdk/8.0.117/Sdks/Microsoft.NET.Sdk.Razor/targets/../source-generators/System.Collections.Immutable.dll /additionalfile:Views/Account/AccessDenied.cshtml /additionalfile:Views/Account/ConfirmEmail.cshtml /additionalfile:Views/Account/ExternalLogin.cshtml /additionalfile:Views/Account/ForgotPassword.cshtml /additionalfile:Views/Account/ForgotPasswordConfirmation.cshtml /additionalfile:Views/Account/Lockout.cshtml /additionalfile:Views/Account/Login.cshtml /additionalfile:Views/Account/LoginWith2fa.cshtml /additionalfile:Views/Account/LoginWithRecoveryCode.cshtml /additionalfile:Views/Account/Register.cshtml /additionalfile:Views/Account/ResetPassword.cshtml /additionalfile:Views/Account/ResetPasswordConfirmation.cshtml /additionalfile:Views/Account/SignedOut.cshtml /additionalfile:Views/Assemblies/Index.cshtml /additionalfile:Views/Designs/Details.cshtml /additionalfile:Views/Home/About.cshtml /additionalfile:Views/Home/Contact.cshtml /additionalfile:Views/Home/Index.cshtml /additionalfile:Views/Jobs/Create.cshtml /additionalfile:Views/Jobs/Delete.cshtml /additionalfile:Views/Jobs/Details.cshtml /additionalfile:Views/Jobs/Index.cshtml /additionalfile:Views/Manage/ChangePassword.cshtml /additionalfile:Views/Manage/Disable2fa.cshtml /additionalfile:Views/Manage/EnableAuthenticator.cshtml /additionalfile:Views/Manage/ExternalLogins.cshtml /additionalfile:Views/Manage/GenerateRecoveryCodes.cshtml /additionalfile:Views/Manage/Index.cshtml /additionalfile:Views/Manage/ResetAuthenticator.cshtml /additionalfile:Views/Manage/SetPassword.cshtml /additionalfile:Views/Manage/ShowRecoveryCodes.cshtml /additionalfile:Views/Manage/TwoFactorAuthentication.cshtml /additionalfile:Views/Manage/_Layout.cshtml /additionalfile:Views/Manage/_ManageNav.cshtml /additionalfile:Views/Manage/_StatusMessage.cshtml /additionalfile:Views/Manage/_ViewImports.cshtml /additionalfile:Views/Request/Index.cshtml /additionalfile:Views/Ribozymes/Create.cshtml /additionalfile:Views/Ribozymes/Delete.cshtml /additionalfile:Views/Ribozymes/Details.cshtml /additionalfile:Views/Ribozymes/Edit.cshtml /additionalfile:Views/Ribozymes/Index.cshtml /additionalfile:Views/RibozymeStructures/Create.cshtml /additionalfile:Views/RibozymeStructures/Delete.cshtml /additionalfile:Views/RibozymeStructures/Details.cshtml /additionalfile:Views/RibozymeStructures/Edit.cshtml /additionalfile:Views/RibozymeStructures/Index.cshtml /additionalfile:Views/Shared/DisplayTemplates/RibozymeStructure.cshtml /additionalfile:Views/Shared/EditorTemplates/RibozymeStructure.cshtml /additionalfile:Views/Shared/Error.cshtml /additionalfile:Views/Shared/JobStateBadge.cshtml /additionalfile:Views/Shared/_Layout.cshtml /additionalfile:Views/Shared/_LoginPartial.cshtml /additionalfile:Views/Shared/_ValidationScriptsPartial.cshtml /additionalfile:Views/_ViewImports.cshtml /additionalfile:Views/_ViewStart.cshtml /additionalfile:Resources/Views/Jobs/Index.resx /additionalfile:Resources/Views/Request/Index.resx Biology/Nucleotide.cs Biology/Sequence.cs Biology/SubstrateInfo.cs Blast/Blaster.cs Blast/BlastParameters.cs Blast/Database.cs Candidate.cs CandidateGeneration/CandidateGeneration.cs CandidateGeneration/CandidateGenerationException.cs CandidateGeneration/Node.cs CandidateGeneration/Ribozyme.cs Controllers/AccountController.cs Controllers/AssembliesController.cs Controllers/DesignsController.cs Controllers/HomeController.cs Controllers/JobsController.cs Controllers/ManageController.cs Controllers/RequestController.cs Controllers/RibozymesController.cs Controllers/RibozymeStructuresController.cs DashboardAuthorizationFilter.cs Data/ApplicationDbContext.cs Data/ApplicationDbInitializer.cs Data/Factories/ApplicationDbContextFactory.cs Data/Factories/DbContextFactory.cs Data/Factories/NpgsqlDbContextFactory.cs Data/Migrations/NpgsqlMigrations/20180113103115_InitialCreate.cs Data/Migrations/NpgsqlMigrations/20180113103115_InitialCreate.Designer.cs Data/Migrations/NpgsqlMigrations/20180114011434_AddJobParams.cs Data/Migrations/NpgsqlMigrations/20180114011434_AddJobParams.Designer.cs Data/Migrations/NpgsqlMigrations/20180219212443_TargetRegions.cs Data/Migrations/NpgsqlMigrations/20180219212443_TargetRegions.Designer.cs Data/Migrations/NpgsqlMigrations/20180303234131_CutsiteIndex.cs Data/Migrations/NpgsqlMigrations/20180303234131_CutsiteIndex.Designer.cs Data/Migrations/NpgsqlMigrations/20180311074935_Assemblies.cs Data/Migrations/NpgsqlMigrations/20180311074935_Assemblies.Designer.cs Data/Migrations/NpgsqlMigrations/20180724232226_JobTolerances.cs Data/Migrations/NpgsqlMigrations/20180724232226_JobTolerances.Designer.cs Data/Migrations/NpgsqlMigrations/20210624135452_RemoveHighestTemp.cs Data/Migrations/NpgsqlMigrations/20210624135452_RemoveHighestTemp.Designer.cs Data/Migrations/NpgsqlMigrations/20210728205112_AddTargetTemp.cs Data/Migrations/NpgsqlMigrations/20210728205112_AddTargetTemp.Designer.cs Data/Migrations/NpgsqlMigrations/20210828173035_AddSubstrateSequence.cs Data/Migrations/NpgsqlMigrations/20210828173035_AddSubstrateSequence.Designer.cs Data/Migrations/NpgsqlMigrations/20210906162920_AddIdealStructure.cs Data/Migrations/NpgsqlMigrations/20210906162920_AddIdealStructure.Designer.cs Data/Migrations/NpgsqlMigrations/NpgsqlDbContextModelSnapshot.cs Data/Migrations/SqlServerMigrations/20180113103131_InitialCreate.cs Data/Migrations/SqlServerMigrations/20180113103131_InitialCreate.Designer.cs Data/Migrations/SqlServerMigrations/20180114011729_AddJobParams.cs Data/Migrations/SqlServerMigrations/20180114011729_AddJobParams.Designer.cs Data/Migrations/SqlServerMigrations/20180219212248_TargetRegions.cs Data/Migrations/SqlServerMigrations/20180219212248_TargetRegions.Designer.cs Data/Migrations/SqlServerMigrations/20180311063651_CutsiteIndex.cs Data/Migrations/SqlServerMigrations/20180311063651_CutsiteIndex.Designer.cs Data/Migrations/SqlServerMigrations/20180311064649_Assemblies.cs Data/Migrations/SqlServerMigrations/20180311064649_Assemblies.Designer.cs Data/Migrations/SqlServerMigrations/20180724233305_JobTolerances.cs Data/Migrations/SqlServerMigrations/20180724233305_JobTolerances.Designer.cs Data/Migrations/SqlServerMigrations/20210624143946_RemoveHighestTemp.cs Data/Migrations/SqlServerMigrations/20210624143946_RemoveHighestTemp.Designer.cs Data/Migrations/SqlServerMigrations/20210728205152_AddTargetTemp.cs Data/Migrations/SqlServerMigrations/20210728205152_AddTargetTemp.Designer.cs Data/Migrations/SqlServerMigrations/20210828173240_AddSubstrateSequence.cs Data/Migrations/SqlServerMigrations/20210828173240_AddSubstrateSequence.Designer.cs Data/Migrations/SqlServerMigrations/20210906163007_AddIdealStructure.cs Data/Migrations/SqlServerMigrations/20210906163007_AddIdealStructure.Designer.cs Data/Migrations/SqlServerMigrations/ApplicationDbContextModelSnapshot.cs Data/NpgsqlDbContext.cs Error.cs Extensions/EmailSenderExtensions.cs Extensions/HtmlHelperExtensions.cs Extensions/ModelStateExtensions.cs Extensions/UrlHelperExtensions.cs GenbankRequests/GenbankRequests.cs GenbankRequests/GenbankRequestsException.cs GenbankRequests/GenbankResult.cs Jobs/GenerateCandidates.cs Jobs/ServiceProviderActivator.cs Jobs/UpdateAssemblyDatabase.cs Models/AccountViewModels/ExternalLoginViewModel.cs Models/AccountViewModels/ForgotPasswordViewModel.cs Models/AccountViewModels/LoginViewModel.cs Models/AccountViewModels/LoginWith2faViewModel.cs Models/AccountViewModels/LoginWithRecoveryCodeViewModel.cs Models/AccountViewModels/RegisterViewModel.cs Models/AccountViewModels/ResetPasswordViewModel.cs Models/ApplicationUser.cs Models/Assembly.cs Models/BaseEntity.cs Models/Design.cs Models/ErrorViewModel.cs Models/Job.cs Models/JobsViewModels/JobDetailsViewModel.cs Models/JobsViewModels/JobIndexViewModel.cs Models/ManageViewModels/ChangePasswordViewModel.cs Models/ManageViewModels/EnableAuthenticatorViewModel.cs Models/ManageViewModels/ExternalLoginsViewModel.cs Models/ManageViewModels/IndexViewModel.cs Models/ManageViewModels/RemoveLoginViewModel.cs Models/ManageViewModels/SetPasswordViewModel.cs Models/ManageViewModels/ShowRecoveryCodesViewModel.cs Models/ManageViewModels/TwoFactorAuthenticationViewModel.cs Models/RequestViewModels/RequestViewModel.cs Models/RequestViewModels/SpecificityMethodViewModel.cs Models/RequestViewModels/TargetEnvironmentViewModel.cs Models/RequestViewModels/TargetRegionViewModel.cs Models/Ribozyme.cs Models/RibozymeStructure.cs Models/RibozymeViewModel/RibozymeCreateViewModel.cs MultiObjectiveOptimization/IRankable.cs MultiObjectiveOptimization/MultiObjectiveOptimization.cs MultiObjectiveOptimization/MultiObjectiveOptimizationException.cs MultiObjectiveOptimization/OptimizeItem.cs Program.cs Resources/Views/Request/Index.Designer.cs RibosoftAlgo/RibosoftAlgo.cs RibosoftAlgo/RibosoftAlgoException.cs Services/EmailSender.cs Services/IEmailSender.cs ValidationAttributes/NucleotidesAttribute.cs ValidationAttributes/OpenReadingFrameStartAttribute.cs ValidationAttributes/RepeatNotationsAttribute.cs ValidationAttributes/UniqueAlphaNumericStructureAttribute.cs ValidationAttributes/ValidateRequestAttribute.cs ValidationAttributes/ValidateRibozymeStructureAttribute.cs ValidationAttributes/ValidStructureAttribute.cs Views/Manage/ManageNavPages.cs obj/Debug/net8.0/Ribosoft.GlobalUsings.g.cs "obj/Debug/net8.0/.NETCoreApp,Version=v8.0.AssemblyAttributes.cs" obj/Debug/net8.0/Ribosoft.AssemblyInfo.cs obj/Debug/net8.0/Ribosoft.MvcApplicationPartsAssemblyInfo.cs obj/Debug/net8.0/Ribosoft.RazorAssemblyInfo.cs /warnaserror+:NU1605,SYSLIB0011
     4>/home/thomas/git/ribosoft/Ribosoft/Controllers/AccountController.cs(386,111): warning CS8625: Cannot convert null literal to non-nullable reference type. [/home/thomas/git/ribosoft/Ribosoft/Ribosoft.csproj]
     4>/home/thomas/git/ribosoft/Ribosoft/Controllers/AccountController.cs(542,58): warning CS8625: Cannot convert null literal to non-nullable reference type. [/home/thomas/git/ribosoft/Ribosoft/Ribosoft.csproj]
     4>/home/thomas/git/ribosoft/Ribosoft/Views/Manage/ManageNavPages.cs(35,20): warning CS8603: Possible null reference return. [/home/thomas/git/ribosoft/Ribosoft/Ribosoft.csproj]
     4>/home/thomas/git/ribosoft/Ribosoft/Controllers/ManageController.cs(104,28): warning CS8601: Possible null reference assignment. [/home/thomas/git/ribosoft/Ribosoft/Ribosoft.csproj]
     4>/home/thomas/git/ribosoft/Ribosoft/Controllers/ManageController.cs(105,25): warning CS8601: Possible null reference assignment. [/home/thomas/git/ribosoft/Ribosoft/Ribosoft.csproj]
     4>/home/thomas/git/ribosoft/Ribosoft/Controllers/ManageController.cs(106,31): warning CS8601: Possible null reference assignment. [/home/thomas/git/ribosoft/Ribosoft/Ribosoft.csproj]
     4>/home/thomas/git/ribosoft/Ribosoft/Blast/Blaster.cs(105,34): warning CS8600: Converting null literal or possible null value to non-nullable type. [/home/thomas/git/ribosoft/Ribosoft/Ribosoft.csproj]
     4>/home/thomas/git/ribosoft/Ribosoft/Controllers/ManageController.cs(181,59): warning CS8604: Possible null reference argument for parameter 'email' in 'Task EmailSenderExtensions.SendEmailConfirmationAsync(IEmailSender emailSender, string email, string link)'. [/home/thomas/git/ribosoft/Ribosoft/Ribosoft.csproj]
     4>/home/thomas/git/ribosoft/Ribosoft/Program.cs(78,39): warning CS0618: 'PostgreSqlBootstrapperConfigurationExtensions.UsePostgreSqlStorage(IGlobalConfiguration, string, PostgreSqlStorageOptions)' is obsolete: 'Will be removed in 2.0. Please use UsePostgreSqlStorage(Action<PostgreSqlBootstrapperOptions>) overload.' [/home/thomas/git/ribosoft/Ribosoft/Ribosoft.csproj]
     4>/home/thomas/git/ribosoft/Ribosoft/CandidateGeneration/CandidateGeneration.cs(526,77): warning CS8629: Nullable value type may be null. [/home/thomas/git/ribosoft/Ribosoft/Ribosoft.csproj]
     4>/home/thomas/git/ribosoft/Ribosoft/CandidateGeneration/CandidateGeneration.cs(529,72): warning CS8629: Nullable value type may be null. [/home/thomas/git/ribosoft/Ribosoft/Ribosoft.csproj]
     4>/home/thomas/git/ribosoft/Ribosoft/CandidateGeneration/CandidateGeneration.cs(546,100): warning CS8629: Nullable value type may be null. [/home/thomas/git/ribosoft/Ribosoft/Ribosoft.csproj]
     4>/home/thomas/git/ribosoft/Ribosoft/Controllers/RibozymeStructuresController.cs(220,48): warning CS8604: Possible null reference argument for parameter 'entity' in 'EntityEntry<RibozymeStructure> DbSet<RibozymeStructure>.Remove(RibozymeStructure entity)'. [/home/thomas/git/ribosoft/Ribosoft/Ribosoft.csproj]
     4>/home/thomas/git/ribosoft/Ribosoft/Extensions/UrlHelperExtensions.cs(14,20): warning CS8603: Possible null reference return. [/home/thomas/git/ribosoft/Ribosoft/Ribosoft.csproj]
     4>/home/thomas/git/ribosoft/Ribosoft/Extensions/UrlHelperExtensions.cs(23,20): warning CS8603: Possible null reference return. [/home/thomas/git/ribosoft/Ribosoft/Ribosoft.csproj]
     4>/home/thomas/git/ribosoft/Ribosoft/CandidateGeneration/CandidateGeneration.cs(711,46): warning CS8602: Dereference of a possibly null reference. [/home/thomas/git/ribosoft/Ribosoft/Ribosoft.csproj]
     4>/home/thomas/git/ribosoft/Ribosoft/CandidateGeneration/CandidateGeneration.cs(726,40): warning CS8602: Dereference of a possibly null reference. [/home/thomas/git/ribosoft/Ribosoft/Ribosoft.csproj]
     4>/home/thomas/git/ribosoft/Ribosoft/RibosoftAlgo/RibosoftAlgo.cs(157,40): warning CS8600: Converting null literal or possible null value to non-nullable type. [/home/thomas/git/ribosoft/Ribosoft/Ribosoft.csproj]
     4>/home/thomas/git/ribosoft/Ribosoft/RibosoftAlgo/RibosoftAlgo.cs(158,41): warning CS8600: Converting null literal or possible null value to non-nullable type. [/home/thomas/git/ribosoft/Ribosoft/Ribosoft.csproj]
     4>/home/thomas/git/ribosoft/Ribosoft/RibosoftAlgo/RibosoftAlgo.cs(159,75): warning CS8602: Dereference of a possibly null reference. [/home/thomas/git/ribosoft/Ribosoft/Ribosoft.csproj]
     4>/home/thomas/git/ribosoft/Ribosoft/RibosoftAlgo/RibosoftAlgo.cs(161,64): warning CS8604: Possible null reference argument for parameter 'substrateStructure' in 'R_STATUS RibosoftAlgo.accessibility(string substrateSequence, string substrateStructure, string foldedStructure, float na_concentration, float probe_concentration, float targetTemperature, out float score)'. [/home/thomas/git/ribosoft/Ribosoft/Ribosoft.csproj]
     4>/home/thomas/git/ribosoft/Ribosoft/Extensions/HtmlHelperExtensions.cs(60,40): warning CS8602: Dereference of a possibly null reference. [/home/thomas/git/ribosoft/Ribosoft/Ribosoft.csproj]
     4>/home/thomas/git/ribosoft/Ribosoft/Extensions/HtmlHelperExtensions.cs(60,40): warning CS8600: Converting null literal or possible null value to non-nullable type. [/home/thomas/git/ribosoft/Ribosoft/Ribosoft.csproj]
     4>/home/thomas/git/ribosoft/Ribosoft/Extensions/HtmlHelperExtensions.cs(61,36): warning CS8602: Dereference of a possibly null reference. [/home/thomas/git/ribosoft/Ribosoft/Ribosoft.csproj]
     4>/home/thomas/git/ribosoft/Ribosoft/Extensions/HtmlHelperExtensions.cs(61,36): warning CS8600: Converting null literal or possible null value to non-nullable type. [/home/thomas/git/ribosoft/Ribosoft/Ribosoft.csproj]
     4>/home/thomas/git/ribosoft/Ribosoft/Extensions/HtmlHelperExtensions.cs(63,83): warning CS8602: Dereference of a possibly null reference. [/home/thomas/git/ribosoft/Ribosoft/Ribosoft.csproj]
     4>/home/thomas/git/ribosoft/Ribosoft/Extensions/HtmlHelperExtensions.cs(68,75): warning CS8602: Dereference of a possibly null reference. [/home/thomas/git/ribosoft/Ribosoft/Ribosoft.csproj]
     4>/home/thomas/git/ribosoft/Ribosoft/Extensions/HtmlHelperExtensions.cs(76,21): warning CS8602: Dereference of a possibly null reference. [/home/thomas/git/ribosoft/Ribosoft/Ribosoft.csproj]
     4>/home/thomas/git/ribosoft/Ribosoft/RibosoftAlgo/RibosoftAlgo.cs(239,35): warning CS8600: Converting null literal or possible null value to non-nullable type. [/home/thomas/git/ribosoft/Ribosoft/Ribosoft.csproj]
     4>/home/thomas/git/ribosoft/Ribosoft/RibosoftAlgo/RibosoftAlgo.cs(242,20): warning CS8603: Possible null reference return. [/home/thomas/git/ribosoft/Ribosoft/Ribosoft.csproj]
     4>/home/thomas/git/ribosoft/Ribosoft/CandidateGeneration/CandidateGeneration.cs(810,60): warning CS8604: Possible null reference argument for parameter 'otherSequence' in 'Sequence.Sequence(Sequence otherSequence)'. [/home/thomas/git/ribosoft/Ribosoft/Ribosoft.csproj]
     4>/home/thomas/git/ribosoft/Ribosoft/Extensions/HtmlHelperExtensions.cs(93,49): warning CS8602: Dereference of a possibly null reference. [/home/thomas/git/ribosoft/Ribosoft/Ribosoft.csproj]
     4>/home/thomas/git/ribosoft/Ribosoft/Controllers/RibozymesController.cs(216,39): warning CS8604: Possible null reference argument for parameter 'entity' in 'EntityEntry<Ribozyme> DbSet<Ribozyme>.Remove(Ribozyme entity)'. [/home/thomas/git/ribosoft/Ribosoft/Ribosoft.csproj]
     4>/home/thomas/git/ribosoft/Ribosoft/Jobs/UpdateAssemblyDatabase.cs(48,68): warning CS8604: Possible null reference argument for parameter 'path' in 'IList<Database> Blaster.GetAvailableDatabases(string path)'. [/home/thomas/git/ribosoft/Ribosoft/Ribosoft.csproj]
     4>/home/thomas/git/ribosoft/Ribosoft/Controllers/ManageController.cs(523,42): warning CS8604: Possible null reference argument for parameter 'source' in 'string[] Enumerable.ToArray<string>(IEnumerable<string> source)'. [/home/thomas/git/ribosoft/Ribosoft/Ribosoft.csproj]
     4>/home/thomas/git/ribosoft/Ribosoft/Controllers/ManageController.cs(535,33): warning CS8600: Converting null literal or possible null value to non-nullable type. [/home/thomas/git/ribosoft/Ribosoft/Ribosoft.csproj]
     4>/home/thomas/git/ribosoft/Ribosoft/Jobs/ServiceProviderActivator.cs(36,20): warning CS8603: Possible null reference return. [/home/thomas/git/ribosoft/Ribosoft/Ribosoft.csproj]
     4>/home/thomas/git/ribosoft/Ribosoft/Jobs/GenerateCandidates.cs(76,16): warning CS8618: Non-nullable property 'RNAStructure' must contain a non-null value when exiting constructor. Consider declaring the property as nullable. [/home/thomas/git/ribosoft/Ribosoft/Ribosoft.csproj]
     4>/home/thomas/git/ribosoft/Ribosoft/Controllers/ManageController.cs(619,74): warning CS8604: Possible null reference argument for parameter 'source' in 'string[] Enumerable.ToArray<string>(IEnumerable<string> source)'. [/home/thomas/git/ribosoft/Ribosoft/Ribosoft.csproj]
     4>/home/thomas/git/ribosoft/Ribosoft/Controllers/ManageController.cs(689,41): warning CS8604: Possible null reference argument for parameter 'unformattedKey' in 'string ManageController.FormatKey(string unformattedKey)'. [/home/thomas/git/ribosoft/Ribosoft/Ribosoft.csproj]
     4>/home/thomas/git/ribosoft/Ribosoft/Models/RibozymeStructure.cs(53,24): warning CS8618: Non-nullable field 'sequence' must contain a non-null value when exiting constructor. Consider declaring the field as nullable. [/home/thomas/git/ribosoft/Ribosoft/Ribosoft.csproj]
     4>/home/thomas/git/ribosoft/Ribosoft/Models/RibozymeStructure.cs(63,23): warning CS8618: Non-nullable property 'Structure' must contain a non-null value when exiting constructor. Consider declaring the property as nullable. [/home/thomas/git/ribosoft/Ribosoft/Ribosoft.csproj]
     4>/home/thomas/git/ribosoft/Ribosoft/Models/RibozymeStructure.cs(87,24): warning CS8618: Non-nullable field 'substrateTemplate' must contain a non-null value when exiting constructor. Consider declaring the field as nullable. [/home/thomas/git/ribosoft/Ribosoft/Ribosoft.csproj]
     4>/home/thomas/git/ribosoft/Ribosoft/Models/RibozymeStructure.cs(97,23): warning CS8618: Non-nullable property 'SubstrateStructure' must contain a non-null value when exiting constructor. Consider declaring the property as nullable. [/home/thomas/git/ribosoft/Ribosoft/Ribosoft.csproj]
     4>/home/thomas/git/ribosoft/Ribosoft/Models/RibozymeStructure.cs(109,33): warning CS8618: Non-nullable property 'Ribozyme' must contain a non-null value when exiting constructor. Consider declaring the property as nullable. [/home/thomas/git/ribosoft/Ribosoft/Ribosoft.csproj]
     4>/home/thomas/git/ribosoft/Ribosoft/Models/RequestViewModels/RequestViewModel.cs(177,16): warning CS8618: Non-nullable field 'inputSequence' must contain a non-null value when exiting constructor. Consider declaring the field as nullable. [/home/thomas/git/ribosoft/Ribosoft/Ribosoft.csproj]
     4>/home/thomas/git/ribosoft/Ribosoft/Models/ManageViewModels/ShowRecoveryCodesViewModel.cs(17,25): warning CS8618: Non-nullable property 'RecoveryCodes' must contain a non-null value when exiting constructor. Consider declaring the property as nullable. [/home/thomas/git/ribosoft/Ribosoft/Ribosoft.csproj]
     4>/home/thomas/git/ribosoft/Ribosoft/Models/ManageViewModels/SetPasswordViewModel.cs(29,23): warning CS8618: Non-nullable property 'ConfirmPassword' must contain a non-null value when exiting constructor. Consider declaring the property as nullable. [/home/thomas/git/ribosoft/Ribosoft/Ribosoft.csproj]
     4>/home/thomas/git/ribosoft/Ribosoft/Models/ManageViewModels/IndexViewModel.cs(29,23): warning CS8618: Non-nullable property 'Email' must contain a non-null value when exiting constructor. Consider declaring the property as nullable. [/home/thomas/git/ribosoft/Ribosoft/Ribosoft.csproj]
     4>/home/thomas/git/ribosoft/Ribosoft/Models/ManageViewModels/ExternalLoginsViewModel.cs(19,37): warning CS8618: Non-nullable property 'CurrentLogins' must contain a non-null value when exiting constructor. Consider declaring the property as nullable. [/home/thomas/git/ribosoft/Ribosoft/Ribosoft.csproj]
     4>/home/thomas/git/ribosoft/Ribosoft/Models/ManageViewModels/ExternalLoginsViewModel.cs(24,44): warning CS8618: Non-nullable property 'OtherLogins' must contain a non-null value when exiting constructor. Consider declaring the property as nullable. [/home/thomas/git/ribosoft/Ribosoft/Ribosoft.csproj]
     4>/home/thomas/git/ribosoft/Ribosoft/Models/ManageViewModels/EnableAuthenticatorViewModel.cs(22,23): warning CS8618: Non-nullable property 'Code' must contain a non-null value when exiting constructor. Consider declaring the property as nullable. [/home/thomas/git/ribosoft/Ribosoft/Ribosoft.csproj]
     4>/home/thomas/git/ribosoft/Ribosoft/Models/ManageViewModels/ChangePasswordViewModel.cs(25,37): warning CS8618: Non-nullable property 'vm' must contain a non-null value when exiting constructor. Consider declaring the property as nullable. [/home/thomas/git/ribosoft/Ribosoft/Ribosoft.csproj]
     4>/home/thomas/git/ribosoft/Ribosoft/Extensions/HtmlHelperExtensions.cs(13,45): warning CS8618: Non-nullable field '_routeValues' must contain a non-null value when exiting constructor. Consider declaring the field as nullable. [/home/thomas/git/ribosoft/Ribosoft/Ribosoft.csproj]
     4>/home/thomas/git/ribosoft/Ribosoft/Extensions/HtmlHelperExtensions.cs(18,23): warning CS8618: Non-nullable property 'Action' must contain a non-null value when exiting constructor. Consider declaring the property as nullable. [/home/thomas/git/ribosoft/Ribosoft/Ribosoft.csproj]
     4>/home/thomas/git/ribosoft/Ribosoft/Extensions/HtmlHelperExtensions.cs(23,23): warning CS8618: Non-nullable property 'Controller' must contain a non-null value when exiting constructor. Consider declaring the property as nullable. [/home/thomas/git/ribosoft/Ribosoft/Ribosoft.csproj]
     4>/home/thomas/git/ribosoft/Ribosoft/Extensions/HtmlHelperExtensions.cs(44,42): warning CS8618: Non-nullable property 'ViewContext' must contain a non-null value when exiting constructor. Consider declaring the property as nullable. [/home/thomas/git/ribosoft/Ribosoft/Ribosoft.csproj]
     4>/home/thomas/git/ribosoft/Ribosoft/Models/JobsViewModels/JobIndexViewModel.cs(47,16): warning CS8618: Non-nullable property 'JobId' must contain a non-null value when exiting constructor. Consider declaring the property as nullable. [/home/thomas/git/ribosoft/Ribosoft/Ribosoft.csproj]
     4>/home/thomas/git/ribosoft/Ribosoft/Models/JobsViewModels/JobIndexViewModel.cs(47,16): warning CS8618: Non-nullable property 'UploadFile' must contain a non-null value when exiting constructor. Consider declaring the property as nullable. [/home/thomas/git/ribosoft/Ribosoft/Ribosoft.csproj]
     4>/home/thomas/git/ribosoft/Ribosoft/Models/JobsViewModels/JobDetailsViewModel.cs(105,16): warning CS8618: Non-nullable property 'Job' must contain a non-null value when exiting constructor. Consider declaring the property as nullable. [/home/thomas/git/ribosoft/Ribosoft/Ribosoft.csproj]
     4>/home/thomas/git/ribosoft/Ribosoft/Jobs/GenerateCandidates.cs(406,41): warning CS8601: Possible null reference assignment. [/home/thomas/git/ribosoft/Ribosoft/Ribosoft.csproj]
     4>/home/thomas/git/ribosoft/Ribosoft/Jobs/GenerateCandidates.cs(411,47): warning CS8602: Dereference of a possibly null reference. [/home/thomas/git/ribosoft/Ribosoft/Ribosoft.csproj]
         CompilerServer: server - server processed compilation - 6a420b06-f459-4ab6-83c2-59f48a213aa9
       _GenerateScopedCssFiles:
       Skipping target "_GenerateScopedCssFiles" because it has no outputs.
       _GenerateScopedCssFiles:
       Skipping target "_GenerateScopedCssFiles" because it has no outputs.
       _BuildCopyStaticWebAssetsPreserveNewest:
       Skipping target "_BuildCopyStaticWebAssetsPreserveNewest" because it has no outputs.
       _CopyFilesMarkedCopyLocal:
         Copying file from "/home/thomas/.nuget/packages/azure.core/1.25.0/lib/net5.0/Azure.Core.dll" to "/home/thomas/git/ribosoft/Ribosoft/bin/Debug/net8.0/Azure.Core.dll".
         Copying file from "/home/thomas/.nuget/packages/azure.identity/1.7.0/lib/netstandard2.0/Azure.Identity.dll" to "/home/thomas/git/ribosoft/Ribosoft/bin/Debug/net8.0/Azure.Identity.dll".
         Copying file from "/home/thomas/.nuget/packages/cloudscribe.pagination.models/8.0.0/lib/net8.0/cloudscribe.Pagination.Models.dll" to "/home/thomas/git/ribosoft/Ribosoft/bin/Debug/net8.0/cloudscribe.Pagination.Models.dll".
         Copying file from "/home/thomas/.nuget/packages/dapper/2.0.123/lib/net5.0/Dapper.dll" to "/home/thomas/git/ribosoft/Ribosoft/bin/Debug/net8.0/Dapper.dll".
         Copying file from "/home/thomas/.nuget/packages/hangfire.aspnetcore/1.8.12/lib/netcoreapp3.0/Hangfire.AspNetCore.dll" to "/home/thomas/git/ribosoft/Ribosoft/bin/Debug/net8.0/Hangfire.AspNetCore.dll".
         Copying file from "/home/thomas/.nuget/packages/cloudscribe.web.pagination/8.0.0/lib/net8.0/cloudscribe.Web.Pagination.dll" to "/home/thomas/git/ribosoft/Ribosoft/bin/Debug/net8.0/cloudscribe.Web.Pagination.dll".
         Copying file from "/home/thomas/.nuget/packages/hangfire.postgresql/1.20.8/lib/netstandard2.0/Hangfire.PostgreSql.dll" to "/home/thomas/git/ribosoft/Ribosoft/bin/Debug/net8.0/Hangfire.PostgreSql.dll".
         Copying file from "/home/thomas/.nuget/packages/hangfire.netcore/1.8.12/lib/netstandard2.1/Hangfire.NetCore.dll" to "/home/thomas/git/ribosoft/Ribosoft/bin/Debug/net8.0/Hangfire.NetCore.dll".
         Copying file from "/home/thomas/.nuget/packages/hangfire.core/1.8.12/lib/netstandard2.0/Hangfire.Core.dll" to "/home/thomas/git/ribosoft/Ribosoft/bin/Debug/net8.0/Hangfire.Core.dll".
         Copying file from "/home/thomas/.nuget/packages/hangfire.sqlserver/1.8.12/lib/netstandard2.0/Hangfire.SqlServer.dll" to "/home/thomas/git/ribosoft/Ribosoft/bin/Debug/net8.0/Hangfire.SqlServer.dll".
         Copying file from "/home/thomas/.nuget/packages/microsoft.aspnetcore.diagnostics.entityframeworkcore/8.0.0/lib/net8.0/Microsoft.AspNetCore.Diagnostics.EntityFrameworkCore.dll" to "/home/thomas/git/ribosoft/Ribosoft/bin/Debug/net8.0/Microsoft.AspNetCore.Diagnostics.EntityFrameworkCore.dll".
         Copying file from "/home/thomas/.nuget/packages/humanizer.core/2.14.1/lib/net6.0/Humanizer.dll" to "/home/thomas/git/ribosoft/Ribosoft/bin/Debug/net8.0/Humanizer.dll".
         Copying file from "/home/thomas/.nuget/packages/microsoft.aspnetcore.identity.entityframeworkcore/8.0.0/lib/net8.0/Microsoft.AspNetCore.Identity.EntityFrameworkCore.dll" to "/home/thomas/git/ribosoft/Ribosoft/bin/Debug/net8.0/Microsoft.AspNetCore.Identity.EntityFrameworkCore.dll".
         Copying file from "/home/thomas/.nuget/packages/microsoft.aspnetcore.razor.language/6.0.24/lib/netstandard2.0/Microsoft.AspNetCore.Razor.Language.dll" to "/home/thomas/git/ribosoft/Ribosoft/bin/Debug/net8.0/Microsoft.AspNetCore.Razor.Language.dll".
         Copying file from "/home/thomas/.nuget/packages/microsoft.bcl.asyncinterfaces/7.0.0/lib/netstandard2.1/Microsoft.Bcl.AsyncInterfaces.dll" to "/home/thomas/git/ribosoft/Ribosoft/bin/Debug/net8.0/Microsoft.Bcl.AsyncInterfaces.dll".
         Copying file from "/home/thomas/.nuget/packages/microsoft.build/17.7.2/lib/net7.0/Microsoft.Build.dll" to "/home/thomas/git/ribosoft/Ribosoft/bin/Debug/net8.0/Microsoft.Build.dll".
         Copying file from "/home/thomas/.nuget/packages/microsoft.build.framework/17.7.2/lib/net7.0/Microsoft.Build.Framework.dll" to "/home/thomas/git/ribosoft/Ribosoft/bin/Debug/net8.0/Microsoft.Build.Framework.dll".
         Copying file from "/home/thomas/.nuget/packages/microsoft.codeanalysis.analyzerutilities/3.3.0/lib/netstandard2.0/Microsoft.CodeAnalysis.AnalyzerUtilities.dll" to "/home/thomas/git/ribosoft/Ribosoft/bin/Debug/net8.0/Microsoft.CodeAnalysis.AnalyzerUtilities.dll".
         Copying file from "/home/thomas/.nuget/packages/microsoft.codeanalysis.common/4.8.0/lib/net7.0/Microsoft.CodeAnalysis.dll" to "/home/thomas/git/ribosoft/Ribosoft/bin/Debug/net8.0/Microsoft.CodeAnalysis.dll".
         Copying file from "/home/thomas/.nuget/packages/microsoft.codeanalysis.csharp/4.8.0/lib/net7.0/Microsoft.CodeAnalysis.CSharp.dll" to "/home/thomas/git/ribosoft/Ribosoft/bin/Debug/net8.0/Microsoft.CodeAnalysis.CSharp.dll".
         Copying file from "/home/thomas/.nuget/packages/microsoft.codeanalysis.csharp.features/4.8.0/lib/net7.0/Microsoft.CodeAnalysis.CSharp.Features.dll" to "/home/thomas/git/ribosoft/Ribosoft/bin/Debug/net8.0/Microsoft.CodeAnalysis.CSharp.Features.dll".
         Copying file from "/home/thomas/.nuget/packages/microsoft.codeanalysis.csharp.workspaces/4.8.0/lib/net7.0/Microsoft.CodeAnalysis.CSharp.Workspaces.dll" to "/home/thomas/git/ribosoft/Ribosoft/bin/Debug/net8.0/Microsoft.CodeAnalysis.CSharp.Workspaces.dll".
         Copying file from "/home/thomas/.nuget/packages/microsoft.codeanalysis.elfie/1.0.0/lib/netstandard2.0/Microsoft.CodeAnalysis.Elfie.dll" to "/home/thomas/git/ribosoft/Ribosoft/bin/Debug/net8.0/Microsoft.CodeAnalysis.Elfie.dll".
         Copying file from "/home/thomas/.nuget/packages/microsoft.codeanalysis.features/4.8.0/lib/net7.0/Microsoft.CodeAnalysis.Features.dll" to "/home/thomas/git/ribosoft/Ribosoft/bin/Debug/net8.0/Microsoft.CodeAnalysis.Features.dll".
         Copying file from "/home/thomas/.nuget/packages/microsoft.codeanalysis.razor/6.0.24/lib/netstandard2.0/Microsoft.CodeAnalysis.Razor.dll" to "/home/thomas/git/ribosoft/Ribosoft/bin/Debug/net8.0/Microsoft.CodeAnalysis.Razor.dll".
         Copying file from "/home/thomas/.nuget/packages/microsoft.codeanalysis.scripting.common/4.8.0/lib/net7.0/Microsoft.CodeAnalysis.Scripting.dll" to "/home/thomas/git/ribosoft/Ribosoft/bin/Debug/net8.0/Microsoft.CodeAnalysis.Scripting.dll".
         Copying file from "/home/thomas/.nuget/packages/microsoft.codeanalysis.workspaces.common/4.8.0/lib/net7.0/Microsoft.CodeAnalysis.Workspaces.dll" to "/home/thomas/git/ribosoft/Ribosoft/bin/Debug/net8.0/Microsoft.CodeAnalysis.Workspaces.dll".
         Copying file from "/home/thomas/.nuget/packages/microsoft.data.sqlclient/5.1.1/lib/net6.0/Microsoft.Data.SqlClient.dll" to "/home/thomas/git/ribosoft/Ribosoft/bin/Debug/net8.0/Microsoft.Data.SqlClient.dll".
         Copying file from "/home/thomas/.nuget/packages/microsoft.diasymreader/2.0.0/lib/netstandard2.0/Microsoft.DiaSymReader.dll" to "/home/thomas/git/ribosoft/Ribosoft/bin/Debug/net8.0/Microsoft.DiaSymReader.dll".
         Copying file from "/home/thomas/.nuget/packages/microsoft.dotnet.scaffolding.shared/8.0.0/lib/netstandard2.0/Microsoft.DotNet.Scaffolding.Shared.dll" to "/home/thomas/git/ribosoft/Ribosoft/bin/Debug/net8.0/Microsoft.DotNet.Scaffolding.Shared.dll".
         Copying file from "/home/thomas/.nuget/packages/microsoft.entityframeworkcore/8.0.0/lib/net8.0/Microsoft.EntityFrameworkCore.dll" to "/home/thomas/git/ribosoft/Ribosoft/bin/Debug/net8.0/Microsoft.EntityFrameworkCore.dll".
         Copying file from "/home/thomas/.nuget/packages/microsoft.entityframeworkcore.abstractions/8.0.0/lib/net8.0/Microsoft.EntityFrameworkCore.Abstractions.dll" to "/home/thomas/git/ribosoft/Ribosoft/bin/Debug/net8.0/Microsoft.EntityFrameworkCore.Abstractions.dll".
         Copying file from "/home/thomas/.nuget/packages/microsoft.entityframeworkcore.design/8.0.0/lib/net8.0/Microsoft.EntityFrameworkCore.Design.dll" to "/home/thomas/git/ribosoft/Ribosoft/bin/Debug/net8.0/Microsoft.EntityFrameworkCore.Design.dll".
         Copying file from "/home/thomas/.nuget/packages/microsoft.entityframeworkcore.relational/8.0.0/lib/net8.0/Microsoft.EntityFrameworkCore.Relational.dll" to "/home/thomas/git/ribosoft/Ribosoft/bin/Debug/net8.0/Microsoft.EntityFrameworkCore.Relational.dll".
         Copying file from "/home/thomas/.nuget/packages/microsoft.entityframeworkcore.sqlserver/8.0.0/lib/net8.0/Microsoft.EntityFrameworkCore.SqlServer.dll" to "/home/thomas/git/ribosoft/Ribosoft/bin/Debug/net8.0/Microsoft.EntityFrameworkCore.SqlServer.dll".
         Copying file from "/home/thomas/.nuget/packages/microsoft.extensions.dependencymodel/8.0.0/lib/net8.0/Microsoft.Extensions.DependencyModel.dll" to "/home/thomas/git/ribosoft/Ribosoft/bin/Debug/net8.0/Microsoft.Extensions.DependencyModel.dll".
         Copying file from "/home/thomas/.nuget/packages/microsoft.identity.client/4.47.2/lib/netcoreapp2.1/Microsoft.Identity.Client.dll" to "/home/thomas/git/ribosoft/Ribosoft/bin/Debug/net8.0/Microsoft.Identity.Client.dll".
         Copying file from "/home/thomas/.nuget/packages/microsoft.identity.client.extensions.msal/2.19.3/lib/netcoreapp2.1/Microsoft.Identity.Client.Extensions.Msal.dll" to "/home/thomas/git/ribosoft/Ribosoft/bin/Debug/net8.0/Microsoft.Identity.Client.Extensions.Msal.dll".
         Copying file from "/home/thomas/.nuget/packages/microsoft.identitymodel.abstractions/6.24.0/lib/net6.0/Microsoft.IdentityModel.Abstractions.dll" to "/home/thomas/git/ribosoft/Ribosoft/bin/Debug/net8.0/Microsoft.IdentityModel.Abstractions.dll".
         Copying file from "/home/thomas/.nuget/packages/microsoft.identitymodel.jsonwebtokens/6.24.0/lib/net6.0/Microsoft.IdentityModel.JsonWebTokens.dll" to "/home/thomas/git/ribosoft/Ribosoft/bin/Debug/net8.0/Microsoft.IdentityModel.JsonWebTokens.dll".
         Copying file from "/home/thomas/.nuget/packages/microsoft.identitymodel.logging/6.24.0/lib/net6.0/Microsoft.IdentityModel.Logging.dll" to "/home/thomas/git/ribosoft/Ribosoft/bin/Debug/net8.0/Microsoft.IdentityModel.Logging.dll".
         Copying file from "/home/thomas/.nuget/packages/microsoft.identitymodel.protocols/6.24.0/lib/net6.0/Microsoft.IdentityModel.Protocols.dll" to "/home/thomas/git/ribosoft/Ribosoft/bin/Debug/net8.0/Microsoft.IdentityModel.Protocols.dll".
         Copying file from "/home/thomas/.nuget/packages/microsoft.identitymodel.protocols.openidconnect/6.24.0/lib/net6.0/Microsoft.IdentityModel.Protocols.OpenIdConnect.dll" to "/home/thomas/git/ribosoft/Ribosoft/bin/Debug/net8.0/Microsoft.IdentityModel.Protocols.OpenIdConnect.dll".
         Copying file from "/home/thomas/.nuget/packages/microsoft.identitymodel.tokens/6.24.0/lib/net6.0/Microsoft.IdentityModel.Tokens.dll" to "/home/thomas/git/ribosoft/Ribosoft/bin/Debug/net8.0/Microsoft.IdentityModel.Tokens.dll".
         Copying file from "/home/thomas/.nuget/packages/microsoft.net.stringtools/17.7.2/lib/net7.0/Microsoft.NET.StringTools.dll" to "/home/thomas/git/ribosoft/Ribosoft/bin/Debug/net8.0/Microsoft.NET.StringTools.dll".
         Copying file from "/home/thomas/.nuget/packages/microsoft.sqlserver.server/1.0.0/lib/netstandard2.0/Microsoft.SqlServer.Server.dll" to "/home/thomas/git/ribosoft/Ribosoft/bin/Debug/net8.0/Microsoft.SqlServer.Server.dll".
         Copying file from "/home/thomas/.nuget/packages/microsoft.visualstudio.web.browserlink/2.2.0/lib/netstandard2.0/Microsoft.VisualStudio.Web.BrowserLink.dll" to "/home/thomas/git/ribosoft/Ribosoft/bin/Debug/net8.0/Microsoft.VisualStudio.Web.BrowserLink.dll".
         Copying file from "/home/thomas/.nuget/packages/microsoft.visualstudio.web.codegeneration/8.0.0/lib/net8.0/Microsoft.VisualStudio.Web.CodeGeneration.dll" to "/home/thomas/git/ribosoft/Ribosoft/bin/Debug/net8.0/Microsoft.VisualStudio.Web.CodeGeneration.dll".
         Copying file from "/home/thomas/.nuget/packages/microsoft.visualstudio.web.codegeneration.design/8.0.0/lib/net8.0/dotnet-aspnet-codegenerator-design.dll" to "/home/thomas/git/ribosoft/Ribosoft/bin/Debug/net8.0/dotnet-aspnet-codegenerator-design.dll".
         Copying file from "/home/thomas/.nuget/packages/microsoft.visualstudio.web.codegeneration.core/8.0.0/lib/net8.0/Microsoft.VisualStudio.Web.CodeGeneration.Core.dll" to "/home/thomas/git/ribosoft/Ribosoft/bin/Debug/net8.0/Microsoft.VisualStudio.Web.CodeGeneration.Core.dll".
         Copying file from "/home/thomas/.nuget/packages/microsoft.visualstudio.web.codegeneration.entityframeworkcore/8.0.0/lib/net8.0/Microsoft.VisualStudio.Web.CodeGeneration.EntityFrameworkCore.dll" to "/home/thomas/git/ribosoft/Ribosoft/bin/Debug/net8.0/Microsoft.VisualStudio.Web.CodeGeneration.EntityFrameworkCore.dll".
         Copying file from "/home/thomas/.nuget/packages/microsoft.visualstudio.web.codegeneration.templating/8.0.0/lib/net8.0/Microsoft.VisualStudio.Web.CodeGeneration.Templating.dll" to "/home/thomas/git/ribosoft/Ribosoft/bin/Debug/net8.0/Microsoft.VisualStudio.Web.CodeGeneration.Templating.dll".
         Copying file from "/home/thomas/.nuget/packages/microsoft.visualstudio.web.codegeneration.utils/8.0.0/lib/net8.0/Microsoft.VisualStudio.Web.CodeGeneration.Utils.dll" to "/home/thomas/git/ribosoft/Ribosoft/bin/Debug/net8.0/Microsoft.VisualStudio.Web.CodeGeneration.Utils.dll".
         Copying file from "/home/thomas/.nuget/packages/microsoft.visualstudio.web.codegenerators.mvc/8.0.0/lib/net8.0/Microsoft.VisualStudio.Web.CodeGenerators.Mvc.dll" to "/home/thomas/git/ribosoft/Ribosoft/bin/Debug/net8.0/Microsoft.VisualStudio.Web.CodeGenerators.Mvc.dll".
         Copying file from "/home/thomas/.nuget/packages/microsoft.win32.systemevents/7.0.0/lib/net7.0/Microsoft.Win32.SystemEvents.dll" to "/home/thomas/git/ribosoft/Ribosoft/bin/Debug/net8.0/Microsoft.Win32.SystemEvents.dll".
         Copying file from "/home/thomas/.nuget/packages/mono.texttemplating/2.3.1/lib/netcoreapp3.1/Mono.TextTemplating.dll" to "/home/thomas/git/ribosoft/Ribosoft/bin/Debug/net8.0/Mono.TextTemplating.dll".
         Copying file from "/home/thomas/.nuget/packages/newtonsoft.json/13.0.3/lib/net6.0/Newtonsoft.Json.dll" to "/home/thomas/git/ribosoft/Ribosoft/bin/Debug/net8.0/Newtonsoft.Json.dll".
         Copying file from "/home/thomas/.nuget/packages/nlog/5.2.8/lib/netstandard2.0/NLog.dll" to "/home/thomas/git/ribosoft/Ribosoft/bin/Debug/net8.0/NLog.dll".
         Copying file from "/home/thomas/.nuget/packages/nlog.extensions.logging/5.3.8/lib/net8.0/NLog.Extensions.Logging.dll" to "/home/thomas/git/ribosoft/Ribosoft/bin/Debug/net8.0/NLog.Extensions.Logging.dll".
         Copying file from "/home/thomas/.nuget/packages/nlog.web.aspnetcore/5.3.8/lib/net8.0/NLog.Web.AspNetCore.dll" to "/home/thomas/git/ribosoft/Ribosoft/bin/Debug/net8.0/NLog.Web.AspNetCore.dll".
         Copying file from "/home/thomas/.nuget/packages/npgsql/8.0.0/lib/net8.0/Npgsql.dll" to "/home/thomas/git/ribosoft/Ribosoft/bin/Debug/net8.0/Npgsql.dll".
         Copying file from "/home/thomas/.nuget/packages/npgsql.entityframeworkcore.postgresql/8.0.0/lib/net8.0/Npgsql.EntityFrameworkCore.PostgreSQL.dll" to "/home/thomas/git/ribosoft/Ribosoft/bin/Debug/net8.0/Npgsql.EntityFrameworkCore.PostgreSQL.dll".
         Copying file from "/home/thomas/.nuget/packages/nuget.common/6.3.1/lib/netstandard2.0/NuGet.Common.dll" to "/home/thomas/git/ribosoft/Ribosoft/bin/Debug/net8.0/NuGet.Common.dll".
         Copying file from "/home/thomas/.nuget/packages/nuget.configuration/6.3.1/lib/netstandard2.0/NuGet.Configuration.dll" to "/home/thomas/git/ribosoft/Ribosoft/bin/Debug/net8.0/NuGet.Configuration.dll".
         Copying file from "/home/thomas/.nuget/packages/nuget.dependencyresolver.core/6.3.1/lib/net5.0/NuGet.DependencyResolver.Core.dll" to "/home/thomas/git/ribosoft/Ribosoft/bin/Debug/net8.0/NuGet.DependencyResolver.Core.dll".
         Copying file from "/home/thomas/.nuget/packages/nuget.frameworks/6.3.1/lib/netstandard2.0/NuGet.Frameworks.dll" to "/home/thomas/git/ribosoft/Ribosoft/bin/Debug/net8.0/NuGet.Frameworks.dll".
         Copying file from "/home/thomas/.nuget/packages/nuget.librarymodel/6.3.1/lib/netstandard2.0/NuGet.LibraryModel.dll" to "/home/thomas/git/ribosoft/Ribosoft/bin/Debug/net8.0/NuGet.LibraryModel.dll".
         Copying file from "/home/thomas/.nuget/packages/nuget.packaging/6.3.1/lib/net5.0/NuGet.Packaging.dll" to "/home/thomas/git/ribosoft/Ribosoft/bin/Debug/net8.0/NuGet.Packaging.dll".
         Copying file from "/home/thomas/.nuget/packages/nuget.projectmodel/6.3.1/lib/net5.0/NuGet.ProjectModel.dll" to "/home/thomas/git/ribosoft/Ribosoft/bin/Debug/net8.0/NuGet.ProjectModel.dll".
         Copying file from "/home/thomas/.nuget/packages/nuget.protocol/6.3.1/lib/net5.0/NuGet.Protocol.dll" to "/home/thomas/git/ribosoft/Ribosoft/bin/Debug/net8.0/NuGet.Protocol.dll".
         Copying file from "/home/thomas/.nuget/packages/nuget.versioning/6.3.1/lib/netstandard2.0/NuGet.Versioning.dll" to "/home/thomas/git/ribosoft/Ribosoft/bin/Debug/net8.0/NuGet.Versioning.dll".
         Copying file from "/home/thomas/.nuget/packages/sendgrid/9.29.3/lib/netstandard2.0/SendGrid.dll" to "/home/thomas/git/ribosoft/Ribosoft/bin/Debug/net8.0/SendGrid.dll".
         Copying file from "/home/thomas/.nuget/packages/sharpziplib/1.4.2/lib/net6.0/ICSharpCode.SharpZipLib.dll" to "/home/thomas/git/ribosoft/Ribosoft/bin/Debug/net8.0/ICSharpCode.SharpZipLib.dll".
         Copying file from "/home/thomas/.nuget/packages/starkbank-ecdsa/1.3.3/lib/netstandard2.1/StarkbankEcdsa.dll" to "/home/thomas/git/ribosoft/Ribosoft/bin/Debug/net8.0/StarkbankEcdsa.dll".
         Copying file from "/home/thomas/.nuget/packages/system.codedom/5.0.0/lib/netstandard2.0/System.CodeDom.dll" to "/home/thomas/git/ribosoft/Ribosoft/bin/Debug/net8.0/System.CodeDom.dll".
         Copying file from "/home/thomas/.nuget/packages/system.composition.attributedmodel/7.0.0/lib/net7.0/System.Composition.AttributedModel.dll" to "/home/thomas/git/ribosoft/Ribosoft/bin/Debug/net8.0/System.Composition.AttributedModel.dll".
         Copying file from "/home/thomas/.nuget/packages/system.composition.convention/7.0.0/lib/net7.0/System.Composition.Convention.dll" to "/home/thomas/git/ribosoft/Ribosoft/bin/Debug/net8.0/System.Composition.Convention.dll".
         Copying file from "/home/thomas/.nuget/packages/system.composition.hosting/7.0.0/lib/net7.0/System.Composition.Hosting.dll" to "/home/thomas/git/ribosoft/Ribosoft/bin/Debug/net8.0/System.Composition.Hosting.dll".
         Copying file from "/home/thomas/.nuget/packages/system.composition.runtime/7.0.0/lib/net7.0/System.Composition.Runtime.dll" to "/home/thomas/git/ribosoft/Ribosoft/bin/Debug/net8.0/System.Composition.Runtime.dll".
         Copying file from "/home/thomas/.nuget/packages/system.composition.typedparts/7.0.0/lib/net7.0/System.Composition.TypedParts.dll" to "/home/thomas/git/ribosoft/Ribosoft/bin/Debug/net8.0/System.Composition.TypedParts.dll".
         Copying file from "/home/thomas/.nuget/packages/system.configuration.configurationmanager/7.0.0/lib/net7.0/System.Configuration.ConfigurationManager.dll" to "/home/thomas/git/ribosoft/Ribosoft/bin/Debug/net8.0/System.Configuration.ConfigurationManager.dll".
         Copying file from "/home/thomas/.nuget/packages/system.memory.data/1.0.2/lib/netstandard2.0/System.Memory.Data.dll" to "/home/thomas/git/ribosoft/Ribosoft/bin/Debug/net8.0/System.Memory.Data.dll".
         Copying file from "/home/thomas/.nuget/packages/system.drawing.common/7.0.0/lib/net7.0/System.Drawing.Common.dll" to "/home/thomas/git/ribosoft/Ribosoft/bin/Debug/net8.0/System.Drawing.Common.dll".
         Copying file from "/home/thomas/.nuget/packages/system.identitymodel.tokens.jwt/6.24.0/lib/net6.0/System.IdentityModel.Tokens.Jwt.dll" to "/home/thomas/git/ribosoft/Ribosoft/bin/Debug/net8.0/System.IdentityModel.Tokens.Jwt.dll".
         Copying file from "/home/thomas/.nuget/packages/system.reflection.metadataloadcontext/7.0.0/lib/net7.0/System.Reflection.MetadataLoadContext.dll" to "/home/thomas/git/ribosoft/Ribosoft/bin/Debug/net8.0/System.Reflection.MetadataLoadContext.dll".
         Copying file from "/home/thomas/.nuget/packages/system.runtime.caching/6.0.0/lib/net6.0/System.Runtime.Caching.dll" to "/home/thomas/git/ribosoft/Ribosoft/bin/Debug/net8.0/System.Runtime.Caching.dll".
         Copying file from "/home/thomas/.nuget/packages/system.security.cryptography.protecteddata/7.0.0/lib/net7.0/System.Security.Cryptography.ProtectedData.dll" to "/home/thomas/git/ribosoft/Ribosoft/bin/Debug/net8.0/System.Security.Cryptography.ProtectedData.dll".
         Copying file from "/home/thomas/.nuget/packages/system.security.permissions/7.0.0/lib/net7.0/System.Security.Permissions.dll" to "/home/thomas/git/ribosoft/Ribosoft/bin/Debug/net8.0/System.Security.Permissions.dll".
         Copying file from "/home/thomas/.nuget/packages/system.windows.extensions/7.0.0/lib/net7.0/System.Windows.Extensions.dll" to "/home/thomas/git/ribosoft/Ribosoft/bin/Debug/net8.0/System.Windows.Extensions.dll".
         Copying file from "/home/thomas/.nuget/packages/hangfire.core/1.8.12/lib/netstandard2.0/ca/Hangfire.Core.resources.dll" to "/home/thomas/git/ribosoft/Ribosoft/bin/Debug/net8.0/ca/Hangfire.Core.resources.dll".
         Copying file from "/home/thomas/.nuget/packages/hangfire.core/1.8.12/lib/netstandard2.0/de/Hangfire.Core.resources.dll" to "/home/thomas/git/ribosoft/Ribosoft/bin/Debug/net8.0/de/Hangfire.Core.resources.dll".
         Copying file from "/home/thomas/.nuget/packages/hangfire.core/1.8.12/lib/netstandard2.0/es/Hangfire.Core.resources.dll" to "/home/thomas/git/ribosoft/Ribosoft/bin/Debug/net8.0/es/Hangfire.Core.resources.dll".
         Copying file from "/home/thomas/.nuget/packages/hangfire.core/1.8.12/lib/netstandard2.0/fa/Hangfire.Core.resources.dll" to "/home/thomas/git/ribosoft/Ribosoft/bin/Debug/net8.0/fa/Hangfire.Core.resources.dll".
         Copying file from "/home/thomas/.nuget/packages/hangfire.core/1.8.12/lib/netstandard2.0/fr/Hangfire.Core.resources.dll" to "/home/thomas/git/ribosoft/Ribosoft/bin/Debug/net8.0/fr/Hangfire.Core.resources.dll".
         Copying file from "/home/thomas/.nuget/packages/hangfire.core/1.8.12/lib/netstandard2.0/nl/Hangfire.Core.resources.dll" to "/home/thomas/git/ribosoft/Ribosoft/bin/Debug/net8.0/nl/Hangfire.Core.resources.dll".
         Copying file from "/home/thomas/.nuget/packages/hangfire.core/1.8.12/lib/netstandard2.0/nb/Hangfire.Core.resources.dll" to "/home/thomas/git/ribosoft/Ribosoft/bin/Debug/net8.0/nb/Hangfire.Core.resources.dll".
         Copying file from "/home/thomas/.nuget/packages/hangfire.core/1.8.12/lib/netstandard2.0/pt-BR/Hangfire.Core.resources.dll" to "/home/thomas/git/ribosoft/Ribosoft/bin/Debug/net8.0/pt-BR/Hangfire.Core.resources.dll".
         Copying file from "/home/thomas/.nuget/packages/hangfire.core/1.8.12/lib/netstandard2.0/pt-PT/Hangfire.Core.resources.dll" to "/home/thomas/git/ribosoft/Ribosoft/bin/Debug/net8.0/pt-PT/Hangfire.Core.resources.dll".
         Copying file from "/home/thomas/.nuget/packages/hangfire.core/1.8.12/lib/netstandard2.0/pt/Hangfire.Core.resources.dll" to "/home/thomas/git/ribosoft/Ribosoft/bin/Debug/net8.0/pt/Hangfire.Core.resources.dll".
         Copying file from "/home/thomas/.nuget/packages/hangfire.core/1.8.12/lib/netstandard2.0/tr-TR/Hangfire.Core.resources.dll" to "/home/thomas/git/ribosoft/Ribosoft/bin/Debug/net8.0/tr-TR/Hangfire.Core.resources.dll".
         Copying file from "/home/thomas/.nuget/packages/hangfire.core/1.8.12/lib/netstandard2.0/sv/Hangfire.Core.resources.dll" to "/home/thomas/git/ribosoft/Ribosoft/bin/Debug/net8.0/sv/Hangfire.Core.resources.dll".
         Copying file from "/home/thomas/.nuget/packages/hangfire.core/1.8.12/lib/netstandard2.0/zh-TW/Hangfire.Core.resources.dll" to "/home/thomas/git/ribosoft/Ribosoft/bin/Debug/net8.0/zh-TW/Hangfire.Core.resources.dll".
         Copying file from "/home/thomas/.nuget/packages/hangfire.core/1.8.12/lib/netstandard2.0/zh/Hangfire.Core.resources.dll" to "/home/thomas/git/ribosoft/Ribosoft/bin/Debug/net8.0/zh/Hangfire.Core.resources.dll".
         Copying file from "/home/thomas/.nuget/packages/humanizer.core.af/2.14.1/lib/net6.0/af/Humanizer.resources.dll" to "/home/thomas/git/ribosoft/Ribosoft/bin/Debug/net8.0/af/Humanizer.resources.dll".
         Copying file from "/home/thomas/.nuget/packages/humanizer.core.az/2.14.1/lib/net6.0/az/Humanizer.resources.dll" to "/home/thomas/git/ribosoft/Ribosoft/bin/Debug/net8.0/az/Humanizer.resources.dll".
         Copying file from "/home/thomas/.nuget/packages/humanizer.core.ar/2.14.1/lib/net6.0/ar/Humanizer.resources.dll" to "/home/thomas/git/ribosoft/Ribosoft/bin/Debug/net8.0/ar/Humanizer.resources.dll".
         Copying file from "/home/thomas/.nuget/packages/humanizer.core.bg/2.14.1/lib/net6.0/bg/Humanizer.resources.dll" to "/home/thomas/git/ribosoft/Ribosoft/bin/Debug/net8.0/bg/Humanizer.resources.dll".
         Copying file from "/home/thomas/.nuget/packages/humanizer.core.bn-bd/2.14.1/lib/net6.0/bn-BD/Humanizer.resources.dll" to "/home/thomas/git/ribosoft/Ribosoft/bin/Debug/net8.0/bn-BD/Humanizer.resources.dll".
         Copying file from "/home/thomas/.nuget/packages/humanizer.core.cs/2.14.1/lib/net6.0/cs/Humanizer.resources.dll" to "/home/thomas/git/ribosoft/Ribosoft/bin/Debug/net8.0/cs/Humanizer.resources.dll".
         Copying file from "/home/thomas/.nuget/packages/humanizer.core.de/2.14.1/lib/net6.0/de/Humanizer.resources.dll" to "/home/thomas/git/ribosoft/Ribosoft/bin/Debug/net8.0/de/Humanizer.resources.dll".
         Copying file from "/home/thomas/.nuget/packages/humanizer.core.da/2.14.1/lib/net6.0/da/Humanizer.resources.dll" to "/home/thomas/git/ribosoft/Ribosoft/bin/Debug/net8.0/da/Humanizer.resources.dll".
         Copying file from "/home/thomas/.nuget/packages/humanizer.core.el/2.14.1/lib/net6.0/el/Humanizer.resources.dll" to "/home/thomas/git/ribosoft/Ribosoft/bin/Debug/net8.0/el/Humanizer.resources.dll".
         Copying file from "/home/thomas/.nuget/packages/humanizer.core.es/2.14.1/lib/net6.0/es/Humanizer.resources.dll" to "/home/thomas/git/ribosoft/Ribosoft/bin/Debug/net8.0/es/Humanizer.resources.dll".
         Copying file from "/home/thomas/.nuget/packages/humanizer.core.fr/2.14.1/lib/net6.0/fr/Humanizer.resources.dll" to "/home/thomas/git/ribosoft/Ribosoft/bin/Debug/net8.0/fr/Humanizer.resources.dll".
         Copying file from "/home/thomas/.nuget/packages/humanizer.core.fa/2.14.1/lib/net6.0/fa/Humanizer.resources.dll" to "/home/thomas/git/ribosoft/Ribosoft/bin/Debug/net8.0/fa/Humanizer.resources.dll".
         Copying file from "/home/thomas/.nuget/packages/humanizer.core.fi-fi/2.14.1/lib/net6.0/fi-FI/Humanizer.resources.dll" to "/home/thomas/git/ribosoft/Ribosoft/bin/Debug/net8.0/fi-FI/Humanizer.resources.dll".
         Copying file from "/home/thomas/.nuget/packages/humanizer.core.fr-be/2.14.1/lib/net6.0/fr-BE/Humanizer.resources.dll" to "/home/thomas/git/ribosoft/Ribosoft/bin/Debug/net8.0/fr-BE/Humanizer.resources.dll".
         Copying file from "/home/thomas/.nuget/packages/humanizer.core.he/2.14.1/lib/net6.0/he/Humanizer.resources.dll" to "/home/thomas/git/ribosoft/Ribosoft/bin/Debug/net8.0/he/Humanizer.resources.dll".
         Copying file from "/home/thomas/.nuget/packages/humanizer.core.hr/2.14.1/lib/net6.0/hr/Humanizer.resources.dll" to "/home/thomas/git/ribosoft/Ribosoft/bin/Debug/net8.0/hr/Humanizer.resources.dll".
         Copying file from "/home/thomas/.nuget/packages/humanizer.core.hy/2.14.1/lib/net6.0/hy/Humanizer.resources.dll" to "/home/thomas/git/ribosoft/Ribosoft/bin/Debug/net8.0/hy/Humanizer.resources.dll".
         Copying file from "/home/thomas/.nuget/packages/humanizer.core.id/2.14.1/lib/net6.0/id/Humanizer.resources.dll" to "/home/thomas/git/ribosoft/Ribosoft/bin/Debug/net8.0/id/Humanizer.resources.dll".
         Copying file from "/home/thomas/.nuget/packages/humanizer.core.hu/2.14.1/lib/net6.0/hu/Humanizer.resources.dll" to "/home/thomas/git/ribosoft/Ribosoft/bin/Debug/net8.0/hu/Humanizer.resources.dll".
         Copying file from "/home/thomas/.nuget/packages/humanizer.core.it/2.14.1/lib/net6.0/it/Humanizer.resources.dll" to "/home/thomas/git/ribosoft/Ribosoft/bin/Debug/net8.0/it/Humanizer.resources.dll".
         Copying file from "/home/thomas/.nuget/packages/humanizer.core.is/2.14.1/lib/net6.0/is/Humanizer.resources.dll" to "/home/thomas/git/ribosoft/Ribosoft/bin/Debug/net8.0/is/Humanizer.resources.dll".
         Copying file from "/home/thomas/.nuget/packages/humanizer.core.ja/2.14.1/lib/net6.0/ja/Humanizer.resources.dll" to "/home/thomas/git/ribosoft/Ribosoft/bin/Debug/net8.0/ja/Humanizer.resources.dll".
         Copying file from "/home/thomas/.nuget/packages/humanizer.core.ko-kr/2.14.1/lib/netstandard2.0/ko-KR/Humanizer.resources.dll" to "/home/thomas/git/ribosoft/Ribosoft/bin/Debug/net8.0/ko-KR/Humanizer.resources.dll".
         Copying file from "/home/thomas/.nuget/packages/humanizer.core.ku/2.14.1/lib/net6.0/ku/Humanizer.resources.dll" to "/home/thomas/git/ribosoft/Ribosoft/bin/Debug/net8.0/ku/Humanizer.resources.dll".
         Copying file from "/home/thomas/.nuget/packages/humanizer.core.ms-my/2.14.1/lib/netstandard2.0/ms-MY/Humanizer.resources.dll" to "/home/thomas/git/ribosoft/Ribosoft/bin/Debug/net8.0/ms-MY/Humanizer.resources.dll".
         Copying file from "/home/thomas/.nuget/packages/humanizer.core.lv/2.14.1/lib/net6.0/lv/Humanizer.resources.dll" to "/home/thomas/git/ribosoft/Ribosoft/bin/Debug/net8.0/lv/Humanizer.resources.dll".
         Copying file from "/home/thomas/.nuget/packages/humanizer.core.mt/2.14.1/lib/netstandard2.0/mt/Humanizer.resources.dll" to "/home/thomas/git/ribosoft/Ribosoft/bin/Debug/net8.0/mt/Humanizer.resources.dll".
         Copying file from "/home/thomas/.nuget/packages/humanizer.core.nb/2.14.1/lib/net6.0/nb/Humanizer.resources.dll" to "/home/thomas/git/ribosoft/Ribosoft/bin/Debug/net8.0/nb/Humanizer.resources.dll".
         Copying file from "/home/thomas/.nuget/packages/humanizer.core.pt/2.14.1/lib/net6.0/pt/Humanizer.resources.dll" to "/home/thomas/git/ribosoft/Ribosoft/bin/Debug/net8.0/pt/Humanizer.resources.dll".
         Copying file from "/home/thomas/.nuget/packages/humanizer.core.pl/2.14.1/lib/net6.0/pl/Humanizer.resources.dll" to "/home/thomas/git/ribosoft/Ribosoft/bin/Debug/net8.0/pl/Humanizer.resources.dll".
         Copying file from "/home/thomas/.nuget/packages/humanizer.core.nb-no/2.14.1/lib/net6.0/nb-NO/Humanizer.resources.dll" to "/home/thomas/git/ribosoft/Ribosoft/bin/Debug/net8.0/nb-NO/Humanizer.resources.dll".
         Copying file from "/home/thomas/.nuget/packages/humanizer.core.ro/2.14.1/lib/net6.0/ro/Humanizer.resources.dll" to "/home/thomas/git/ribosoft/Ribosoft/bin/Debug/net8.0/ro/Humanizer.resources.dll".
         Copying file from "/home/thomas/.nuget/packages/humanizer.core.nl/2.14.1/lib/net6.0/nl/Humanizer.resources.dll" to "/home/thomas/git/ribosoft/Ribosoft/bin/Debug/net8.0/nl/Humanizer.resources.dll".
         Copying file from "/home/thomas/.nuget/packages/humanizer.core.ru/2.14.1/lib/net6.0/ru/Humanizer.resources.dll" to "/home/thomas/git/ribosoft/Ribosoft/bin/Debug/net8.0/ru/Humanizer.resources.dll".
         Copying file from "/home/thomas/.nuget/packages/humanizer.core.sl/2.14.1/lib/net6.0/sl/Humanizer.resources.dll" to "/home/thomas/git/ribosoft/Ribosoft/bin/Debug/net8.0/sl/Humanizer.resources.dll".
         Copying file from "/home/thomas/.nuget/packages/humanizer.core.sr/2.14.1/lib/net6.0/sr/Humanizer.resources.dll" to "/home/thomas/git/ribosoft/Ribosoft/bin/Debug/net8.0/sr/Humanizer.resources.dll".
         Copying file from "/home/thomas/.nuget/packages/humanizer.core.sk/2.14.1/lib/net6.0/sk/Humanizer.resources.dll" to "/home/thomas/git/ribosoft/Ribosoft/bin/Debug/net8.0/sk/Humanizer.resources.dll".
         Copying file from "/home/thomas/.nuget/packages/humanizer.core.sr-latn/2.14.1/lib/net6.0/sr-Latn/Humanizer.resources.dll" to "/home/thomas/git/ribosoft/Ribosoft/bin/Debug/net8.0/sr-Latn/Humanizer.resources.dll".
         Copying file from "/home/thomas/.nuget/packages/humanizer.core.sv/2.14.1/lib/net6.0/sv/Humanizer.resources.dll" to "/home/thomas/git/ribosoft/Ribosoft/bin/Debug/net8.0/sv/Humanizer.resources.dll".
         Copying file from "/home/thomas/.nuget/packages/humanizer.core.tr/2.14.1/lib/net6.0/tr/Humanizer.resources.dll" to "/home/thomas/git/ribosoft/Ribosoft/bin/Debug/net8.0/tr/Humanizer.resources.dll".
         Copying file from "/home/thomas/.nuget/packages/humanizer.core.th-th/2.14.1/lib/netstandard2.0/th-TH/Humanizer.resources.dll" to "/home/thomas/git/ribosoft/Ribosoft/bin/Debug/net8.0/th-TH/Humanizer.resources.dll".
         Copying file from "/home/thomas/.nuget/packages/humanizer.core.uz-cyrl-uz/2.14.1/lib/net6.0/uz-Cyrl-UZ/Humanizer.resources.dll" to "/home/thomas/git/ribosoft/Ribosoft/bin/Debug/net8.0/uz-Cyrl-UZ/Humanizer.resources.dll".
         Copying file from "/home/thomas/.nuget/packages/humanizer.core.uk/2.14.1/lib/net6.0/uk/Humanizer.resources.dll" to "/home/thomas/git/ribosoft/Ribosoft/bin/Debug/net8.0/uk/Humanizer.resources.dll".
         Copying file from "/home/thomas/.nuget/packages/humanizer.core.uz-latn-uz/2.14.1/lib/net6.0/uz-Latn-UZ/Humanizer.resources.dll" to "/home/thomas/git/ribosoft/Ribosoft/bin/Debug/net8.0/uz-Latn-UZ/Humanizer.resources.dll".
         Copying file from "/home/thomas/.nuget/packages/humanizer.core.vi/2.14.1/lib/net6.0/vi/Humanizer.resources.dll" to "/home/thomas/git/ribosoft/Ribosoft/bin/Debug/net8.0/vi/Humanizer.resources.dll".
         Copying file from "/home/thomas/.nuget/packages/humanizer.core.zh-hant/2.14.1/lib/net6.0/zh-Hant/Humanizer.resources.dll" to "/home/thomas/git/ribosoft/Ribosoft/bin/Debug/net8.0/zh-Hant/Humanizer.resources.dll".
         Copying file from "/home/thomas/.nuget/packages/humanizer.core.zh-hans/2.14.1/lib/net6.0/zh-Hans/Humanizer.resources.dll" to "/home/thomas/git/ribosoft/Ribosoft/bin/Debug/net8.0/zh-Hans/Humanizer.resources.dll".
         Copying file from "/home/thomas/.nuget/packages/microsoft.codeanalysis.common/4.8.0/lib/net7.0/de/Microsoft.CodeAnalysis.resources.dll" to "/home/thomas/git/ribosoft/Ribosoft/bin/Debug/net8.0/de/Microsoft.CodeAnalysis.resources.dll".
         Copying file from "/home/thomas/.nuget/packages/microsoft.codeanalysis.common/4.8.0/lib/net7.0/cs/Microsoft.CodeAnalysis.resources.dll" to "/home/thomas/git/ribosoft/Ribosoft/bin/Debug/net8.0/cs/Microsoft.CodeAnalysis.resources.dll".
         Copying file from "/home/thomas/.nuget/packages/humanizer.core.zh-cn/2.14.1/lib/net6.0/zh-CN/Humanizer.resources.dll" to "/home/thomas/git/ribosoft/Ribosoft/bin/Debug/net8.0/zh-CN/Humanizer.resources.dll".
         Copying file from "/home/thomas/.nuget/packages/microsoft.codeanalysis.common/4.8.0/lib/net7.0/es/Microsoft.CodeAnalysis.resources.dll" to "/home/thomas/git/ribosoft/Ribosoft/bin/Debug/net8.0/es/Microsoft.CodeAnalysis.resources.dll".
         Copying file from "/home/thomas/.nuget/packages/microsoft.codeanalysis.common/4.8.0/lib/net7.0/fr/Microsoft.CodeAnalysis.resources.dll" to "/home/thomas/git/ribosoft/Ribosoft/bin/Debug/net8.0/fr/Microsoft.CodeAnalysis.resources.dll".
         Copying file from "/home/thomas/.nuget/packages/microsoft.codeanalysis.common/4.8.0/lib/net7.0/ja/Microsoft.CodeAnalysis.resources.dll" to "/home/thomas/git/ribosoft/Ribosoft/bin/Debug/net8.0/ja/Microsoft.CodeAnalysis.resources.dll".
         Copying file from "/home/thomas/.nuget/packages/microsoft.codeanalysis.common/4.8.0/lib/net7.0/ko/Microsoft.CodeAnalysis.resources.dll" to "/home/thomas/git/ribosoft/Ribosoft/bin/Debug/net8.0/ko/Microsoft.CodeAnalysis.resources.dll".
         Copying file from "/home/thomas/.nuget/packages/microsoft.codeanalysis.common/4.8.0/lib/net7.0/it/Microsoft.CodeAnalysis.resources.dll" to "/home/thomas/git/ribosoft/Ribosoft/bin/Debug/net8.0/it/Microsoft.CodeAnalysis.resources.dll".
         Copying file from "/home/thomas/.nuget/packages/microsoft.codeanalysis.common/4.8.0/lib/net7.0/pl/Microsoft.CodeAnalysis.resources.dll" to "/home/thomas/git/ribosoft/Ribosoft/bin/Debug/net8.0/pl/Microsoft.CodeAnalysis.resources.dll".
         Copying file from "/home/thomas/.nuget/packages/microsoft.codeanalysis.common/4.8.0/lib/net7.0/tr/Microsoft.CodeAnalysis.resources.dll" to "/home/thomas/git/ribosoft/Ribosoft/bin/Debug/net8.0/tr/Microsoft.CodeAnalysis.resources.dll".
         Copying file from "/home/thomas/.nuget/packages/microsoft.codeanalysis.common/4.8.0/lib/net7.0/zh-Hans/Microsoft.CodeAnalysis.resources.dll" to "/home/thomas/git/ribosoft/Ribosoft/bin/Debug/net8.0/zh-Hans/Microsoft.CodeAnalysis.resources.dll".
         Copying file from "/home/thomas/.nuget/packages/microsoft.codeanalysis.common/4.8.0/lib/net7.0/zh-Hant/Microsoft.CodeAnalysis.resources.dll" to "/home/thomas/git/ribosoft/Ribosoft/bin/Debug/net8.0/zh-Hant/Microsoft.CodeAnalysis.resources.dll".
         Copying file from "/home/thomas/.nuget/packages/microsoft.codeanalysis.common/4.8.0/lib/net7.0/pt-BR/Microsoft.CodeAnalysis.resources.dll" to "/home/thomas/git/ribosoft/Ribosoft/bin/Debug/net8.0/pt-BR/Microsoft.CodeAnalysis.resources.dll".
         Copying file from "/home/thomas/.nuget/packages/microsoft.codeanalysis.csharp/4.8.0/lib/net7.0/cs/Microsoft.CodeAnalysis.CSharp.resources.dll" to "/home/thomas/git/ribosoft/Ribosoft/bin/Debug/net8.0/cs/Microsoft.CodeAnalysis.CSharp.resources.dll".
         Copying file from "/home/thomas/.nuget/packages/microsoft.codeanalysis.common/4.8.0/lib/net7.0/ru/Microsoft.CodeAnalysis.resources.dll" to "/home/thomas/git/ribosoft/Ribosoft/bin/Debug/net8.0/ru/Microsoft.CodeAnalysis.resources.dll".
         Copying file from "/home/thomas/.nuget/packages/microsoft.codeanalysis.csharp/4.8.0/lib/net7.0/de/Microsoft.CodeAnalysis.CSharp.resources.dll" to "/home/thomas/git/ribosoft/Ribosoft/bin/Debug/net8.0/de/Microsoft.CodeAnalysis.CSharp.resources.dll".
         Copying file from "/home/thomas/.nuget/packages/microsoft.codeanalysis.csharp/4.8.0/lib/net7.0/fr/Microsoft.CodeAnalysis.CSharp.resources.dll" to "/home/thomas/git/ribosoft/Ribosoft/bin/Debug/net8.0/fr/Microsoft.CodeAnalysis.CSharp.resources.dll".
         Copying file from "/home/thomas/.nuget/packages/microsoft.codeanalysis.csharp/4.8.0/lib/net7.0/es/Microsoft.CodeAnalysis.CSharp.resources.dll" to "/home/thomas/git/ribosoft/Ribosoft/bin/Debug/net8.0/es/Microsoft.CodeAnalysis.CSharp.resources.dll".
         Copying file from "/home/thomas/.nuget/packages/microsoft.codeanalysis.csharp/4.8.0/lib/net7.0/it/Microsoft.CodeAnalysis.CSharp.resources.dll" to "/home/thomas/git/ribosoft/Ribosoft/bin/Debug/net8.0/it/Microsoft.CodeAnalysis.CSharp.resources.dll".
         Copying file from "/home/thomas/.nuget/packages/microsoft.codeanalysis.csharp/4.8.0/lib/net7.0/ja/Microsoft.CodeAnalysis.CSharp.resources.dll" to "/home/thomas/git/ribosoft/Ribosoft/bin/Debug/net8.0/ja/Microsoft.CodeAnalysis.CSharp.resources.dll".
         Copying file from "/home/thomas/.nuget/packages/microsoft.codeanalysis.csharp/4.8.0/lib/net7.0/pt-BR/Microsoft.CodeAnalysis.CSharp.resources.dll" to "/home/thomas/git/ribosoft/Ribosoft/bin/Debug/net8.0/pt-BR/Microsoft.CodeAnalysis.CSharp.resources.dll".
         Copying file from "/home/thomas/.nuget/packages/microsoft.codeanalysis.csharp/4.8.0/lib/net7.0/ko/Microsoft.CodeAnalysis.CSharp.resources.dll" to "/home/thomas/git/ribosoft/Ribosoft/bin/Debug/net8.0/ko/Microsoft.CodeAnalysis.CSharp.resources.dll".
         Copying file from "/home/thomas/.nuget/packages/microsoft.codeanalysis.csharp/4.8.0/lib/net7.0/pl/Microsoft.CodeAnalysis.CSharp.resources.dll" to "/home/thomas/git/ribosoft/Ribosoft/bin/Debug/net8.0/pl/Microsoft.CodeAnalysis.CSharp.resources.dll".
         Copying file from "/home/thomas/.nuget/packages/microsoft.codeanalysis.csharp/4.8.0/lib/net7.0/ru/Microsoft.CodeAnalysis.CSharp.resources.dll" to "/home/thomas/git/ribosoft/Ribosoft/bin/Debug/net8.0/ru/Microsoft.CodeAnalysis.CSharp.resources.dll".
         Copying file from "/home/thomas/.nuget/packages/microsoft.codeanalysis.csharp/4.8.0/lib/net7.0/tr/Microsoft.CodeAnalysis.CSharp.resources.dll" to "/home/thomas/git/ribosoft/Ribosoft/bin/Debug/net8.0/tr/Microsoft.CodeAnalysis.CSharp.resources.dll".
         Copying file from "/home/thomas/.nuget/packages/microsoft.codeanalysis.csharp/4.8.0/lib/net7.0/zh-Hans/Microsoft.CodeAnalysis.CSharp.resources.dll" to "/home/thomas/git/ribosoft/Ribosoft/bin/Debug/net8.0/zh-Hans/Microsoft.CodeAnalysis.CSharp.resources.dll".
         Copying file from "/home/thomas/.nuget/packages/microsoft.codeanalysis.csharp/4.8.0/lib/net7.0/zh-Hant/Microsoft.CodeAnalysis.CSharp.resources.dll" to "/home/thomas/git/ribosoft/Ribosoft/bin/Debug/net8.0/zh-Hant/Microsoft.CodeAnalysis.CSharp.resources.dll".
         Copying file from "/home/thomas/.nuget/packages/microsoft.codeanalysis.csharp.features/4.8.0/lib/net7.0/cs/Microsoft.CodeAnalysis.CSharp.Features.resources.dll" to "/home/thomas/git/ribosoft/Ribosoft/bin/Debug/net8.0/cs/Microsoft.CodeAnalysis.CSharp.Features.resources.dll".
         Copying file from "/home/thomas/.nuget/packages/microsoft.codeanalysis.csharp.features/4.8.0/lib/net7.0/de/Microsoft.CodeAnalysis.CSharp.Features.resources.dll" to "/home/thomas/git/ribosoft/Ribosoft/bin/Debug/net8.0/de/Microsoft.CodeAnalysis.CSharp.Features.resources.dll".
         Copying file from "/home/thomas/.nuget/packages/microsoft.codeanalysis.csharp.features/4.8.0/lib/net7.0/fr/Microsoft.CodeAnalysis.CSharp.Features.resources.dll" to "/home/thomas/git/ribosoft/Ribosoft/bin/Debug/net8.0/fr/Microsoft.CodeAnalysis.CSharp.Features.resources.dll".
         Copying file from "/home/thomas/.nuget/packages/microsoft.codeanalysis.csharp.features/4.8.0/lib/net7.0/es/Microsoft.CodeAnalysis.CSharp.Features.resources.dll" to "/home/thomas/git/ribosoft/Ribosoft/bin/Debug/net8.0/es/Microsoft.CodeAnalysis.CSharp.Features.resources.dll".
         Copying file from "/home/thomas/.nuget/packages/microsoft.codeanalysis.csharp.features/4.8.0/lib/net7.0/it/Microsoft.CodeAnalysis.CSharp.Features.resources.dll" to "/home/thomas/git/ribosoft/Ribosoft/bin/Debug/net8.0/it/Microsoft.CodeAnalysis.CSharp.Features.resources.dll".
         Copying file from "/home/thomas/.nuget/packages/microsoft.codeanalysis.csharp.features/4.8.0/lib/net7.0/ja/Microsoft.CodeAnalysis.CSharp.Features.resources.dll" to "/home/thomas/git/ribosoft/Ribosoft/bin/Debug/net8.0/ja/Microsoft.CodeAnalysis.CSharp.Features.resources.dll".
         Copying file from "/home/thomas/.nuget/packages/microsoft.codeanalysis.csharp.features/4.8.0/lib/net7.0/ko/Microsoft.CodeAnalysis.CSharp.Features.resources.dll" to "/home/thomas/git/ribosoft/Ribosoft/bin/Debug/net8.0/ko/Microsoft.CodeAnalysis.CSharp.Features.resources.dll".
         Copying file from "/home/thomas/.nuget/packages/microsoft.codeanalysis.csharp.features/4.8.0/lib/net7.0/pl/Microsoft.CodeAnalysis.CSharp.Features.resources.dll" to "/home/thomas/git/ribosoft/Ribosoft/bin/Debug/net8.0/pl/Microsoft.CodeAnalysis.CSharp.Features.resources.dll".
         Copying file from "/home/thomas/.nuget/packages/microsoft.codeanalysis.csharp.features/4.8.0/lib/net7.0/pt-BR/Microsoft.CodeAnalysis.CSharp.Features.resources.dll" to "/home/thomas/git/ribosoft/Ribosoft/bin/Debug/net8.0/pt-BR/Microsoft.CodeAnalysis.CSharp.Features.resources.dll".
         Copying file from "/home/thomas/.nuget/packages/microsoft.codeanalysis.csharp.features/4.8.0/lib/net7.0/ru/Microsoft.CodeAnalysis.CSharp.Features.resources.dll" to "/home/thomas/git/ribosoft/Ribosoft/bin/Debug/net8.0/ru/Microsoft.CodeAnalysis.CSharp.Features.resources.dll".
         Copying file from "/home/thomas/.nuget/packages/microsoft.codeanalysis.csharp.features/4.8.0/lib/net7.0/tr/Microsoft.CodeAnalysis.CSharp.Features.resources.dll" to "/home/thomas/git/ribosoft/Ribosoft/bin/Debug/net8.0/tr/Microsoft.CodeAnalysis.CSharp.Features.resources.dll".
         Copying file from "/home/thomas/.nuget/packages/microsoft.codeanalysis.csharp.features/4.8.0/lib/net7.0/zh-Hans/Microsoft.CodeAnalysis.CSharp.Features.resources.dll" to "/home/thomas/git/ribosoft/Ribosoft/bin/Debug/net8.0/zh-Hans/Microsoft.CodeAnalysis.CSharp.Features.resources.dll".
         Copying file from "/home/thomas/.nuget/packages/microsoft.codeanalysis.csharp.features/4.8.0/lib/net7.0/zh-Hant/Microsoft.CodeAnalysis.CSharp.Features.resources.dll" to "/home/thomas/git/ribosoft/Ribosoft/bin/Debug/net8.0/zh-Hant/Microsoft.CodeAnalysis.CSharp.Features.resources.dll".
         Copying file from "/home/thomas/.nuget/packages/microsoft.codeanalysis.csharp.workspaces/4.8.0/lib/net7.0/cs/Microsoft.CodeAnalysis.CSharp.Workspaces.resources.dll" to "/home/thomas/git/ribosoft/Ribosoft/bin/Debug/net8.0/cs/Microsoft.CodeAnalysis.CSharp.Workspaces.resources.dll".
         Copying file from "/home/thomas/.nuget/packages/microsoft.codeanalysis.csharp.workspaces/4.8.0/lib/net7.0/de/Microsoft.CodeAnalysis.CSharp.Workspaces.resources.dll" to "/home/thomas/git/ribosoft/Ribosoft/bin/Debug/net8.0/de/Microsoft.CodeAnalysis.CSharp.Workspaces.resources.dll".
         Copying file from "/home/thomas/.nuget/packages/microsoft.codeanalysis.csharp.workspaces/4.8.0/lib/net7.0/es/Microsoft.CodeAnalysis.CSharp.Workspaces.resources.dll" to "/home/thomas/git/ribosoft/Ribosoft/bin/Debug/net8.0/es/Microsoft.CodeAnalysis.CSharp.Workspaces.resources.dll".
         Copying file from "/home/thomas/.nuget/packages/microsoft.codeanalysis.csharp.workspaces/4.8.0/lib/net7.0/fr/Microsoft.CodeAnalysis.CSharp.Workspaces.resources.dll" to "/home/thomas/git/ribosoft/Ribosoft/bin/Debug/net8.0/fr/Microsoft.CodeAnalysis.CSharp.Workspaces.resources.dll".
         Copying file from "/home/thomas/.nuget/packages/microsoft.codeanalysis.csharp.workspaces/4.8.0/lib/net7.0/it/Microsoft.CodeAnalysis.CSharp.Workspaces.resources.dll" to "/home/thomas/git/ribosoft/Ribosoft/bin/Debug/net8.0/it/Microsoft.CodeAnalysis.CSharp.Workspaces.resources.dll".
         Copying file from "/home/thomas/.nuget/packages/microsoft.codeanalysis.csharp.workspaces/4.8.0/lib/net7.0/ja/Microsoft.CodeAnalysis.CSharp.Workspaces.resources.dll" to "/home/thomas/git/ribosoft/Ribosoft/bin/Debug/net8.0/ja/Microsoft.CodeAnalysis.CSharp.Workspaces.resources.dll".
         Copying file from "/home/thomas/.nuget/packages/microsoft.codeanalysis.csharp.workspaces/4.8.0/lib/net7.0/pl/Microsoft.CodeAnalysis.CSharp.Workspaces.resources.dll" to "/home/thomas/git/ribosoft/Ribosoft/bin/Debug/net8.0/pl/Microsoft.CodeAnalysis.CSharp.Workspaces.resources.dll".
         Copying file from "/home/thomas/.nuget/packages/microsoft.codeanalysis.csharp.workspaces/4.8.0/lib/net7.0/ko/Microsoft.CodeAnalysis.CSharp.Workspaces.resources.dll" to "/home/thomas/git/ribosoft/Ribosoft/bin/Debug/net8.0/ko/Microsoft.CodeAnalysis.CSharp.Workspaces.resources.dll".
         Copying file from "/home/thomas/.nuget/packages/microsoft.codeanalysis.csharp.workspaces/4.8.0/lib/net7.0/pt-BR/Microsoft.CodeAnalysis.CSharp.Workspaces.resources.dll" to "/home/thomas/git/ribosoft/Ribosoft/bin/Debug/net8.0/pt-BR/Microsoft.CodeAnalysis.CSharp.Workspaces.resources.dll".
         Copying file from "/home/thomas/.nuget/packages/microsoft.codeanalysis.csharp.workspaces/4.8.0/lib/net7.0/ru/Microsoft.CodeAnalysis.CSharp.Workspaces.resources.dll" to "/home/thomas/git/ribosoft/Ribosoft/bin/Debug/net8.0/ru/Microsoft.CodeAnalysis.CSharp.Workspaces.resources.dll".
         Copying file from "/home/thomas/.nuget/packages/microsoft.codeanalysis.csharp.workspaces/4.8.0/lib/net7.0/zh-Hant/Microsoft.CodeAnalysis.CSharp.Workspaces.resources.dll" to "/home/thomas/git/ribosoft/Ribosoft/bin/Debug/net8.0/zh-Hant/Microsoft.CodeAnalysis.CSharp.Workspaces.resources.dll".
         Copying file from "/home/thomas/.nuget/packages/microsoft.codeanalysis.csharp.workspaces/4.8.0/lib/net7.0/zh-Hans/Microsoft.CodeAnalysis.CSharp.Workspaces.resources.dll" to "/home/thomas/git/ribosoft/Ribosoft/bin/Debug/net8.0/zh-Hans/Microsoft.CodeAnalysis.CSharp.Workspaces.resources.dll".
         Copying file from "/home/thomas/.nuget/packages/microsoft.codeanalysis.csharp.workspaces/4.8.0/lib/net7.0/tr/Microsoft.CodeAnalysis.CSharp.Workspaces.resources.dll" to "/home/thomas/git/ribosoft/Ribosoft/bin/Debug/net8.0/tr/Microsoft.CodeAnalysis.CSharp.Workspaces.resources.dll".
         Copying file from "/home/thomas/.nuget/packages/microsoft.codeanalysis.features/4.8.0/lib/net7.0/cs/Microsoft.CodeAnalysis.Features.resources.dll" to "/home/thomas/git/ribosoft/Ribosoft/bin/Debug/net8.0/cs/Microsoft.CodeAnalysis.Features.resources.dll".
         Copying file from "/home/thomas/.nuget/packages/microsoft.codeanalysis.features/4.8.0/lib/net7.0/de/Microsoft.CodeAnalysis.Features.resources.dll" to "/home/thomas/git/ribosoft/Ribosoft/bin/Debug/net8.0/de/Microsoft.CodeAnalysis.Features.resources.dll".
         Copying file from "/home/thomas/.nuget/packages/microsoft.codeanalysis.features/4.8.0/lib/net7.0/es/Microsoft.CodeAnalysis.Features.resources.dll" to "/home/thomas/git/ribosoft/Ribosoft/bin/Debug/net8.0/es/Microsoft.CodeAnalysis.Features.resources.dll".
         Copying file from "/home/thomas/.nuget/packages/microsoft.codeanalysis.features/4.8.0/lib/net7.0/it/Microsoft.CodeAnalysis.Features.resources.dll" to "/home/thomas/git/ribosoft/Ribosoft/bin/Debug/net8.0/it/Microsoft.CodeAnalysis.Features.resources.dll".
         Copying file from "/home/thomas/.nuget/packages/microsoft.codeanalysis.features/4.8.0/lib/net7.0/fr/Microsoft.CodeAnalysis.Features.resources.dll" to "/home/thomas/git/ribosoft/Ribosoft/bin/Debug/net8.0/fr/Microsoft.CodeAnalysis.Features.resources.dll".
         Copying file from "/home/thomas/.nuget/packages/microsoft.codeanalysis.features/4.8.0/lib/net7.0/ja/Microsoft.CodeAnalysis.Features.resources.dll" to "/home/thomas/git/ribosoft/Ribosoft/bin/Debug/net8.0/ja/Microsoft.CodeAnalysis.Features.resources.dll".
         Copying file from "/home/thomas/.nuget/packages/microsoft.codeanalysis.features/4.8.0/lib/net7.0/ko/Microsoft.CodeAnalysis.Features.resources.dll" to "/home/thomas/git/ribosoft/Ribosoft/bin/Debug/net8.0/ko/Microsoft.CodeAnalysis.Features.resources.dll".
         Copying file from "/home/thomas/.nuget/packages/microsoft.codeanalysis.features/4.8.0/lib/net7.0/pl/Microsoft.CodeAnalysis.Features.resources.dll" to "/home/thomas/git/ribosoft/Ribosoft/bin/Debug/net8.0/pl/Microsoft.CodeAnalysis.Features.resources.dll".
         Copying file from "/home/thomas/.nuget/packages/microsoft.codeanalysis.features/4.8.0/lib/net7.0/pt-BR/Microsoft.CodeAnalysis.Features.resources.dll" to "/home/thomas/git/ribosoft/Ribosoft/bin/Debug/net8.0/pt-BR/Microsoft.CodeAnalysis.Features.resources.dll".
         Copying file from "/home/thomas/.nuget/packages/microsoft.codeanalysis.features/4.8.0/lib/net7.0/ru/Microsoft.CodeAnalysis.Features.resources.dll" to "/home/thomas/git/ribosoft/Ribosoft/bin/Debug/net8.0/ru/Microsoft.CodeAnalysis.Features.resources.dll".
         Copying file from "/home/thomas/.nuget/packages/microsoft.codeanalysis.features/4.8.0/lib/net7.0/zh-Hans/Microsoft.CodeAnalysis.Features.resources.dll" to "/home/thomas/git/ribosoft/Ribosoft/bin/Debug/net8.0/zh-Hans/Microsoft.CodeAnalysis.Features.resources.dll".
         Copying file from "/home/thomas/.nuget/packages/microsoft.codeanalysis.features/4.8.0/lib/net7.0/tr/Microsoft.CodeAnalysis.Features.resources.dll" to "/home/thomas/git/ribosoft/Ribosoft/bin/Debug/net8.0/tr/Microsoft.CodeAnalysis.Features.resources.dll".
         Copying file from "/home/thomas/.nuget/packages/microsoft.codeanalysis.features/4.8.0/lib/net7.0/zh-Hant/Microsoft.CodeAnalysis.Features.resources.dll" to "/home/thomas/git/ribosoft/Ribosoft/bin/Debug/net8.0/zh-Hant/Microsoft.CodeAnalysis.Features.resources.dll".
         Copying file from "/home/thomas/.nuget/packages/microsoft.codeanalysis.scripting.common/4.8.0/lib/net7.0/cs/Microsoft.CodeAnalysis.Scripting.resources.dll" to "/home/thomas/git/ribosoft/Ribosoft/bin/Debug/net8.0/cs/Microsoft.CodeAnalysis.Scripting.resources.dll".
         Copying file from "/home/thomas/.nuget/packages/microsoft.codeanalysis.scripting.common/4.8.0/lib/net7.0/de/Microsoft.CodeAnalysis.Scripting.resources.dll" to "/home/thomas/git/ribosoft/Ribosoft/bin/Debug/net8.0/de/Microsoft.CodeAnalysis.Scripting.resources.dll".
         Copying file from "/home/thomas/.nuget/packages/microsoft.codeanalysis.scripting.common/4.8.0/lib/net7.0/fr/Microsoft.CodeAnalysis.Scripting.resources.dll" to "/home/thomas/git/ribosoft/Ribosoft/bin/Debug/net8.0/fr/Microsoft.CodeAnalysis.Scripting.resources.dll".
         Copying file from "/home/thomas/.nuget/packages/microsoft.codeanalysis.scripting.common/4.8.0/lib/net7.0/es/Microsoft.CodeAnalysis.Scripting.resources.dll" to "/home/thomas/git/ribosoft/Ribosoft/bin/Debug/net8.0/es/Microsoft.CodeAnalysis.Scripting.resources.dll".
         Copying file from "/home/thomas/.nuget/packages/microsoft.codeanalysis.scripting.common/4.8.0/lib/net7.0/it/Microsoft.CodeAnalysis.Scripting.resources.dll" to "/home/thomas/git/ribosoft/Ribosoft/bin/Debug/net8.0/it/Microsoft.CodeAnalysis.Scripting.resources.dll".
         Copying file from "/home/thomas/.nuget/packages/microsoft.codeanalysis.scripting.common/4.8.0/lib/net7.0/ja/Microsoft.CodeAnalysis.Scripting.resources.dll" to "/home/thomas/git/ribosoft/Ribosoft/bin/Debug/net8.0/ja/Microsoft.CodeAnalysis.Scripting.resources.dll".
         Copying file from "/home/thomas/.nuget/packages/microsoft.codeanalysis.scripting.common/4.8.0/lib/net7.0/ko/Microsoft.CodeAnalysis.Scripting.resources.dll" to "/home/thomas/git/ribosoft/Ribosoft/bin/Debug/net8.0/ko/Microsoft.CodeAnalysis.Scripting.resources.dll".
         Copying file from "/home/thomas/.nuget/packages/microsoft.codeanalysis.scripting.common/4.8.0/lib/net7.0/pl/Microsoft.CodeAnalysis.Scripting.resources.dll" to "/home/thomas/git/ribosoft/Ribosoft/bin/Debug/net8.0/pl/Microsoft.CodeAnalysis.Scripting.resources.dll".
         Copying file from "/home/thomas/.nuget/packages/microsoft.codeanalysis.scripting.common/4.8.0/lib/net7.0/pt-BR/Microsoft.CodeAnalysis.Scripting.resources.dll" to "/home/thomas/git/ribosoft/Ribosoft/bin/Debug/net8.0/pt-BR/Microsoft.CodeAnalysis.Scripting.resources.dll".
         Copying file from "/home/thomas/.nuget/packages/microsoft.codeanalysis.scripting.common/4.8.0/lib/net7.0/zh-Hans/Microsoft.CodeAnalysis.Scripting.resources.dll" to "/home/thomas/git/ribosoft/Ribosoft/bin/Debug/net8.0/zh-Hans/Microsoft.CodeAnalysis.Scripting.resources.dll".
         Copying file from "/home/thomas/.nuget/packages/microsoft.codeanalysis.scripting.common/4.8.0/lib/net7.0/ru/Microsoft.CodeAnalysis.Scripting.resources.dll" to "/home/thomas/git/ribosoft/Ribosoft/bin/Debug/net8.0/ru/Microsoft.CodeAnalysis.Scripting.resources.dll".
         Copying file from "/home/thomas/.nuget/packages/microsoft.codeanalysis.scripting.common/4.8.0/lib/net7.0/tr/Microsoft.CodeAnalysis.Scripting.resources.dll" to "/home/thomas/git/ribosoft/Ribosoft/bin/Debug/net8.0/tr/Microsoft.CodeAnalysis.Scripting.resources.dll".
         Copying file from "/home/thomas/.nuget/packages/microsoft.codeanalysis.scripting.common/4.8.0/lib/net7.0/zh-Hant/Microsoft.CodeAnalysis.Scripting.resources.dll" to "/home/thomas/git/ribosoft/Ribosoft/bin/Debug/net8.0/zh-Hant/Microsoft.CodeAnalysis.Scripting.resources.dll".
         Copying file from "/home/thomas/.nuget/packages/microsoft.codeanalysis.workspaces.common/4.8.0/lib/net7.0/cs/Microsoft.CodeAnalysis.Workspaces.resources.dll" to "/home/thomas/git/ribosoft/Ribosoft/bin/Debug/net8.0/cs/Microsoft.CodeAnalysis.Workspaces.resources.dll".
         Copying file from "/home/thomas/.nuget/packages/microsoft.codeanalysis.workspaces.common/4.8.0/lib/net7.0/es/Microsoft.CodeAnalysis.Workspaces.resources.dll" to "/home/thomas/git/ribosoft/Ribosoft/bin/Debug/net8.0/es/Microsoft.CodeAnalysis.Workspaces.resources.dll".
         Copying file from "/home/thomas/.nuget/packages/microsoft.codeanalysis.workspaces.common/4.8.0/lib/net7.0/de/Microsoft.CodeAnalysis.Workspaces.resources.dll" to "/home/thomas/git/ribosoft/Ribosoft/bin/Debug/net8.0/de/Microsoft.CodeAnalysis.Workspaces.resources.dll".
         Copying file from "/home/thomas/.nuget/packages/microsoft.codeanalysis.workspaces.common/4.8.0/lib/net7.0/fr/Microsoft.CodeAnalysis.Workspaces.resources.dll" to "/home/thomas/git/ribosoft/Ribosoft/bin/Debug/net8.0/fr/Microsoft.CodeAnalysis.Workspaces.resources.dll".
         Copying file from "/home/thomas/.nuget/packages/microsoft.codeanalysis.workspaces.common/4.8.0/lib/net7.0/it/Microsoft.CodeAnalysis.Workspaces.resources.dll" to "/home/thomas/git/ribosoft/Ribosoft/bin/Debug/net8.0/it/Microsoft.CodeAnalysis.Workspaces.resources.dll".
         Copying file from "/home/thomas/.nuget/packages/microsoft.codeanalysis.workspaces.common/4.8.0/lib/net7.0/ja/Microsoft.CodeAnalysis.Workspaces.resources.dll" to "/home/thomas/git/ribosoft/Ribosoft/bin/Debug/net8.0/ja/Microsoft.CodeAnalysis.Workspaces.resources.dll".
         Copying file from "/home/thomas/.nuget/packages/microsoft.codeanalysis.workspaces.common/4.8.0/lib/net7.0/ko/Microsoft.CodeAnalysis.Workspaces.resources.dll" to "/home/thomas/git/ribosoft/Ribosoft/bin/Debug/net8.0/ko/Microsoft.CodeAnalysis.Workspaces.resources.dll".
         Copying file from "/home/thomas/.nuget/packages/microsoft.codeanalysis.workspaces.common/4.8.0/lib/net7.0/pl/Microsoft.CodeAnalysis.Workspaces.resources.dll" to "/home/thomas/git/ribosoft/Ribosoft/bin/Debug/net8.0/pl/Microsoft.CodeAnalysis.Workspaces.resources.dll".
         Copying file from "/home/thomas/.nuget/packages/microsoft.codeanalysis.workspaces.common/4.8.0/lib/net7.0/ru/Microsoft.CodeAnalysis.Workspaces.resources.dll" to "/home/thomas/git/ribosoft/Ribosoft/bin/Debug/net8.0/ru/Microsoft.CodeAnalysis.Workspaces.resources.dll".
         Copying file from "/home/thomas/.nuget/packages/microsoft.codeanalysis.workspaces.common/4.8.0/lib/net7.0/pt-BR/Microsoft.CodeAnalysis.Workspaces.resources.dll" to "/home/thomas/git/ribosoft/Ribosoft/bin/Debug/net8.0/pt-BR/Microsoft.CodeAnalysis.Workspaces.resources.dll".
         Copying file from "/home/thomas/.nuget/packages/microsoft.codeanalysis.workspaces.common/4.8.0/lib/net7.0/tr/Microsoft.CodeAnalysis.Workspaces.resources.dll" to "/home/thomas/git/ribosoft/Ribosoft/bin/Debug/net8.0/tr/Microsoft.CodeAnalysis.Workspaces.resources.dll".
         Copying file from "/home/thomas/.nuget/packages/microsoft.codeanalysis.workspaces.common/4.8.0/lib/net7.0/zh-Hans/Microsoft.CodeAnalysis.Workspaces.resources.dll" to "/home/thomas/git/ribosoft/Ribosoft/bin/Debug/net8.0/zh-Hans/Microsoft.CodeAnalysis.Workspaces.resources.dll".
         Copying file from "/home/thomas/.nuget/packages/microsoft.codeanalysis.workspaces.common/4.8.0/lib/net7.0/zh-Hant/Microsoft.CodeAnalysis.Workspaces.resources.dll" to "/home/thomas/git/ribosoft/Ribosoft/bin/Debug/net8.0/zh-Hant/Microsoft.CodeAnalysis.Workspaces.resources.dll".
         Copying file from "/home/thomas/.nuget/packages/microsoft.data.sqlclient/5.1.1/runtimes/unix/lib/net6.0/Microsoft.Data.SqlClient.dll" to "/home/thomas/git/ribosoft/Ribosoft/bin/Debug/net8.0/runtimes/unix/lib/net6.0/Microsoft.Data.SqlClient.dll".
         Copying file from "/home/thomas/.nuget/packages/microsoft.data.sqlclient/5.1.1/runtimes/win/lib/net6.0/Microsoft.Data.SqlClient.dll" to "/home/thomas/git/ribosoft/Ribosoft/bin/Debug/net8.0/runtimes/win/lib/net6.0/Microsoft.Data.SqlClient.dll".
         Copying file from "/home/thomas/.nuget/packages/microsoft.data.sqlclient.sni.runtime/5.1.0/runtimes/win-arm64/native/Microsoft.Data.SqlClient.SNI.dll" to "/home/thomas/git/ribosoft/Ribosoft/bin/Debug/net8.0/runtimes/win-arm64/native/Microsoft.Data.SqlClient.SNI.dll".
         Copying file from "/home/thomas/.nuget/packages/microsoft.data.sqlclient.sni.runtime/5.1.0/runtimes/win-x86/native/Microsoft.Data.SqlClient.SNI.dll" to "/home/thomas/git/ribosoft/Ribosoft/bin/Debug/net8.0/runtimes/win-x86/native/Microsoft.Data.SqlClient.SNI.dll".
         Copying file from "/home/thomas/.nuget/packages/microsoft.data.sqlclient.sni.runtime/5.1.0/runtimes/win-x64/native/Microsoft.Data.SqlClient.SNI.dll" to "/home/thomas/git/ribosoft/Ribosoft/bin/Debug/net8.0/runtimes/win-x64/native/Microsoft.Data.SqlClient.SNI.dll".
         Copying file from "/home/thomas/.nuget/packages/microsoft.data.sqlclient.sni.runtime/5.1.0/runtimes/win-arm/native/Microsoft.Data.SqlClient.SNI.dll" to "/home/thomas/git/ribosoft/Ribosoft/bin/Debug/net8.0/runtimes/win-arm/native/Microsoft.Data.SqlClient.SNI.dll".
         Copying file from "/home/thomas/.nuget/packages/microsoft.win32.systemevents/7.0.0/runtimes/win/lib/net7.0/Microsoft.Win32.SystemEvents.dll" to "/home/thomas/git/ribosoft/Ribosoft/bin/Debug/net8.0/runtimes/win/lib/net7.0/Microsoft.Win32.SystemEvents.dll".
         Copying file from "/home/thomas/.nuget/packages/system.drawing.common/7.0.0/runtimes/win/lib/net7.0/System.Drawing.Common.dll" to "/home/thomas/git/ribosoft/Ribosoft/bin/Debug/net8.0/runtimes/win/lib/net7.0/System.Drawing.Common.dll".
         Copying file from "/home/thomas/.nuget/packages/system.security.cryptography.protecteddata/7.0.0/runtimes/win/lib/net7.0/System.Security.Cryptography.ProtectedData.dll" to "/home/thomas/git/ribosoft/Ribosoft/bin/Debug/net8.0/runtimes/win/lib/net7.0/System.Security.Cryptography.ProtectedData.dll".
         Copying file from "/home/thomas/.nuget/packages/system.runtime.caching/6.0.0/runtimes/win/lib/net6.0/System.Runtime.Caching.dll" to "/home/thomas/git/ribosoft/Ribosoft/bin/Debug/net8.0/runtimes/win/lib/net6.0/System.Runtime.Caching.dll".
         Copying file from "/home/thomas/.nuget/packages/system.windows.extensions/7.0.0/runtimes/win/lib/net7.0/System.Windows.Extensions.dll" to "/home/thomas/git/ribosoft/Ribosoft/bin/Debug/net8.0/runtimes/win/lib/net7.0/System.Windows.Extensions.dll".
         Creating "/home/thomas/git/ribosoft/Ribosoft/obj/Debug/net8.0/Ribosoft.csproj.CopyComplete" because "AlwaysCreate" was specified.
         Touching "/home/thomas/git/ribosoft/Ribosoft/obj/Debug/net8.0/Ribosoft.csproj.CopyComplete".
       _CopyOutOfDateSourceItemsToOutputDirectory:
         Copying file from "/home/thomas/git/ribosoft/Ribosoft/nlog.config" to "/home/thomas/git/ribosoft/Ribosoft/bin/Debug/net8.0/nlog.config".
         Copying file from "/home/thomas/git/ribosoft/Ribosoft/appsettings.Development.json" to "/home/thomas/git/ribosoft/Ribosoft/bin/Debug/net8.0/appsettings.Development.json".
         Copying file from "/home/thomas/git/ribosoft/Ribosoft/appsettings.json" to "/home/thomas/git/ribosoft/Ribosoft/bin/Debug/net8.0/appsettings.json".
         Copying file from "/home/thomas/git/ribosoft/Ribosoft/bundleconfig.json" to "/home/thomas/git/ribosoft/Ribosoft/bin/Debug/net8.0/bundleconfig.json".
         Copying file from "/home/thomas/git/ribosoft/Ribosoft/obj/Debug/net8.0/staticwebassets.development.json" to "/home/thomas/git/ribosoft/Ribosoft/bin/Debug/net8.0/Ribosoft.staticwebassets.runtime.json".
         Copying file from "/home/thomas/git/ribosoft/Ribosoft/npm-shrinkwrap.json" to "/home/thomas/git/ribosoft/Ribosoft/bin/Debug/net8.0/npm-shrinkwrap.json".
         Copying file from "/home/thomas/.nuget/packages/ribosoftalgo/0.0.0/build/net8.0/.gitignore" to "/home/thomas/git/ribosoft/Ribosoft/bin/Debug/net8.0/.gitignore".
         Copying file from "/home/thomas/git/ribosoft/Ribosoft/package.json" to "/home/thomas/git/ribosoft/Ribosoft/bin/Debug/net8.0/package.json".
         Copying file from "/home/thomas/.nuget/packages/ribosoftalgo/0.0.0/build/net8.0/libRibosoftAlgo.so" to "/home/thomas/git/ribosoft/Ribosoft/bin/Debug/net8.0/libRibosoftAlgo.so".
         Copying file from "/home/thomas/.nuget/packages/ribosoftalgo/0.0.0/build/net8.0/libRibosoftAlgo.so.2.0.0" to "/home/thomas/git/ribosoft/Ribosoft/bin/Debug/net8.0/libRibosoftAlgo.so.2.0.0".
         Copying file from "/home/thomas/.nuget/packages/ribosoftalgo/0.0.0/build/net8.0/RibosoftAlgo.targets" to "/home/thomas/git/ribosoft/Ribosoft/bin/Debug/net8.0/RibosoftAlgo.targets".
         Copying file from "/home/thomas/.nuget/packages/ribosoftalgo/0.0.0/build/net8.0/libRibosoftAlgo.so.1.0.0" to "/home/thomas/git/ribosoft/Ribosoft/bin/Debug/net8.0/libRibosoftAlgo.so.1.0.0".
         Copying file from "/home/thomas/git/ribosoft/Ribosoft/obj/Debug/net8.0/apphost" to "/home/thomas/git/ribosoft/Ribosoft/bin/Debug/net8.0/Ribosoft".
       CopyFilesToOutputDirectory:
         Copying file from "/home/thomas/git/ribosoft/Ribosoft/obj/Debug/net8.0/Ribosoft.dll" to "/home/thomas/git/ribosoft/Ribosoft/bin/Debug/net8.0/Ribosoft.dll".
         Copying reference assembly from "obj/Debug/net8.0/refint/Ribosoft.dll" to "/home/thomas/git/ribosoft/Ribosoft/obj/Debug/net8.0/ref/Ribosoft.dll".
         Ribosoft -> /home/thomas/git/ribosoft/Ribosoft/bin/Debug/net8.0/Ribosoft.dll
         Copying file from "/home/thomas/git/ribosoft/Ribosoft/obj/Debug/net8.0/Ribosoft.pdb" to "/home/thomas/git/ribosoft/Ribosoft/bin/Debug/net8.0/Ribosoft.pdb".
     4>Done Building Project "/home/thomas/git/ribosoft/Ribosoft/Ribosoft.csproj" (default targets).
   1:2>Project "/home/thomas/git/ribosoft/Ribosoft.sln" (1:2) is building "/home/thomas/git/ribosoft/Ribosoft.Tests/Ribosoft.Tests.csproj" (3:6) on node 2 (default targets).
     3>GenerateTargetFrameworkMonikerAttribute:
       Skipping target "GenerateTargetFrameworkMonikerAttribute" because all output files are up-to-date with respect to the input files.
       _GenerateSourceLinkFile:
         Updating Source Link file 'obj/Debug/net8.0/Ribosoft.Tests.sourcelink.json'.
       CoreCompile:
         /usr/lib/dotnet/dotnet exec "/usr/lib/dotnet/sdk/8.0.117/Roslyn/bincore/csc.dll" /noconfig /unsafe- /checked- /nowarn:1701,1702,1701,1702 /fullpaths /nostdlib+ /errorreport:prompt /warn:8 /define:TRACE;DEBUG;NET;NET8_0;NETCOREAPP;NET5_0_OR_GREATER;NET6_0_OR_GREATER;NET7_0_OR_GREATER;NET8_0_OR_GREATER;NETCOREAPP1_0_OR_GREATER;NETCOREAPP1_1_OR_GREATER;NETCOREAPP2_0_OR_GREATER;NETCOREAPP2_1_OR_GREATER;NETCOREAPP2_2_OR_GREATER;NETCOREAPP3_0_OR_GREATER;NETCOREAPP3_1_OR_GREATER /highentropyva+ /nullable:enable /reference:/home/thomas/.nuget/packages/azure.core/1.25.0/lib/net5.0/Azure.Core.dll /reference:/home/thomas/.nuget/packages/azure.identity/1.7.0/lib/netstandard2.0/Azure.Identity.dll /reference:/home/thomas/.nuget/packages/cloudscribe.pagination.models/8.0.0/lib/net8.0/cloudscribe.Pagination.Models.dll /reference:/home/thomas/.nuget/packages/cloudscribe.web.pagination/8.0.0/lib/net8.0/cloudscribe.Web.Pagination.dll /reference:/home/thomas/.nuget/packages/dapper/2.0.123/lib/net5.0/Dapper.dll /reference:/home/thomas/.nuget/packages/microsoft.visualstudio.web.codegeneration.design/8.0.0/lib/net8.0/dotnet-aspnet-codegenerator-design.dll /reference:/home/thomas/.nuget/packages/fluentassertions/6.12.0/lib/net6.0/FluentAssertions.dll /reference:/home/thomas/.nuget/packages/hangfire.aspnetcore/1.8.12/lib/netcoreapp3.0/Hangfire.AspNetCore.dll /reference:/home/thomas/.nuget/packages/hangfire.core/1.8.12/lib/netstandard2.0/Hangfire.Core.dll /reference:/home/thomas/.nuget/packages/hangfire.netcore/1.8.12/lib/netstandard2.1/Hangfire.NetCore.dll /reference:/home/thomas/.nuget/packages/hangfire.postgresql/1.20.8/lib/netstandard2.0/Hangfire.PostgreSql.dll /reference:/home/thomas/.nuget/packages/hangfire.sqlserver/1.8.12/lib/netstandard2.0/Hangfire.SqlServer.dll /reference:/home/thomas/.nuget/packages/humanizer.core/2.14.1/lib/net6.0/Humanizer.dll /reference:/home/thomas/.nuget/packages/sharpziplib/1.4.2/lib/net6.0/ICSharpCode.SharpZipLib.dll /reference:/usr/lib/dotnet/packs/Microsoft.AspNetCore.App.Ref/8.0.17/ref/net8.0/Microsoft.AspNetCore.Antiforgery.dll /reference:/usr/lib/dotnet/packs/Microsoft.AspNetCore.App.Ref/8.0.17/ref/net8.0/Microsoft.AspNetCore.Authentication.Abstractions.dll /reference:/usr/lib/dotnet/packs/Microsoft.AspNetCore.App.Ref/8.0.17/ref/net8.0/Microsoft.AspNetCore.Authentication.BearerToken.dll /reference:/usr/lib/dotnet/packs/Microsoft.AspNetCore.App.Ref/8.0.17/ref/net8.0/Microsoft.AspNetCore.Authentication.Cookies.dll /reference:/usr/lib/dotnet/packs/Microsoft.AspNetCore.App.Ref/8.0.17/ref/net8.0/Microsoft.AspNetCore.Authentication.Core.dll /reference:/usr/lib/dotnet/packs/Microsoft.AspNetCore.App.Ref/8.0.17/ref/net8.0/Microsoft.AspNetCore.Authentication.dll /reference:/usr/lib/dotnet/packs/Microsoft.AspNetCore.App.Ref/8.0.17/ref/net8.0/Microsoft.AspNetCore.Authentication.OAuth.dll /reference:/usr/lib/dotnet/packs/Microsoft.AspNetCore.App.Ref/8.0.17/ref/net8.0/Microsoft.AspNetCore.Authorization.dll /reference:/usr/lib/dotnet/packs/Microsoft.AspNetCore.App.Ref/8.0.17/ref/net8.0/Microsoft.AspNetCore.Authorization.Policy.dll /reference:/usr/lib/dotnet/packs/Microsoft.AspNetCore.App.Ref/8.0.17/ref/net8.0/Microsoft.AspNetCore.Components.Authorization.dll /reference:/usr/lib/dotnet/packs/Microsoft.AspNetCore.App.Ref/8.0.17/ref/net8.0/Microsoft.AspNetCore.Components.dll /reference:/usr/lib/dotnet/packs/Microsoft.AspNetCore.App.Ref/8.0.17/ref/net8.0/Microsoft.AspNetCore.Components.Endpoints.dll /reference:/usr/lib/dotnet/packs/Microsoft.AspNetCore.App.Ref/8.0.17/ref/net8.0/Microsoft.AspNetCore.Components.Forms.dll /reference:/usr/lib/dotnet/packs/Microsoft.AspNetCore.App.Ref/8.0.17/ref/net8.0/Microsoft.AspNetCore.Components.Server.dll /reference:/usr/lib/dotnet/packs/Microsoft.AspNetCore.App.Ref/8.0.17/ref/net8.0/Microsoft.AspNetCore.Components.Web.dll /reference:/usr/lib/dotnet/packs/Microsoft.AspNetCore.App.Ref/8.0.17/ref/net8.0/Microsoft.AspNetCore.Connections.Abstractions.dll /reference:/usr/lib/dotnet/packs/Microsoft.AspNetCore.App.Ref/8.0.17/ref/net8.0/Microsoft.AspNetCore.CookiePolicy.dll /reference:/usr/lib/dotnet/packs/Microsoft.AspNetCore.App.Ref/8.0.17/ref/net8.0/Microsoft.AspNetCore.Cors.dll /reference:/usr/lib/dotnet/packs/Microsoft.AspNetCore.App.Ref/8.0.17/ref/net8.0/Microsoft.AspNetCore.Cryptography.Internal.dll /reference:/usr/lib/dotnet/packs/Microsoft.AspNetCore.App.Ref/8.0.17/ref/net8.0/Microsoft.AspNetCore.Cryptography.KeyDerivation.dll /reference:/usr/lib/dotnet/packs/Microsoft.AspNetCore.App.Ref/8.0.17/ref/net8.0/Microsoft.AspNetCore.DataProtection.Abstractions.dll /reference:/usr/lib/dotnet/packs/Microsoft.AspNetCore.App.Ref/8.0.17/ref/net8.0/Microsoft.AspNetCore.DataProtection.dll /reference:/usr/lib/dotnet/packs/Microsoft.AspNetCore.App.Ref/8.0.17/ref/net8.0/Microsoft.AspNetCore.DataProtection.Extensions.dll /reference:/usr/lib/dotnet/packs/Microsoft.AspNetCore.App.Ref/8.0.17/ref/net8.0/Microsoft.AspNetCore.Diagnostics.Abstractions.dll /reference:/usr/lib/dotnet/packs/Microsoft.AspNetCore.App.Ref/8.0.17/ref/net8.0/Microsoft.AspNetCore.Diagnostics.dll /reference:/home/thomas/.nuget/packages/microsoft.aspnetcore.diagnostics.entityframeworkcore/8.0.0/lib/net8.0/Microsoft.AspNetCore.Diagnostics.EntityFrameworkCore.dll /reference:/usr/lib/dotnet/packs/Microsoft.AspNetCore.App.Ref/8.0.17/ref/net8.0/Microsoft.AspNetCore.Diagnostics.HealthChecks.dll /reference:/usr/lib/dotnet/packs/Microsoft.AspNetCore.App.Ref/8.0.17/ref/net8.0/Microsoft.AspNetCore.dll /reference:/usr/lib/dotnet/packs/Microsoft.AspNetCore.App.Ref/8.0.17/ref/net8.0/Microsoft.AspNetCore.HostFiltering.dll /reference:/usr/lib/dotnet/packs/Microsoft.AspNetCore.App.Ref/8.0.17/ref/net8.0/Microsoft.AspNetCore.Hosting.Abstractions.dll /reference:/usr/lib/dotnet/packs/Microsoft.AspNetCore.App.Ref/8.0.17/ref/net8.0/Microsoft.AspNetCore.Hosting.dll /reference:/usr/lib/dotnet/packs/Microsoft.AspNetCore.App.Ref/8.0.17/ref/net8.0/Microsoft.AspNetCore.Hosting.Server.Abstractions.dll /reference:/usr/lib/dotnet/packs/Microsoft.AspNetCore.App.Ref/8.0.17/ref/net8.0/Microsoft.AspNetCore.Html.Abstractions.dll /reference:/usr/lib/dotnet/packs/Microsoft.AspNetCore.App.Ref/8.0.17/ref/net8.0/Microsoft.AspNetCore.Http.Abstractions.dll /reference:/usr/lib/dotnet/packs/Microsoft.AspNetCore.App.Ref/8.0.17/ref/net8.0/Microsoft.AspNetCore.Http.Connections.Common.dll /reference:/usr/lib/dotnet/packs/Microsoft.AspNetCore.App.Ref/8.0.17/ref/net8.0/Microsoft.AspNetCore.Http.Connections.dll /reference:/usr/lib/dotnet/packs/Microsoft.AspNetCore.App.Ref/8.0.17/ref/net8.0/Microsoft.AspNetCore.Http.dll /reference:/usr/lib/dotnet/packs/Microsoft.AspNetCore.App.Ref/8.0.17/ref/net8.0/Microsoft.AspNetCore.Http.Extensions.dll /reference:/usr/lib/dotnet/packs/Microsoft.AspNetCore.App.Ref/8.0.17/ref/net8.0/Microsoft.AspNetCore.Http.Features.dll /reference:/usr/lib/dotnet/packs/Microsoft.AspNetCore.App.Ref/8.0.17/ref/net8.0/Microsoft.AspNetCore.Http.Results.dll /reference:/usr/lib/dotnet/packs/Microsoft.AspNetCore.App.Ref/8.0.17/ref/net8.0/Microsoft.AspNetCore.HttpLogging.dll /reference:/usr/lib/dotnet/packs/Microsoft.AspNetCore.App.Ref/8.0.17/ref/net8.0/Microsoft.AspNetCore.HttpOverrides.dll /reference:/usr/lib/dotnet/packs/Microsoft.AspNetCore.App.Ref/8.0.17/ref/net8.0/Microsoft.AspNetCore.HttpsPolicy.dll /reference:/usr/lib/dotnet/packs/Microsoft.AspNetCore.App.Ref/8.0.17/ref/net8.0/Microsoft.AspNetCore.Identity.dll /reference:/home/thomas/.nuget/packages/microsoft.aspnetcore.identity.entityframeworkcore/8.0.0/lib/net8.0/Microsoft.AspNetCore.Identity.EntityFrameworkCore.dll /reference:/usr/lib/dotnet/packs/Microsoft.AspNetCore.App.Ref/8.0.17/ref/net8.0/Microsoft.AspNetCore.Localization.dll /reference:/usr/lib/dotnet/packs/Microsoft.AspNetCore.App.Ref/8.0.17/ref/net8.0/Microsoft.AspNetCore.Localization.Routing.dll /reference:/usr/lib/dotnet/packs/Microsoft.AspNetCore.App.Ref/8.0.17/ref/net8.0/Microsoft.AspNetCore.Metadata.dll /reference:/usr/lib/dotnet/packs/Microsoft.AspNetCore.App.Ref/8.0.17/ref/net8.0/Microsoft.AspNetCore.Mvc.Abstractions.dll /reference:/usr/lib/dotnet/packs/Microsoft.AspNetCore.App.Ref/8.0.17/ref/net8.0/Microsoft.AspNetCore.Mvc.ApiExplorer.dll /reference:/usr/lib/dotnet/packs/Microsoft.AspNetCore.App.Ref/8.0.17/ref/net8.0/Microsoft.AspNetCore.Mvc.Core.dll /reference:/usr/lib/dotnet/packs/Microsoft.AspNetCore.App.Ref/8.0.17/ref/net8.0/Microsoft.AspNetCore.Mvc.Cors.dll /reference:/usr/lib/dotnet/packs/Microsoft.AspNetCore.App.Ref/8.0.17/ref/net8.0/Microsoft.AspNetCore.Mvc.DataAnnotations.dll /reference:/usr/lib/dotnet/packs/Microsoft.AspNetCore.App.Ref/8.0.17/ref/net8.0/Microsoft.AspNetCore.Mvc.dll /reference:/usr/lib/dotnet/packs/Microsoft.AspNetCore.App.Ref/8.0.17/ref/net8.0/Microsoft.AspNetCore.Mvc.Formatters.Json.dll /reference:/usr/lib/dotnet/packs/Microsoft.AspNetCore.App.Ref/8.0.17/ref/net8.0/Microsoft.AspNetCore.Mvc.Formatters.Xml.dll /reference:/usr/lib/dotnet/packs/Microsoft.AspNetCore.App.Ref/8.0.17/ref/net8.0/Microsoft.AspNetCore.Mvc.Localization.dll /reference:/usr/lib/dotnet/packs/Microsoft.AspNetCore.App.Ref/8.0.17/ref/net8.0/Microsoft.AspNetCore.Mvc.Razor.dll /reference:/usr/lib/dotnet/packs/Microsoft.AspNetCore.App.Ref/8.0.17/ref/net8.0/Microsoft.AspNetCore.Mvc.RazorPages.dll /reference:/usr/lib/dotnet/packs/Microsoft.AspNetCore.App.Ref/8.0.17/ref/net8.0/Microsoft.AspNetCore.Mvc.TagHelpers.dll /reference:/home/thomas/.nuget/packages/microsoft.aspnetcore.mvc.testing/8.0.0/lib/net8.0/Microsoft.AspNetCore.Mvc.Testing.dll /reference:/usr/lib/dotnet/packs/Microsoft.AspNetCore.App.Ref/8.0.17/ref/net8.0/Microsoft.AspNetCore.Mvc.ViewFeatures.dll /reference:/usr/lib/dotnet/packs/Microsoft.AspNetCore.App.Ref/8.0.17/ref/net8.0/Microsoft.AspNetCore.OutputCaching.dll /reference:/usr/lib/dotnet/packs/Microsoft.AspNetCore.App.Ref/8.0.17/ref/net8.0/Microsoft.AspNetCore.RateLimiting.dll /reference:/usr/lib/dotnet/packs/Microsoft.AspNetCore.App.Ref/8.0.17/ref/net8.0/Microsoft.AspNetCore.Razor.dll /reference:/home/thomas/.nuget/packages/microsoft.aspnetcore.razor.language/6.0.24/lib/netstandard2.0/Microsoft.AspNetCore.Razor.Language.dll /reference:/usr/lib/dotnet/packs/Microsoft.AspNetCore.App.Ref/8.0.17/ref/net8.0/Microsoft.AspNetCore.Razor.Runtime.dll /reference:/usr/lib/dotnet/packs/Microsoft.AspNetCore.App.Ref/8.0.17/ref/net8.0/Microsoft.AspNetCore.RequestDecompression.dll /reference:/usr/lib/dotnet/packs/Microsoft.AspNetCore.App.Ref/8.0.17/ref/net8.0/Microsoft.AspNetCore.ResponseCaching.Abstractions.dll /reference:/usr/lib/dotnet/packs/Microsoft.AspNetCore.App.Ref/8.0.17/ref/net8.0/Microsoft.AspNetCore.ResponseCaching.dll /reference:/usr/lib/dotnet/packs/Microsoft.AspNetCore.App.Ref/8.0.17/ref/net8.0/Microsoft.AspNetCore.ResponseCompression.dll /reference:/usr/lib/dotnet/packs/Microsoft.AspNetCore.App.Ref/8.0.17/ref/net8.0/Microsoft.AspNetCore.Rewrite.dll /reference:/usr/lib/dotnet/packs/Microsoft.AspNetCore.App.Ref/8.0.17/ref/net8.0/Microsoft.AspNetCore.Routing.Abstractions.dll /reference:/usr/lib/dotnet/packs/Microsoft.AspNetCore.App.Ref/8.0.17/ref/net8.0/Microsoft.AspNetCore.Routing.dll /reference:/usr/lib/dotnet/packs/Microsoft.AspNetCore.App.Ref/8.0.17/ref/net8.0/Microsoft.AspNetCore.Server.HttpSys.dll /reference:/usr/lib/dotnet/packs/Microsoft.AspNetCore.App.Ref/8.0.17/ref/net8.0/Microsoft.AspNetCore.Server.IIS.dll /reference:/usr/lib/dotnet/packs/Microsoft.AspNetCore.App.Ref/8.0.17/ref/net8.0/Microsoft.AspNetCore.Server.IISIntegration.dll /reference:/usr/lib/dotnet/packs/Microsoft.AspNetCore.App.Ref/8.0.17/ref/net8.0/Microsoft.AspNetCore.Server.Kestrel.Core.dll /reference:/usr/lib/dotnet/packs/Microsoft.AspNetCore.App.Ref/8.0.17/ref/net8.0/Microsoft.AspNetCore.Server.Kestrel.dll /reference:/usr/lib/dotnet/packs/Microsoft.AspNetCore.App.Ref/8.0.17/ref/net8.0/Microsoft.AspNetCore.Server.Kestrel.Transport.NamedPipes.dll /reference:/usr/lib/dotnet/packs/Microsoft.AspNetCore.App.Ref/8.0.17/ref/net8.0/Microsoft.AspNetCore.Server.Kestrel.Transport.Quic.dll /reference:/usr/lib/dotnet/packs/Microsoft.AspNetCore.App.Ref/8.0.17/ref/net8.0/Microsoft.AspNetCore.Server.Kestrel.Transport.Sockets.dll /reference:/usr/lib/dotnet/packs/Microsoft.AspNetCore.App.Ref/8.0.17/ref/net8.0/Microsoft.AspNetCore.Session.dll /reference:/usr/lib/dotnet/packs/Microsoft.AspNetCore.App.Ref/8.0.17/ref/net8.0/Microsoft.AspNetCore.SignalR.Common.dll /reference:/usr/lib/dotnet/packs/Microsoft.AspNetCore.App.Ref/8.0.17/ref/net8.0/Microsoft.AspNetCore.SignalR.Core.dll /reference:/usr/lib/dotnet/packs/Microsoft.AspNetCore.App.Ref/8.0.17/ref/net8.0/Microsoft.AspNetCore.SignalR.dll /reference:/usr/lib/dotnet/packs/Microsoft.AspNetCore.App.Ref/8.0.17/ref/net8.0/Microsoft.AspNetCore.SignalR.Protocols.Json.dll /reference:/usr/lib/dotnet/packs/Microsoft.AspNetCore.App.Ref/8.0.17/ref/net8.0/Microsoft.AspNetCore.StaticFiles.dll /reference:/home/thomas/.nuget/packages/microsoft.aspnetcore.testhost/8.0.0/lib/net8.0/Microsoft.AspNetCore.TestHost.dll /reference:/usr/lib/dotnet/packs/Microsoft.AspNetCore.App.Ref/8.0.17/ref/net8.0/Microsoft.AspNetCore.WebSockets.dll /reference:/usr/lib/dotnet/packs/Microsoft.AspNetCore.App.Ref/8.0.17/ref/net8.0/Microsoft.AspNetCore.WebUtilities.dll /reference:/home/thomas/.nuget/packages/microsoft.bcl.asyncinterfaces/7.0.0/lib/netstandard2.1/Microsoft.Bcl.AsyncInterfaces.dll /reference:/home/thomas/.nuget/packages/microsoft.build/17.7.2/ref/net7.0/Microsoft.Build.dll /reference:/home/thomas/.nuget/packages/microsoft.build.framework/17.7.2/ref/net7.0/Microsoft.Build.Framework.dll /reference:/home/thomas/.nuget/packages/microsoft.codeanalysis.analyzerutilities/3.3.0/lib/netstandard2.0/Microsoft.CodeAnalysis.AnalyzerUtilities.dll /reference:/home/thomas/.nuget/packages/microsoft.codeanalysis.csharp/4.8.0/lib/net7.0/Microsoft.CodeAnalysis.CSharp.dll /reference:/home/thomas/.nuget/packages/microsoft.codeanalysis.csharp.features/4.8.0/lib/net7.0/Microsoft.CodeAnalysis.CSharp.Features.dll /reference:/home/thomas/.nuget/packages/microsoft.codeanalysis.csharp.workspaces/4.8.0/lib/net7.0/Microsoft.CodeAnalysis.CSharp.Workspaces.dll /reference:/home/thomas/.nuget/packages/microsoft.codeanalysis.common/4.8.0/lib/net7.0/Microsoft.CodeAnalysis.dll /reference:/home/thomas/.nuget/packages/microsoft.codeanalysis.elfie/1.0.0/lib/netstandard2.0/Microsoft.CodeAnalysis.Elfie.dll /reference:/home/thomas/.nuget/packages/microsoft.codeanalysis.features/4.8.0/lib/net7.0/Microsoft.CodeAnalysis.Features.dll /reference:/home/thomas/.nuget/packages/microsoft.codeanalysis.razor/6.0.24/lib/netstandard2.0/Microsoft.CodeAnalysis.Razor.dll /reference:/home/thomas/.nuget/packages/microsoft.codeanalysis.scripting.common/4.8.0/lib/net7.0/Microsoft.CodeAnalysis.Scripting.dll /reference:/home/thomas/.nuget/packages/microsoft.codeanalysis.workspaces.common/4.8.0/lib/net7.0/Microsoft.CodeAnalysis.Workspaces.dll /reference:/usr/lib/dotnet/packs/Microsoft.NETCore.App.Ref/8.0.17/ref/net8.0/Microsoft.CSharp.dll /reference:/home/thomas/.nuget/packages/microsoft.data.sqlclient/5.1.1/ref/net6.0/Microsoft.Data.SqlClient.dll /reference:/home/thomas/.nuget/packages/microsoft.diasymreader/2.0.0/lib/netstandard2.0/Microsoft.DiaSymReader.dll /reference:/home/thomas/.nuget/packages/microsoft.dotnet.scaffolding.shared/8.0.0/lib/netstandard2.0/Microsoft.DotNet.Scaffolding.Shared.dll /reference:/home/thomas/.nuget/packages/microsoft.entityframeworkcore.abstractions/8.0.0/lib/net8.0/Microsoft.EntityFrameworkCore.Abstractions.dll /reference:/home/thomas/.nuget/packages/microsoft.entityframeworkcore/8.0.0/lib/net8.0/Microsoft.EntityFrameworkCore.dll /reference:/home/thomas/.nuget/packages/microsoft.entityframeworkcore.inmemory/8.0.0/lib/net8.0/Microsoft.EntityFrameworkCore.InMemory.dll /reference:/home/thomas/.nuget/packages/microsoft.entityframeworkcore.relational/8.0.0/lib/net8.0/Microsoft.EntityFrameworkCore.Relational.dll /reference:/home/thomas/.nuget/packages/microsoft.entityframeworkcore.sqlserver/8.0.0/lib/net8.0/Microsoft.EntityFrameworkCore.SqlServer.dll /reference:/usr/lib/dotnet/packs/Microsoft.AspNetCore.App.Ref/8.0.17/ref/net8.0/Microsoft.Extensions.Caching.Abstractions.dll /reference:/usr/lib/dotnet/packs/Microsoft.AspNetCore.App.Ref/8.0.17/ref/net8.0/Microsoft.Extensions.Caching.Memory.dll /reference:/usr/lib/dotnet/packs/Microsoft.AspNetCore.App.Ref/8.0.17/ref/net8.0/Microsoft.Extensions.Configuration.Abstractions.dll /reference:/usr/lib/dotnet/packs/Microsoft.AspNetCore.App.Ref/8.0.17/ref/net8.0/Microsoft.Extensions.Configuration.Binder.dll /reference:/usr/lib/dotnet/packs/Microsoft.AspNetCore.App.Ref/8.0.17/ref/net8.0/Microsoft.Extensions.Configuration.CommandLine.dll /reference:/usr/lib/dotnet/packs/Microsoft.AspNetCore.App.Ref/8.0.17/ref/net8.0/Microsoft.Extensions.Configuration.dll /reference:/usr/lib/dotnet/packs/Microsoft.AspNetCore.App.Ref/8.0.17/ref/net8.0/Microsoft.Extensions.Configuration.EnvironmentVariables.dll /reference:/usr/lib/dotnet/packs/Microsoft.AspNetCore.App.Ref/8.0.17/ref/net8.0/Microsoft.Extensions.Configuration.FileExtensions.dll /reference:/usr/lib/dotnet/packs/Microsoft.AspNetCore.App.Ref/8.0.17/ref/net8.0/Microsoft.Extensions.Configuration.Ini.dll /reference:/usr/lib/dotnet/packs/Microsoft.AspNetCore.App.Ref/8.0.17/ref/net8.0/Microsoft.Extensions.Configuration.Json.dll /reference:/usr/lib/dotnet/packs/Microsoft.AspNetCore.App.Ref/8.0.17/ref/net8.0/Microsoft.Extensions.Configuration.KeyPerFile.dll /reference:/usr/lib/dotnet/packs/Microsoft.AspNetCore.App.Ref/8.0.17/ref/net8.0/Microsoft.Extensions.Configuration.UserSecrets.dll /reference:/usr/lib/dotnet/packs/Microsoft.AspNetCore.App.Ref/8.0.17/ref/net8.0/Microsoft.Extensions.Configuration.Xml.dll /reference:/usr/lib/dotnet/packs/Microsoft.AspNetCore.App.Ref/8.0.17/ref/net8.0/Microsoft.Extensions.DependencyInjection.Abstractions.dll /reference:/usr/lib/dotnet/packs/Microsoft.AspNetCore.App.Ref/8.0.17/ref/net8.0/Microsoft.Extensions.DependencyInjection.dll /reference:/home/thomas/.nuget/packages/microsoft.extensions.dependencymodel/8.0.0/lib/net8.0/Microsoft.Extensions.DependencyModel.dll /reference:/usr/lib/dotnet/packs/Microsoft.AspNetCore.App.Ref/8.0.17/ref/net8.0/Microsoft.Extensions.Diagnostics.Abstractions.dll /reference:/usr/lib/dotnet/packs/Microsoft.AspNetCore.App.Ref/8.0.17/ref/net8.0/Microsoft.Extensions.Diagnostics.dll /reference:/usr/lib/dotnet/packs/Microsoft.AspNetCore.App.Ref/8.0.17/ref/net8.0/Microsoft.Extensions.Diagnostics.HealthChecks.Abstractions.dll /reference:/usr/lib/dotnet/packs/Microsoft.AspNetCore.App.Ref/8.0.17/ref/net8.0/Microsoft.Extensions.Diagnostics.HealthChecks.dll /reference:/usr/lib/dotnet/packs/Microsoft.AspNetCore.App.Ref/8.0.17/ref/net8.0/Microsoft.Extensions.Features.dll /reference:/usr/lib/dotnet/packs/Microsoft.AspNetCore.App.Ref/8.0.17/ref/net8.0/Microsoft.Extensions.FileProviders.Abstractions.dll /reference:/usr/lib/dotnet/packs/Microsoft.AspNetCore.App.Ref/8.0.17/ref/net8.0/Microsoft.Extensions.FileProviders.Composite.dll /reference:/usr/lib/dotnet/packs/Microsoft.AspNetCore.App.Ref/8.0.17/ref/net8.0/Microsoft.Extensions.FileProviders.Embedded.dll /reference:/usr/lib/dotnet/packs/Microsoft.AspNetCore.App.Ref/8.0.17/ref/net8.0/Microsoft.Extensions.FileProviders.Physical.dll /reference:/usr/lib/dotnet/packs/Microsoft.AspNetCore.App.Ref/8.0.17/ref/net8.0/Microsoft.Extensions.FileSystemGlobbing.dll /reference:/usr/lib/dotnet/packs/Microsoft.AspNetCore.App.Ref/8.0.17/ref/net8.0/Microsoft.Extensions.Hosting.Abstractions.dll /reference:/usr/lib/dotnet/packs/Microsoft.AspNetCore.App.Ref/8.0.17/ref/net8.0/Microsoft.Extensions.Hosting.dll /reference:/usr/lib/dotnet/packs/Microsoft.AspNetCore.App.Ref/8.0.17/ref/net8.0/Microsoft.Extensions.Http.dll /reference:/usr/lib/dotnet/packs/Microsoft.AspNetCore.App.Ref/8.0.17/ref/net8.0/Microsoft.Extensions.Identity.Core.dll /reference:/usr/lib/dotnet/packs/Microsoft.AspNetCore.App.Ref/8.0.17/ref/net8.0/Microsoft.Extensions.Identity.Stores.dll /reference:/usr/lib/dotnet/packs/Microsoft.AspNetCore.App.Ref/8.0.17/ref/net8.0/Microsoft.Extensions.Localization.Abstractions.dll /reference:/usr/lib/dotnet/packs/Microsoft.AspNetCore.App.Ref/8.0.17/ref/net8.0/Microsoft.Extensions.Localization.dll /reference:/usr/lib/dotnet/packs/Microsoft.AspNetCore.App.Ref/8.0.17/ref/net8.0/Microsoft.Extensions.Logging.Abstractions.dll /reference:/usr/lib/dotnet/packs/Microsoft.AspNetCore.App.Ref/8.0.17/ref/net8.0/Microsoft.Extensions.Logging.Configuration.dll /reference:/usr/lib/dotnet/packs/Microsoft.AspNetCore.App.Ref/8.0.17/ref/net8.0/Microsoft.Extensions.Logging.Console.dll /reference:/usr/lib/dotnet/packs/Microsoft.AspNetCore.App.Ref/8.0.17/ref/net8.0/Microsoft.Extensions.Logging.Debug.dll /reference:/usr/lib/dotnet/packs/Microsoft.AspNetCore.App.Ref/8.0.17/ref/net8.0/Microsoft.Extensions.Logging.dll /reference:/usr/lib/dotnet/packs/Microsoft.AspNetCore.App.Ref/8.0.17/ref/net8.0/Microsoft.Extensions.Logging.EventLog.dll /reference:/usr/lib/dotnet/packs/Microsoft.AspNetCore.App.Ref/8.0.17/ref/net8.0/Microsoft.Extensions.Logging.EventSource.dll /reference:/usr/lib/dotnet/packs/Microsoft.AspNetCore.App.Ref/8.0.17/ref/net8.0/Microsoft.Extensions.Logging.TraceSource.dll /reference:/usr/lib/dotnet/packs/Microsoft.AspNetCore.App.Ref/8.0.17/ref/net8.0/Microsoft.Extensions.ObjectPool.dll /reference:/usr/lib/dotnet/packs/Microsoft.AspNetCore.App.Ref/8.0.17/ref/net8.0/Microsoft.Extensions.Options.ConfigurationExtensions.dll /reference:/usr/lib/dotnet/packs/Microsoft.AspNetCore.App.Ref/8.0.17/ref/net8.0/Microsoft.Extensions.Options.DataAnnotations.dll /reference:/usr/lib/dotnet/packs/Microsoft.AspNetCore.App.Ref/8.0.17/ref/net8.0/Microsoft.Extensions.Options.dll /reference:/usr/lib/dotnet/packs/Microsoft.AspNetCore.App.Ref/8.0.17/ref/net8.0/Microsoft.Extensions.Primitives.dll /reference:/usr/lib/dotnet/packs/Microsoft.AspNetCore.App.Ref/8.0.17/ref/net8.0/Microsoft.Extensions.WebEncoders.dll /reference:/home/thomas/.nuget/packages/microsoft.identity.client/4.47.2/lib/netcoreapp2.1/Microsoft.Identity.Client.dll /reference:/home/thomas/.nuget/packages/microsoft.identity.client.extensions.msal/2.19.3/lib/netcoreapp2.1/Microsoft.Identity.Client.Extensions.Msal.dll /reference:/home/thomas/.nuget/packages/microsoft.identitymodel.abstractions/6.24.0/lib/net6.0/Microsoft.IdentityModel.Abstractions.dll /reference:/home/thomas/.nuget/packages/microsoft.identitymodel.jsonwebtokens/6.24.0/lib/net6.0/Microsoft.IdentityModel.JsonWebTokens.dll /reference:/home/thomas/.nuget/packages/microsoft.identitymodel.logging/6.24.0/lib/net6.0/Microsoft.IdentityModel.Logging.dll /reference:/home/thomas/.nuget/packages/microsoft.identitymodel.protocols/6.24.0/lib/net6.0/Microsoft.IdentityModel.Protocols.dll /reference:/home/thomas/.nuget/packages/microsoft.identitymodel.protocols.openidconnect/6.24.0/lib/net6.0/Microsoft.IdentityModel.Protocols.OpenIdConnect.dll /reference:/home/thomas/.nuget/packages/microsoft.identitymodel.tokens/6.24.0/lib/net6.0/Microsoft.IdentityModel.Tokens.dll /reference:/usr/lib/dotnet/packs/Microsoft.AspNetCore.App.Ref/8.0.17/ref/net8.0/Microsoft.JSInterop.dll /reference:/usr/lib/dotnet/packs/Microsoft.AspNetCore.App.Ref/8.0.17/ref/net8.0/Microsoft.Net.Http.Headers.dll /reference:/home/thomas/.nuget/packages/microsoft.net.stringtools/17.7.2/ref/net7.0/Microsoft.NET.StringTools.dll /reference:/home/thomas/.nuget/packages/microsoft.sqlserver.server/1.0.0/lib/netstandard2.0/Microsoft.SqlServer.Server.dll /reference:/home/thomas/.nuget/packages/microsoft.testplatform.testhost/17.8.0/lib/netcoreapp3.1/Microsoft.TestPlatform.CommunicationUtilities.dll /reference:/home/thomas/.nuget/packages/microsoft.testplatform.testhost/17.8.0/lib/netcoreapp3.1/Microsoft.TestPlatform.CoreUtilities.dll /reference:/home/thomas/.nuget/packages/microsoft.testplatform.testhost/17.8.0/lib/netcoreapp3.1/Microsoft.TestPlatform.CrossPlatEngine.dll /reference:/home/thomas/.nuget/packages/microsoft.testplatform.testhost/17.8.0/lib/netcoreapp3.1/Microsoft.TestPlatform.PlatformAbstractions.dll /reference:/home/thomas/.nuget/packages/microsoft.testplatform.testhost/17.8.0/lib/netcoreapp3.1/Microsoft.TestPlatform.Utilities.dll /reference:/usr/lib/dotnet/packs/Microsoft.NETCore.App.Ref/8.0.17/ref/net8.0/Microsoft.VisualBasic.Core.dll /reference:/usr/lib/dotnet/packs/Microsoft.NETCore.App.Ref/8.0.17/ref/net8.0/Microsoft.VisualBasic.dll /reference:/home/thomas/.nuget/packages/microsoft.codecoverage/17.8.0/lib/netcoreapp3.1/Microsoft.VisualStudio.CodeCoverage.Shim.dll /reference:/home/thomas/.nuget/packages/microsoft.testplatform.testhost/17.8.0/lib/netcoreapp3.1/Microsoft.VisualStudio.TestPlatform.Common.dll /reference:/home/thomas/.nuget/packages/microsoft.testplatform.testhost/17.8.0/lib/netcoreapp3.1/Microsoft.VisualStudio.TestPlatform.ObjectModel.dll /reference:/home/thomas/.nuget/packages/microsoft.visualstudio.web.browserlink/2.2.0/lib/netstandard2.0/Microsoft.VisualStudio.Web.BrowserLink.dll /reference:/home/thomas/.nuget/packages/microsoft.visualstudio.web.codegeneration.core/8.0.0/lib/net8.0/Microsoft.VisualStudio.Web.CodeGeneration.Core.dll /reference:/home/thomas/.nuget/packages/microsoft.visualstudio.web.codegeneration/8.0.0/lib/net8.0/Microsoft.VisualStudio.Web.CodeGeneration.dll /reference:/home/thomas/.nuget/packages/microsoft.visualstudio.web.codegeneration.entityframeworkcore/8.0.0/lib/net8.0/Microsoft.VisualStudio.Web.CodeGeneration.EntityFrameworkCore.dll /reference:/home/thomas/.nuget/packages/microsoft.visualstudio.web.codegeneration.templating/8.0.0/lib/net8.0/Microsoft.VisualStudio.Web.CodeGeneration.Templating.dll /reference:/home/thomas/.nuget/packages/microsoft.visualstudio.web.codegeneration.utils/8.0.0/lib/net8.0/Microsoft.VisualStudio.Web.CodeGeneration.Utils.dll /reference:/home/thomas/.nuget/packages/microsoft.visualstudio.web.codegenerators.mvc/8.0.0/lib/net8.0/Microsoft.VisualStudio.Web.CodeGenerators.Mvc.dll /reference:/usr/lib/dotnet/packs/Microsoft.NETCore.App.Ref/8.0.17/ref/net8.0/Microsoft.Win32.Primitives.dll /reference:/usr/lib/dotnet/packs/Microsoft.NETCore.App.Ref/8.0.17/ref/net8.0/Microsoft.Win32.Registry.dll /reference:/home/thomas/.nuget/packages/microsoft.win32.systemevents/7.0.0/lib/net7.0/Microsoft.Win32.SystemEvents.dll /reference:/home/thomas/.nuget/packages/mono.texttemplating/2.3.1/lib/netcoreapp3.1/Mono.TextTemplating.dll /reference:/usr/lib/dotnet/packs/Microsoft.NETCore.App.Ref/8.0.17/ref/net8.0/mscorlib.dll /reference:/usr/lib/dotnet/packs/Microsoft.NETCore.App.Ref/8.0.17/ref/net8.0/netstandard.dll /reference:/home/thomas/.nuget/packages/newtonsoft.json/13.0.3/lib/net6.0/Newtonsoft.Json.dll /reference:/home/thomas/.nuget/packages/nlog/5.2.8/lib/netstandard2.0/NLog.dll /reference:/home/thomas/.nuget/packages/nlog.extensions.logging/5.3.8/lib/net8.0/NLog.Extensions.Logging.dll /reference:/home/thomas/.nuget/packages/nlog.web.aspnetcore/5.3.8/lib/net8.0/NLog.Web.AspNetCore.dll /reference:/home/thomas/.nuget/packages/npgsql/8.0.0/lib/net8.0/Npgsql.dll /reference:/home/thomas/.nuget/packages/npgsql.entityframeworkcore.postgresql/8.0.0/lib/net8.0/Npgsql.EntityFrameworkCore.PostgreSQL.dll /reference:/home/thomas/.nuget/packages/nuget.common/6.3.1/lib/netstandard2.0/NuGet.Common.dll /reference:/home/thomas/.nuget/packages/nuget.configuration/6.3.1/lib/netstandard2.0/NuGet.Configuration.dll /reference:/home/thomas/.nuget/packages/nuget.dependencyresolver.core/6.3.1/lib/net5.0/NuGet.DependencyResolver.Core.dll /reference:/home/thomas/.nuget/packages/nuget.frameworks/6.5.0/lib/netstandard2.0/NuGet.Frameworks.dll /reference:/home/thomas/.nuget/packages/nuget.librarymodel/6.3.1/lib/netstandard2.0/NuGet.LibraryModel.dll /reference:/home/thomas/.nuget/packages/nuget.packaging/6.3.1/lib/net5.0/NuGet.Packaging.dll /reference:/home/thomas/.nuget/packages/nuget.projectmodel/6.3.1/lib/net5.0/NuGet.ProjectModel.dll /reference:/home/thomas/.nuget/packages/nuget.protocol/6.3.1/lib/net5.0/NuGet.Protocol.dll /reference:/home/thomas/.nuget/packages/nuget.versioning/6.3.1/lib/netstandard2.0/NuGet.Versioning.dll /reference:/home/thomas/git/ribosoft/Ribosoft/obj/Debug/net8.0/ref/Ribosoft.dll /reference:/home/thomas/.nuget/packages/sendgrid/9.29.3/lib/netstandard2.0/SendGrid.dll /reference:/home/thomas/.nuget/packages/starkbank-ecdsa/1.3.3/lib/netstandard2.1/StarkbankEcdsa.dll /reference:/usr/lib/dotnet/packs/Microsoft.NETCore.App.Ref/8.0.17/ref/net8.0/System.AppContext.dll /reference:/usr/lib/dotnet/packs/Microsoft.NETCore.App.Ref/8.0.17/ref/net8.0/System.Buffers.dll /reference:/home/thomas/.nuget/packages/system.codedom/5.0.0/ref/netstandard2.0/System.CodeDom.dll /reference:/usr/lib/dotnet/packs/Microsoft.NETCore.App.Ref/8.0.17/ref/net8.0/System.Collections.Concurrent.dll /reference:/usr/lib/dotnet/packs/Microsoft.NETCore.App.Ref/8.0.17/ref/net8.0/System.Collections.dll /reference:/usr/lib/dotnet/packs/Microsoft.NETCore.App.Ref/8.0.17/ref/net8.0/System.Collections.Immutable.dll /reference:/usr/lib/dotnet/packs/Microsoft.NETCore.App.Ref/8.0.17/ref/net8.0/System.Collections.NonGeneric.dll /reference:/usr/lib/dotnet/packs/Microsoft.NETCore.App.Ref/8.0.17/ref/net8.0/System.Collections.Specialized.dll /reference:/usr/lib/dotnet/packs/Microsoft.NETCore.App.Ref/8.0.17/ref/net8.0/System.ComponentModel.Annotations.dll /reference:/usr/lib/dotnet/packs/Microsoft.NETCore.App.Ref/8.0.17/ref/net8.0/System.ComponentModel.DataAnnotations.dll /reference:/usr/lib/dotnet/packs/Microsoft.NETCore.App.Ref/8.0.17/ref/net8.0/System.ComponentModel.dll /reference:/usr/lib/dotnet/packs/Microsoft.NETCore.App.Ref/8.0.17/ref/net8.0/System.ComponentModel.EventBasedAsync.dll /reference:/usr/lib/dotnet/packs/Microsoft.NETCore.App.Ref/8.0.17/ref/net8.0/System.ComponentModel.Primitives.dll /reference:/usr/lib/dotnet/packs/Microsoft.NETCore.App.Ref/8.0.17/ref/net8.0/System.ComponentModel.TypeConverter.dll /reference:/home/thomas/.nuget/packages/system.composition.attributedmodel/7.0.0/lib/net7.0/System.Composition.AttributedModel.dll /reference:/home/thomas/.nuget/packages/system.composition.convention/7.0.0/lib/net7.0/System.Composition.Convention.dll /reference:/home/thomas/.nuget/packages/system.composition.hosting/7.0.0/lib/net7.0/System.Composition.Hosting.dll /reference:/home/thomas/.nuget/packages/system.composition.runtime/7.0.0/lib/net7.0/System.Composition.Runtime.dll /reference:/home/thomas/.nuget/packages/system.composition.typedparts/7.0.0/lib/net7.0/System.Composition.TypedParts.dll /reference:/home/thomas/.nuget/packages/system.configuration.configurationmanager/7.0.0/lib/net7.0/System.Configuration.ConfigurationManager.dll /reference:/usr/lib/dotnet/packs/Microsoft.NETCore.App.Ref/8.0.17/ref/net8.0/System.Configuration.dll /reference:/usr/lib/dotnet/packs/Microsoft.NETCore.App.Ref/8.0.17/ref/net8.0/System.Console.dll /reference:/usr/lib/dotnet/packs/Microsoft.NETCore.App.Ref/8.0.17/ref/net8.0/System.Core.dll /reference:/usr/lib/dotnet/packs/Microsoft.NETCore.App.Ref/8.0.17/ref/net8.0/System.Data.Common.dll /reference:/usr/lib/dotnet/packs/Microsoft.NETCore.App.Ref/8.0.17/ref/net8.0/System.Data.DataSetExtensions.dll /reference:/usr/lib/dotnet/packs/Microsoft.NETCore.App.Ref/8.0.17/ref/net8.0/System.Data.dll /reference:/usr/lib/dotnet/packs/Microsoft.NETCore.App.Ref/8.0.17/ref/net8.0/System.Diagnostics.Contracts.dll /reference:/usr/lib/dotnet/packs/Microsoft.NETCore.App.Ref/8.0.17/ref/net8.0/System.Diagnostics.Debug.dll /reference:/usr/lib/dotnet/packs/Microsoft.NETCore.App.Ref/8.0.17/ref/net8.0/System.Diagnostics.DiagnosticSource.dll /reference:/usr/lib/dotnet/packs/Microsoft.AspNetCore.App.Ref/8.0.17/ref/net8.0/System.Diagnostics.EventLog.dll /reference:/usr/lib/dotnet/packs/Microsoft.NETCore.App.Ref/8.0.17/ref/net8.0/System.Diagnostics.FileVersionInfo.dll /reference:/usr/lib/dotnet/packs/Microsoft.NETCore.App.Ref/8.0.17/ref/net8.0/System.Diagnostics.Process.dll /reference:/usr/lib/dotnet/packs/Microsoft.NETCore.App.Ref/8.0.17/ref/net8.0/System.Diagnostics.StackTrace.dll /reference:/usr/lib/dotnet/packs/Microsoft.NETCore.App.Ref/8.0.17/ref/net8.0/System.Diagnostics.TextWriterTraceListener.dll /reference:/usr/lib/dotnet/packs/Microsoft.NETCore.App.Ref/8.0.17/ref/net8.0/System.Diagnostics.Tools.dll /reference:/usr/lib/dotnet/packs/Microsoft.NETCore.App.Ref/8.0.17/ref/net8.0/System.Diagnostics.TraceSource.dll /reference:/usr/lib/dotnet/packs/Microsoft.NETCore.App.Ref/8.0.17/ref/net8.0/System.Diagnostics.Tracing.dll /reference:/usr/lib/dotnet/packs/Microsoft.NETCore.App.Ref/8.0.17/ref/net8.0/System.dll /reference:/home/thomas/.nuget/packages/system.drawing.common/7.0.0/lib/net7.0/System.Drawing.Common.dll /reference:/usr/lib/dotnet/packs/Microsoft.NETCore.App.Ref/8.0.17/ref/net8.0/System.Drawing.dll /reference:/usr/lib/dotnet/packs/Microsoft.NETCore.App.Ref/8.0.17/ref/net8.0/System.Drawing.Primitives.dll /reference:/usr/lib/dotnet/packs/Microsoft.NETCore.App.Ref/8.0.17/ref/net8.0/System.Dynamic.Runtime.dll /reference:/usr/lib/dotnet/packs/Microsoft.NETCore.App.Ref/8.0.17/ref/net8.0/System.Formats.Asn1.dll /reference:/usr/lib/dotnet/packs/Microsoft.NETCore.App.Ref/8.0.17/ref/net8.0/System.Formats.Tar.dll /reference:/usr/lib/dotnet/packs/Microsoft.NETCore.App.Ref/8.0.17/ref/net8.0/System.Globalization.Calendars.dll /reference:/usr/lib/dotnet/packs/Microsoft.NETCore.App.Ref/8.0.17/ref/net8.0/System.Globalization.dll /reference:/usr/lib/dotnet/packs/Microsoft.NETCore.App.Ref/8.0.17/ref/net8.0/System.Globalization.Extensions.dll /reference:/home/thomas/.nuget/packages/system.identitymodel.tokens.jwt/6.24.0/lib/net6.0/System.IdentityModel.Tokens.Jwt.dll /reference:/usr/lib/dotnet/packs/Microsoft.NETCore.App.Ref/8.0.17/ref/net8.0/System.IO.Compression.Brotli.dll /reference:/usr/lib/dotnet/packs/Microsoft.NETCore.App.Ref/8.0.17/ref/net8.0/System.IO.Compression.dll /reference:/usr/lib/dotnet/packs/Microsoft.NETCore.App.Ref/8.0.17/ref/net8.0/System.IO.Compression.FileSystem.dll /reference:/usr/lib/dotnet/packs/Microsoft.NETCore.App.Ref/8.0.17/ref/net8.0/System.IO.Compression.ZipFile.dll /reference:/usr/lib/dotnet/packs/Microsoft.NETCore.App.Ref/8.0.17/ref/net8.0/System.IO.dll /reference:/usr/lib/dotnet/packs/Microsoft.NETCore.App.Ref/8.0.17/ref/net8.0/System.IO.FileSystem.AccessControl.dll /reference:/usr/lib/dotnet/packs/Microsoft.NETCore.App.Ref/8.0.17/ref/net8.0/System.IO.FileSystem.dll /reference:/usr/lib/dotnet/packs/Microsoft.NETCore.App.Ref/8.0.17/ref/net8.0/System.IO.FileSystem.DriveInfo.dll /reference:/usr/lib/dotnet/packs/Microsoft.NETCore.App.Ref/8.0.17/ref/net8.0/System.IO.FileSystem.Primitives.dll /reference:/usr/lib/dotnet/packs/Microsoft.NETCore.App.Ref/8.0.17/ref/net8.0/System.IO.FileSystem.Watcher.dll /reference:/usr/lib/dotnet/packs/Microsoft.NETCore.App.Ref/8.0.17/ref/net8.0/System.IO.IsolatedStorage.dll /reference:/usr/lib/dotnet/packs/Microsoft.NETCore.App.Ref/8.0.17/ref/net8.0/System.IO.MemoryMappedFiles.dll /reference:/usr/lib/dotnet/packs/Microsoft.AspNetCore.App.Ref/8.0.17/ref/net8.0/System.IO.Pipelines.dll /reference:/usr/lib/dotnet/packs/Microsoft.NETCore.App.Ref/8.0.17/ref/net8.0/System.IO.Pipes.AccessControl.dll /reference:/usr/lib/dotnet/packs/Microsoft.NETCore.App.Ref/8.0.17/ref/net8.0/System.IO.Pipes.dll /reference:/usr/lib/dotnet/packs/Microsoft.NETCore.App.Ref/8.0.17/ref/net8.0/System.IO.UnmanagedMemoryStream.dll /reference:/usr/lib/dotnet/packs/Microsoft.NETCore.App.Ref/8.0.17/ref/net8.0/System.Linq.dll /reference:/usr/lib/dotnet/packs/Microsoft.NETCore.App.Ref/8.0.17/ref/net8.0/System.Linq.Expressions.dll /reference:/usr/lib/dotnet/packs/Microsoft.NETCore.App.Ref/8.0.17/ref/net8.0/System.Linq.Parallel.dll /reference:/usr/lib/dotnet/packs/Microsoft.NETCore.App.Ref/8.0.17/ref/net8.0/System.Linq.Queryable.dll /reference:/home/thomas/.nuget/packages/system.memory.data/1.0.2/lib/netstandard2.0/System.Memory.Data.dll /reference:/usr/lib/dotnet/packs/Microsoft.NETCore.App.Ref/8.0.17/ref/net8.0/System.Memory.dll /reference:/usr/lib/dotnet/packs/Microsoft.NETCore.App.Ref/8.0.17/ref/net8.0/System.Net.dll /reference:/usr/lib/dotnet/packs/Microsoft.NETCore.App.Ref/8.0.17/ref/net8.0/System.Net.Http.dll /reference:/usr/lib/dotnet/packs/Microsoft.NETCore.App.Ref/8.0.17/ref/net8.0/System.Net.Http.Json.dll /reference:/usr/lib/dotnet/packs/Microsoft.NETCore.App.Ref/8.0.17/ref/net8.0/System.Net.HttpListener.dll /reference:/usr/lib/dotnet/packs/Microsoft.NETCore.App.Ref/8.0.17/ref/net8.0/System.Net.Mail.dll /reference:/usr/lib/dotnet/packs/Microsoft.NETCore.App.Ref/8.0.17/ref/net8.0/System.Net.NameResolution.dll /reference:/usr/lib/dotnet/packs/Microsoft.NETCore.App.Ref/8.0.17/ref/net8.0/System.Net.NetworkInformation.dll /reference:/usr/lib/dotnet/packs/Microsoft.NETCore.App.Ref/8.0.17/ref/net8.0/System.Net.Ping.dll /reference:/usr/lib/dotnet/packs/Microsoft.NETCore.App.Ref/8.0.17/ref/net8.0/System.Net.Primitives.dll /reference:/usr/lib/dotnet/packs/Microsoft.NETCore.App.Ref/8.0.17/ref/net8.0/System.Net.Quic.dll /reference:/usr/lib/dotnet/packs/Microsoft.NETCore.App.Ref/8.0.17/ref/net8.0/System.Net.Requests.dll /reference:/usr/lib/dotnet/packs/Microsoft.NETCore.App.Ref/8.0.17/ref/net8.0/System.Net.Security.dll /reference:/usr/lib/dotnet/packs/Microsoft.NETCore.App.Ref/8.0.17/ref/net8.0/System.Net.ServicePoint.dll /reference:/usr/lib/dotnet/packs/Microsoft.NETCore.App.Ref/8.0.17/ref/net8.0/System.Net.Sockets.dll /reference:/usr/lib/dotnet/packs/Microsoft.NETCore.App.Ref/8.0.17/ref/net8.0/System.Net.WebClient.dll /reference:/usr/lib/dotnet/packs/Microsoft.NETCore.App.Ref/8.0.17/ref/net8.0/System.Net.WebHeaderCollection.dll /reference:/usr/lib/dotnet/packs/Microsoft.NETCore.App.Ref/8.0.17/ref/net8.0/System.Net.WebProxy.dll /reference:/usr/lib/dotnet/packs/Microsoft.NETCore.App.Ref/8.0.17/ref/net8.0/System.Net.WebSockets.Client.dll /reference:/usr/lib/dotnet/packs/Microsoft.NETCore.App.Ref/8.0.17/ref/net8.0/System.Net.WebSockets.dll /reference:/usr/lib/dotnet/packs/Microsoft.NETCore.App.Ref/8.0.17/ref/net8.0/System.Numerics.dll /reference:/usr/lib/dotnet/packs/Microsoft.NETCore.App.Ref/8.0.17/ref/net8.0/System.Numerics.Vectors.dll /reference:/usr/lib/dotnet/packs/Microsoft.NETCore.App.Ref/8.0.17/ref/net8.0/System.ObjectModel.dll /reference:/usr/lib/dotnet/packs/Microsoft.NETCore.App.Ref/8.0.17/ref/net8.0/System.Reflection.DispatchProxy.dll /reference:/usr/lib/dotnet/packs/Microsoft.NETCore.App.Ref/8.0.17/ref/net8.0/System.Reflection.dll /reference:/usr/lib/dotnet/packs/Microsoft.NETCore.App.Ref/8.0.17/ref/net8.0/System.Reflection.Emit.dll /reference:/usr/lib/dotnet/packs/Microsoft.NETCore.App.Ref/8.0.17/ref/net8.0/System.Reflection.Emit.ILGeneration.dll /reference:/usr/lib/dotnet/packs/Microsoft.NETCore.App.Ref/8.0.17/ref/net8.0/System.Reflection.Emit.Lightweight.dll /reference:/usr/lib/dotnet/packs/Microsoft.NETCore.App.Ref/8.0.17/ref/net8.0/System.Reflection.Extensions.dll /reference:/usr/lib/dotnet/packs/Microsoft.NETCore.App.Ref/8.0.17/ref/net8.0/System.Reflection.Metadata.dll /reference:/home/thomas/.nuget/packages/system.reflection.metadataloadcontext/7.0.0/lib/net7.0/System.Reflection.MetadataLoadContext.dll /reference:/usr/lib/dotnet/packs/Microsoft.NETCore.App.Ref/8.0.17/ref/net8.0/System.Reflection.Primitives.dll /reference:/usr/lib/dotnet/packs/Microsoft.NETCore.App.Ref/8.0.17/ref/net8.0/System.Reflection.TypeExtensions.dll /reference:/usr/lib/dotnet/packs/Microsoft.NETCore.App.Ref/8.0.17/ref/net8.0/System.Resources.Reader.dll /reference:/usr/lib/dotnet/packs/Microsoft.NETCore.App.Ref/8.0.17/ref/net8.0/System.Resources.ResourceManager.dll /reference:/usr/lib/dotnet/packs/Microsoft.NETCore.App.Ref/8.0.17/ref/net8.0/System.Resources.Writer.dll /reference:/usr/lib/dotnet/packs/Microsoft.NETCore.App.Ref/8.0.17/ref/net8.0/System.Runtime.CompilerServices.Unsafe.dll /reference:/usr/lib/dotnet/packs/Microsoft.NETCore.App.Ref/8.0.17/ref/net8.0/System.Runtime.CompilerServices.VisualC.dll /reference:/usr/lib/dotnet/packs/Microsoft.NETCore.App.Ref/8.0.17/ref/net8.0/System.Runtime.dll /reference:/usr/lib/dotnet/packs/Microsoft.NETCore.App.Ref/8.0.17/ref/net8.0/System.Runtime.Extensions.dll /reference:/usr/lib/dotnet/packs/Microsoft.NETCore.App.Ref/8.0.17/ref/net8.0/System.Runtime.Handles.dll /reference:/usr/lib/dotnet/packs/Microsoft.NETCore.App.Ref/8.0.17/ref/net8.0/System.Runtime.InteropServices.dll /reference:/usr/lib/dotnet/packs/Microsoft.NETCore.App.Ref/8.0.17/ref/net8.0/System.Runtime.InteropServices.JavaScript.dll /reference:/usr/lib/dotnet/packs/Microsoft.NETCore.App.Ref/8.0.17/ref/net8.0/System.Runtime.InteropServices.RuntimeInformation.dll /reference:/usr/lib/dotnet/packs/Microsoft.NETCore.App.Ref/8.0.17/ref/net8.0/System.Runtime.Intrinsics.dll /reference:/usr/lib/dotnet/packs/Microsoft.NETCore.App.Ref/8.0.17/ref/net8.0/System.Runtime.Loader.dll /reference:/usr/lib/dotnet/packs/Microsoft.NETCore.App.Ref/8.0.17/ref/net8.0/System.Runtime.Numerics.dll /reference:/usr/lib/dotnet/packs/Microsoft.NETCore.App.Ref/8.0.17/ref/net8.0/System.Runtime.Serialization.dll /reference:/usr/lib/dotnet/packs/Microsoft.NETCore.App.Ref/8.0.17/ref/net8.0/System.Runtime.Serialization.Formatters.dll /reference:/usr/lib/dotnet/packs/Microsoft.NETCore.App.Ref/8.0.17/ref/net8.0/System.Runtime.Serialization.Json.dll /reference:/usr/lib/dotnet/packs/Microsoft.NETCore.App.Ref/8.0.17/ref/net8.0/System.Runtime.Serialization.Primitives.dll /reference:/usr/lib/dotnet/packs/Microsoft.NETCore.App.Ref/8.0.17/ref/net8.0/System.Runtime.Serialization.Xml.dll /reference:/usr/lib/dotnet/packs/Microsoft.NETCore.App.Ref/8.0.17/ref/net8.0/System.Security.AccessControl.dll /reference:/usr/lib/dotnet/packs/Microsoft.NETCore.App.Ref/8.0.17/ref/net8.0/System.Security.Claims.dll /reference:/usr/lib/dotnet/packs/Microsoft.NETCore.App.Ref/8.0.17/ref/net8.0/System.Security.Cryptography.Algorithms.dll /reference:/usr/lib/dotnet/packs/Microsoft.NETCore.App.Ref/8.0.17/ref/net8.0/System.Security.Cryptography.Cng.dll /reference:/usr/lib/dotnet/packs/Microsoft.NETCore.App.Ref/8.0.17/ref/net8.0/System.Security.Cryptography.Csp.dll /reference:/usr/lib/dotnet/packs/Microsoft.NETCore.App.Ref/8.0.17/ref/net8.0/System.Security.Cryptography.dll /reference:/usr/lib/dotnet/packs/Microsoft.NETCore.App.Ref/8.0.17/ref/net8.0/System.Security.Cryptography.Encoding.dll /reference:/usr/lib/dotnet/packs/Microsoft.NETCore.App.Ref/8.0.17/ref/net8.0/System.Security.Cryptography.OpenSsl.dll /reference:/home/thomas/.nuget/packages/system.security.cryptography.pkcs/5.0.0/ref/netcoreapp3.0/System.Security.Cryptography.Pkcs.dll /reference:/usr/lib/dotnet/packs/Microsoft.NETCore.App.Ref/8.0.17/ref/net8.0/System.Security.Cryptography.Primitives.dll /reference:/home/thomas/.nuget/packages/system.security.cryptography.protecteddata/7.0.0/lib/net7.0/System.Security.Cryptography.ProtectedData.dll /reference:/usr/lib/dotnet/packs/Microsoft.NETCore.App.Ref/8.0.17/ref/net8.0/System.Security.Cryptography.X509Certificates.dll /reference:/usr/lib/dotnet/packs/Microsoft.AspNetCore.App.Ref/8.0.17/ref/net8.0/System.Security.Cryptography.Xml.dll /reference:/usr/lib/dotnet/packs/Microsoft.NETCore.App.Ref/8.0.17/ref/net8.0/System.Security.dll /reference:/home/thomas/.nuget/packages/system.security.permissions/7.0.0/lib/net7.0/System.Security.Permissions.dll /reference:/usr/lib/dotnet/packs/Microsoft.NETCore.App.Ref/8.0.17/ref/net8.0/System.Security.Principal.dll /reference:/usr/lib/dotnet/packs/Microsoft.NETCore.App.Ref/8.0.17/ref/net8.0/System.Security.Principal.Windows.dll /reference:/usr/lib/dotnet/packs/Microsoft.NETCore.App.Ref/8.0.17/ref/net8.0/System.Security.SecureString.dll /reference:/usr/lib/dotnet/packs/Microsoft.NETCore.App.Ref/8.0.17/ref/net8.0/System.ServiceModel.Web.dll /reference:/usr/lib/dotnet/packs/Microsoft.NETCore.App.Ref/8.0.17/ref/net8.0/System.ServiceProcess.dll /reference:/usr/lib/dotnet/packs/Microsoft.NETCore.App.Ref/8.0.17/ref/net8.0/System.Text.Encoding.CodePages.dll /reference:/usr/lib/dotnet/packs/Microsoft.NETCore.App.Ref/8.0.17/ref/net8.0/System.Text.Encoding.dll /reference:/usr/lib/dotnet/packs/Microsoft.NETCore.App.Ref/8.0.17/ref/net8.0/System.Text.Encoding.Extensions.dll /reference:/usr/lib/dotnet/packs/Microsoft.NETCore.App.Ref/8.0.17/ref/net8.0/System.Text.Encodings.Web.dll /reference:/usr/lib/dotnet/packs/Microsoft.NETCore.App.Ref/8.0.17/ref/net8.0/System.Text.Json.dll /reference:/usr/lib/dotnet/packs/Microsoft.NETCore.App.Ref/8.0.17/ref/net8.0/System.Text.RegularExpressions.dll /reference:/usr/lib/dotnet/packs/Microsoft.NETCore.App.Ref/8.0.17/ref/net8.0/System.Threading.Channels.dll /reference:/usr/lib/dotnet/packs/Microsoft.NETCore.App.Ref/8.0.17/ref/net8.0/System.Threading.dll /reference:/usr/lib/dotnet/packs/Microsoft.NETCore.App.Ref/8.0.17/ref/net8.0/System.Threading.Overlapped.dll /reference:/usr/lib/dotnet/packs/Microsoft.AspNetCore.App.Ref/8.0.17/ref/net8.0/System.Threading.RateLimiting.dll /reference:/usr/lib/dotnet/packs/Microsoft.NETCore.App.Ref/8.0.17/ref/net8.0/System.Threading.Tasks.Dataflow.dll /reference:/usr/lib/dotnet/packs/Microsoft.NETCore.App.Ref/8.0.17/ref/net8.0/System.Threading.Tasks.dll /reference:/usr/lib/dotnet/packs/Microsoft.NETCore.App.Ref/8.0.17/ref/net8.0/System.Threading.Tasks.Extensions.dll /reference:/usr/lib/dotnet/packs/Microsoft.NETCore.App.Ref/8.0.17/ref/net8.0/System.Threading.Tasks.Parallel.dll /reference:/usr/lib/dotnet/packs/Microsoft.NETCore.App.Ref/8.0.17/ref/net8.0/System.Threading.Thread.dll /reference:/usr/lib/dotnet/packs/Microsoft.NETCore.App.Ref/8.0.17/ref/net8.0/System.Threading.ThreadPool.dll /reference:/usr/lib/dotnet/packs/Microsoft.NETCore.App.Ref/8.0.17/ref/net8.0/System.Threading.Timer.dll /reference:/usr/lib/dotnet/packs/Microsoft.NETCore.App.Ref/8.0.17/ref/net8.0/System.Transactions.dll /reference:/usr/lib/dotnet/packs/Microsoft.NETCore.App.Ref/8.0.17/ref/net8.0/System.Transactions.Local.dll /reference:/usr/lib/dotnet/packs/Microsoft.NETCore.App.Ref/8.0.17/ref/net8.0/System.ValueTuple.dll /reference:/usr/lib/dotnet/packs/Microsoft.NETCore.App.Ref/8.0.17/ref/net8.0/System.Web.dll /reference:/usr/lib/dotnet/packs/Microsoft.NETCore.App.Ref/8.0.17/ref/net8.0/System.Web.HttpUtility.dll /reference:/usr/lib/dotnet/packs/Microsoft.NETCore.App.Ref/8.0.17/ref/net8.0/System.Windows.dll /reference:/home/thomas/.nuget/packages/system.windows.extensions/7.0.0/lib/net7.0/System.Windows.Extensions.dll /reference:/usr/lib/dotnet/packs/Microsoft.NETCore.App.Ref/8.0.17/ref/net8.0/System.Xml.dll /reference:/usr/lib/dotnet/packs/Microsoft.NETCore.App.Ref/8.0.17/ref/net8.0/System.Xml.Linq.dll /reference:/usr/lib/dotnet/packs/Microsoft.NETCore.App.Ref/8.0.17/ref/net8.0/System.Xml.ReaderWriter.dll /reference:/usr/lib/dotnet/packs/Microsoft.NETCore.App.Ref/8.0.17/ref/net8.0/System.Xml.Serialization.dll /reference:/usr/lib/dotnet/packs/Microsoft.NETCore.App.Ref/8.0.17/ref/net8.0/System.Xml.XDocument.dll /reference:/usr/lib/dotnet/packs/Microsoft.NETCore.App.Ref/8.0.17/ref/net8.0/System.Xml.XmlDocument.dll /reference:/usr/lib/dotnet/packs/Microsoft.NETCore.App.Ref/8.0.17/ref/net8.0/System.Xml.XmlSerializer.dll /reference:/usr/lib/dotnet/packs/Microsoft.NETCore.App.Ref/8.0.17/ref/net8.0/System.Xml.XPath.dll /reference:/usr/lib/dotnet/packs/Microsoft.NETCore.App.Ref/8.0.17/ref/net8.0/System.Xml.XPath.XDocument.dll /reference:/home/thomas/.nuget/packages/microsoft.testplatform.testhost/17.8.0/lib/netcoreapp3.1/testhost.dll /reference:/usr/lib/dotnet/packs/Microsoft.NETCore.App.Ref/8.0.17/ref/net8.0/WindowsBase.dll /reference:/home/thomas/.nuget/packages/xunit.abstractions/2.0.3/lib/netstandard2.0/xunit.abstractions.dll /reference:/home/thomas/.nuget/packages/xunit.assert/2.6.6/lib/net6.0/xunit.assert.dll /reference:/home/thomas/.nuget/packages/xunit.extensibility.core/2.6.6/lib/netstandard1.1/xunit.core.dll /reference:/home/thomas/.nuget/packages/xunit.extensibility.execution/2.6.6/lib/netstandard1.1/xunit.execution.dotnet.dll /debug+ /debug:Full /filealign:512 /optimize- /out:obj/Debug/net8.0/Ribosoft.Tests.dll /refout:obj/Debug/net8.0/refint/Ribosoft.Tests.dll /target:exe /warnaserror- /utf8output /deterministic+ /sourcelink:obj/Debug/net8.0/Ribosoft.Tests.sourcelink.json /langversion:12.0 /embed:/home/thomas/.nuget/packages/microsoft.net.test.sdk/17.8.0/build/netcoreapp3.1/Microsoft.NET.Test.Sdk.Program.cs /embed:obj/Debug/net8.0/Ribosoft.Tests.GlobalUsings.g.cs /embed:"obj/Debug/net8.0/.NETCoreApp,Version=v8.0.AssemblyAttributes.cs" /embed:obj/Debug/net8.0/Ribosoft.Tests.AssemblyInfo.cs /analyzerconfig:obj/Debug/net8.0/Ribosoft.Tests.GeneratedMSBuildEditorConfig.editorconfig /analyzerconfig:/usr/lib/dotnet/sdk/8.0.117/Sdks/Microsoft.NET.Sdk/analyzers/build/config/analysislevel_8_default.globalconfig /analyzer:/usr/lib/dotnet/sdk/8.0.117/Sdks/Microsoft.NET.Sdk/targets/../analyzers/Microsoft.CodeAnalysis.CSharp.NetAnalyzers.dll /analyzer:/usr/lib/dotnet/sdk/8.0.117/Sdks/Microsoft.NET.Sdk/targets/../analyzers/Microsoft.CodeAnalysis.NetAnalyzers.dll /analyzer:/home/thomas/.nuget/packages/microsoft.codeanalysis.analyzers/3.3.4/analyzers/dotnet/cs/Microsoft.CodeAnalysis.Analyzers.dll /analyzer:/home/thomas/.nuget/packages/microsoft.codeanalysis.analyzers/3.3.4/analyzers/dotnet/cs/Microsoft.CodeAnalysis.CSharp.Analyzers.dll /analyzer:/home/thomas/.nuget/packages/microsoft.entityframeworkcore.analyzers/8.0.0/analyzers/dotnet/cs/Microsoft.EntityFrameworkCore.Analyzers.dll /analyzer:/home/thomas/.nuget/packages/xunit.analyzers/1.10.0/analyzers/dotnet/roslyn4.8/cs/xunit.analyzers.dll /analyzer:/home/thomas/.nuget/packages/xunit.analyzers/1.10.0/analyzers/dotnet/roslyn4.8/cs/xunit.analyzers.fixes.dll /analyzer:/usr/lib/dotnet/packs/Microsoft.NETCore.App.Ref/8.0.17/analyzers/dotnet/cs/Microsoft.Interop.ComInterfaceGenerator.dll /analyzer:/usr/lib/dotnet/packs/Microsoft.NETCore.App.Ref/8.0.17/analyzers/dotnet/cs/Microsoft.Interop.JavaScript.JSImportGenerator.dll /analyzer:/usr/lib/dotnet/packs/Microsoft.NETCore.App.Ref/8.0.17/analyzers/dotnet/cs/Microsoft.Interop.LibraryImportGenerator.dll /analyzer:/usr/lib/dotnet/packs/Microsoft.NETCore.App.Ref/8.0.17/analyzers/dotnet/cs/Microsoft.Interop.SourceGeneration.dll /analyzer:/usr/lib/dotnet/packs/Microsoft.NETCore.App.Ref/8.0.17/analyzers/dotnet/cs/System.Text.Json.SourceGeneration.dll /analyzer:/usr/lib/dotnet/packs/Microsoft.NETCore.App.Ref/8.0.17/analyzers/dotnet/cs/System.Text.RegularExpressions.Generator.dll /analyzer:/usr/lib/dotnet/packs/Microsoft.AspNetCore.App.Ref/8.0.17/analyzers/dotnet/cs/Microsoft.AspNetCore.App.Analyzers.dll /analyzer:/usr/lib/dotnet/packs/Microsoft.AspNetCore.App.Ref/8.0.17/analyzers/dotnet/cs/Microsoft.AspNetCore.App.CodeFixes.dll /analyzer:/usr/lib/dotnet/packs/Microsoft.AspNetCore.App.Ref/8.0.17/analyzers/dotnet/cs/Microsoft.AspNetCore.Components.Analyzers.dll /analyzer:/usr/lib/dotnet/packs/Microsoft.AspNetCore.App.Ref/8.0.17/analyzers/dotnet/roslyn4.4/cs/Microsoft.Extensions.Logging.Generators.dll /analyzer:/usr/lib/dotnet/packs/Microsoft.AspNetCore.App.Ref/8.0.17/analyzers/dotnet/roslyn4.4/cs/Microsoft.Extensions.Options.SourceGeneration.dll TestBiology.cs TestCandidateGeneration.cs TestError.cs TestInvalidGenbankRequests.cs TestModels.cs TestMultiObjectiveOptimization.cs TestRibosoftAlgo.cs TestValidationAttributes.cs TestValidGenbankRequests.cs /home/thomas/.nuget/packages/microsoft.net.test.sdk/17.8.0/build/netcoreapp3.1/Microsoft.NET.Test.Sdk.Program.cs obj/Debug/net8.0/Ribosoft.Tests.GlobalUsings.g.cs "obj/Debug/net8.0/.NETCoreApp,Version=v8.0.AssemblyAttributes.cs" obj/Debug/net8.0/Ribosoft.Tests.AssemblyInfo.cs /warnaserror+:NU1605,SYSLIB0011
     3>/home/thomas/git/ribosoft/Ribosoft.Tests/TestCandidateGeneration.cs(25,78): warning CS8602: Dereference of a possibly null reference. [/home/thomas/git/ribosoft/Ribosoft.Tests/Ribosoft.Tests.csproj]
     3>/home/thomas/git/ribosoft/Ribosoft.Tests/TestCandidateGeneration.cs(200,31): warning CS8602: Dereference of a possibly null reference. [/home/thomas/git/ribosoft/Ribosoft.Tests/Ribosoft.Tests.csproj]
     3>/home/thomas/git/ribosoft/Ribosoft.Tests/TestCandidateGeneration.cs(201,31): warning CS8602: Dereference of a possibly null reference. [/home/thomas/git/ribosoft/Ribosoft.Tests/Ribosoft.Tests.csproj]
     3>/home/thomas/git/ribosoft/Ribosoft.Tests/TestCandidateGeneration.cs(202,31): warning CS8602: Dereference of a possibly null reference. [/home/thomas/git/ribosoft/Ribosoft.Tests/Ribosoft.Tests.csproj]
     3>/home/thomas/git/ribosoft/Ribosoft.Tests/TestCandidateGeneration.cs(203,31): warning CS8602: Dereference of a possibly null reference. [/home/thomas/git/ribosoft/Ribosoft.Tests/Ribosoft.Tests.csproj]
     3>/home/thomas/git/ribosoft/Ribosoft.Tests/TestCandidateGeneration.cs(205,29): warning CS8602: Dereference of a possibly null reference. [/home/thomas/git/ribosoft/Ribosoft.Tests/Ribosoft.Tests.csproj]
     3>/home/thomas/git/ribosoft/Ribosoft.Tests/TestCandidateGeneration.cs(206,29): warning CS8602: Dereference of a possibly null reference. [/home/thomas/git/ribosoft/Ribosoft.Tests/Ribosoft.Tests.csproj]
     3>/home/thomas/git/ribosoft/Ribosoft.Tests/TestCandidateGeneration.cs(207,29): warning CS8602: Dereference of a possibly null reference. [/home/thomas/git/ribosoft/Ribosoft.Tests/Ribosoft.Tests.csproj]
     3>/home/thomas/git/ribosoft/Ribosoft.Tests/TestCandidateGeneration.cs(223,32): warning CS8602: Dereference of a possibly null reference. [/home/thomas/git/ribosoft/Ribosoft.Tests/Ribosoft.Tests.csproj]
     3>/home/thomas/git/ribosoft/Ribosoft.Tests/TestCandidateGeneration.cs(224,32): warning CS8602: Dereference of a possibly null reference. [/home/thomas/git/ribosoft/Ribosoft.Tests/Ribosoft.Tests.csproj]
     3>/home/thomas/git/ribosoft/Ribosoft.Tests/TestCandidateGeneration.cs(225,32): warning CS8602: Dereference of a possibly null reference. [/home/thomas/git/ribosoft/Ribosoft.Tests/Ribosoft.Tests.csproj]
     3>/home/thomas/git/ribosoft/Ribosoft.Tests/TestCandidateGeneration.cs(305,33): warning CS8602: Dereference of a possibly null reference. [/home/thomas/git/ribosoft/Ribosoft.Tests/Ribosoft.Tests.csproj]
     3>/home/thomas/git/ribosoft/Ribosoft.Tests/TestCandidateGeneration.cs(308,33): warning CS8602: Dereference of a possibly null reference. [/home/thomas/git/ribosoft/Ribosoft.Tests/Ribosoft.Tests.csproj]
     3>/home/thomas/git/ribosoft/Ribosoft.Tests/TestCandidateGeneration.cs(311,34): warning CS8602: Dereference of a possibly null reference. [/home/thomas/git/ribosoft/Ribosoft.Tests/Ribosoft.Tests.csproj]
     3>/home/thomas/git/ribosoft/Ribosoft.Tests/TestCandidateGeneration.cs(329,33): warning CS8602: Dereference of a possibly null reference. [/home/thomas/git/ribosoft/Ribosoft.Tests/Ribosoft.Tests.csproj]
     3>/home/thomas/git/ribosoft/Ribosoft.Tests/TestCandidateGeneration.cs(332,33): warning CS8602: Dereference of a possibly null reference. [/home/thomas/git/ribosoft/Ribosoft.Tests/Ribosoft.Tests.csproj]
     3>/home/thomas/git/ribosoft/Ribosoft.Tests/TestCandidateGeneration.cs(335,34): warning CS8602: Dereference of a possibly null reference. [/home/thomas/git/ribosoft/Ribosoft.Tests/Ribosoft.Tests.csproj]
     3>/home/thomas/git/ribosoft/Ribosoft.Tests/TestCandidateGeneration.cs(353,32): warning CS8602: Dereference of a possibly null reference. [/home/thomas/git/ribosoft/Ribosoft.Tests/Ribosoft.Tests.csproj]
     3>/home/thomas/git/ribosoft/Ribosoft.Tests/TestCandidateGeneration.cs(356,32): warning CS8602: Dereference of a possibly null reference. [/home/thomas/git/ribosoft/Ribosoft.Tests/Ribosoft.Tests.csproj]
     3>/home/thomas/git/ribosoft/Ribosoft.Tests/TestCandidateGeneration.cs(359,32): warning CS8602: Dereference of a possibly null reference. [/home/thomas/git/ribosoft/Ribosoft.Tests/Ribosoft.Tests.csproj]
     3>/home/thomas/git/ribosoft/Ribosoft.Tests/TestCandidateGeneration.cs(362,33): warning CS8602: Dereference of a possibly null reference. [/home/thomas/git/ribosoft/Ribosoft.Tests/Ribosoft.Tests.csproj]
     3>/home/thomas/git/ribosoft/Ribosoft.Tests/TestCandidateGeneration.cs(365,33): warning CS8602: Dereference of a possibly null reference. [/home/thomas/git/ribosoft/Ribosoft.Tests/Ribosoft.Tests.csproj]
     3>/home/thomas/git/ribosoft/Ribosoft.Tests/TestCandidateGeneration.cs(368,33): warning CS8602: Dereference of a possibly null reference. [/home/thomas/git/ribosoft/Ribosoft.Tests/Ribosoft.Tests.csproj]
     3>/home/thomas/git/ribosoft/Ribosoft.Tests/TestCandidateGeneration.cs(371,34): warning CS8602: Dereference of a possibly null reference. [/home/thomas/git/ribosoft/Ribosoft.Tests/Ribosoft.Tests.csproj]
     3>/home/thomas/git/ribosoft/Ribosoft.Tests/TestCandidateGeneration.cs(374,33): warning CS8602: Dereference of a possibly null reference. [/home/thomas/git/ribosoft/Ribosoft.Tests/Ribosoft.Tests.csproj]
     3>/home/thomas/git/ribosoft/Ribosoft.Tests/TestCandidateGeneration.cs(413,74): warning CS8602: Dereference of a possibly null reference. [/home/thomas/git/ribosoft/Ribosoft.Tests/Ribosoft.Tests.csproj]
     3>/home/thomas/git/ribosoft/Ribosoft.Tests/TestCandidateGeneration.cs(414,76): warning CS8602: Dereference of a possibly null reference. [/home/thomas/git/ribosoft/Ribosoft.Tests/Ribosoft.Tests.csproj]
     3>/home/thomas/git/ribosoft/Ribosoft.Tests/TestCandidateGeneration.cs(430,74): warning CS8602: Dereference of a possibly null reference. [/home/thomas/git/ribosoft/Ribosoft.Tests/Ribosoft.Tests.csproj]
     3>/home/thomas/git/ribosoft/Ribosoft.Tests/TestCandidateGeneration.cs(431,74): warning CS8602: Dereference of a possibly null reference. [/home/thomas/git/ribosoft/Ribosoft.Tests/Ribosoft.Tests.csproj]
     3>/home/thomas/git/ribosoft/Ribosoft.Tests/TestCandidateGeneration.cs(448,32): warning CS8602: Dereference of a possibly null reference. [/home/thomas/git/ribosoft/Ribosoft.Tests/Ribosoft.Tests.csproj]
     3>/home/thomas/git/ribosoft/Ribosoft.Tests/TestCandidateGeneration.cs(449,32): warning CS8602: Dereference of a possibly null reference. [/home/thomas/git/ribosoft/Ribosoft.Tests/Ribosoft.Tests.csproj]
         CompilerServer: server - server processed compilation - 59b946d9-6e1a-43a8-b4d3-5316d0651597
       _CopyFilesMarkedCopyLocal:
         Copying file from "/home/thomas/.nuget/packages/azure.core/1.25.0/lib/net5.0/Azure.Core.dll" to "/home/thomas/git/ribosoft/Ribosoft.Tests/bin/Debug/net8.0/Azure.Core.dll".
         Copying file from "/home/thomas/.nuget/packages/azure.identity/1.7.0/lib/netstandard2.0/Azure.Identity.dll" to "/home/thomas/git/ribosoft/Ribosoft.Tests/bin/Debug/net8.0/Azure.Identity.dll".
         Copying file from "/home/thomas/.nuget/packages/cloudscribe.pagination.models/8.0.0/lib/net8.0/cloudscribe.Pagination.Models.dll" to "/home/thomas/git/ribosoft/Ribosoft.Tests/bin/Debug/net8.0/cloudscribe.Pagination.Models.dll".
         Copying file from "/home/thomas/.nuget/packages/dapper/2.0.123/lib/net5.0/Dapper.dll" to "/home/thomas/git/ribosoft/Ribosoft.Tests/bin/Debug/net8.0/Dapper.dll".
         Copying file from "/home/thomas/.nuget/packages/cloudscribe.web.pagination/8.0.0/lib/net8.0/cloudscribe.Web.Pagination.dll" to "/home/thomas/git/ribosoft/Ribosoft.Tests/bin/Debug/net8.0/cloudscribe.Web.Pagination.dll".
         Copying file from "/home/thomas/.nuget/packages/hangfire.aspnetcore/1.8.12/lib/netcoreapp3.0/Hangfire.AspNetCore.dll" to "/home/thomas/git/ribosoft/Ribosoft.Tests/bin/Debug/net8.0/Hangfire.AspNetCore.dll".
         Copying file from "/home/thomas/.nuget/packages/hangfire.core/1.8.12/lib/netstandard2.0/Hangfire.Core.dll" to "/home/thomas/git/ribosoft/Ribosoft.Tests/bin/Debug/net8.0/Hangfire.Core.dll".
         Copying file from "/home/thomas/.nuget/packages/hangfire.netcore/1.8.12/lib/netstandard2.1/Hangfire.NetCore.dll" to "/home/thomas/git/ribosoft/Ribosoft.Tests/bin/Debug/net8.0/Hangfire.NetCore.dll".
         Copying file from "/home/thomas/.nuget/packages/hangfire.postgresql/1.20.8/lib/netstandard2.0/Hangfire.PostgreSql.dll" to "/home/thomas/git/ribosoft/Ribosoft.Tests/bin/Debug/net8.0/Hangfire.PostgreSql.dll".
         Copying file from "/home/thomas/.nuget/packages/fluentassertions/6.12.0/lib/net6.0/FluentAssertions.dll" to "/home/thomas/git/ribosoft/Ribosoft.Tests/bin/Debug/net8.0/FluentAssertions.dll".
         Copying file from "/home/thomas/.nuget/packages/humanizer.core/2.14.1/lib/net6.0/Humanizer.dll" to "/home/thomas/git/ribosoft/Ribosoft.Tests/bin/Debug/net8.0/Humanizer.dll".
         Copying file from "/home/thomas/.nuget/packages/microsoft.aspnetcore.diagnostics.entityframeworkcore/8.0.0/lib/net8.0/Microsoft.AspNetCore.Diagnostics.EntityFrameworkCore.dll" to "/home/thomas/git/ribosoft/Ribosoft.Tests/bin/Debug/net8.0/Microsoft.AspNetCore.Diagnostics.EntityFrameworkCore.dll".
         Copying file from "/home/thomas/.nuget/packages/microsoft.aspnetcore.identity.entityframeworkcore/8.0.0/lib/net8.0/Microsoft.AspNetCore.Identity.EntityFrameworkCore.dll" to "/home/thomas/git/ribosoft/Ribosoft.Tests/bin/Debug/net8.0/Microsoft.AspNetCore.Identity.EntityFrameworkCore.dll".
         Copying file from "/home/thomas/.nuget/packages/microsoft.aspnetcore.mvc.testing/8.0.0/lib/net8.0/Microsoft.AspNetCore.Mvc.Testing.dll" to "/home/thomas/git/ribosoft/Ribosoft.Tests/bin/Debug/net8.0/Microsoft.AspNetCore.Mvc.Testing.dll".
         Copying file from "/home/thomas/.nuget/packages/microsoft.aspnetcore.razor.language/6.0.24/lib/netstandard2.0/Microsoft.AspNetCore.Razor.Language.dll" to "/home/thomas/git/ribosoft/Ribosoft.Tests/bin/Debug/net8.0/Microsoft.AspNetCore.Razor.Language.dll".
         Copying file from "/home/thomas/.nuget/packages/microsoft.aspnetcore.testhost/8.0.0/lib/net8.0/Microsoft.AspNetCore.TestHost.dll" to "/home/thomas/git/ribosoft/Ribosoft.Tests/bin/Debug/net8.0/Microsoft.AspNetCore.TestHost.dll".
         Copying file from "/home/thomas/.nuget/packages/microsoft.bcl.asyncinterfaces/7.0.0/lib/netstandard2.1/Microsoft.Bcl.AsyncInterfaces.dll" to "/home/thomas/git/ribosoft/Ribosoft.Tests/bin/Debug/net8.0/Microsoft.Bcl.AsyncInterfaces.dll".
         Copying file from "/home/thomas/.nuget/packages/microsoft.build/17.7.2/lib/net7.0/Microsoft.Build.dll" to "/home/thomas/git/ribosoft/Ribosoft.Tests/bin/Debug/net8.0/Microsoft.Build.dll".
         Copying file from "/home/thomas/.nuget/packages/hangfire.sqlserver/1.8.12/lib/netstandard2.0/Hangfire.SqlServer.dll" to "/home/thomas/git/ribosoft/Ribosoft.Tests/bin/Debug/net8.0/Hangfire.SqlServer.dll".
         Copying file from "/home/thomas/.nuget/packages/microsoft.build.framework/17.7.2/lib/net7.0/Microsoft.Build.Framework.dll" to "/home/thomas/git/ribosoft/Ribosoft.Tests/bin/Debug/net8.0/Microsoft.Build.Framework.dll".
         Copying file from "/home/thomas/.nuget/packages/microsoft.codeanalysis.analyzerutilities/3.3.0/lib/netstandard2.0/Microsoft.CodeAnalysis.AnalyzerUtilities.dll" to "/home/thomas/git/ribosoft/Ribosoft.Tests/bin/Debug/net8.0/Microsoft.CodeAnalysis.AnalyzerUtilities.dll".
         Copying file from "/home/thomas/.nuget/packages/microsoft.codeanalysis.common/4.8.0/lib/net7.0/Microsoft.CodeAnalysis.dll" to "/home/thomas/git/ribosoft/Ribosoft.Tests/bin/Debug/net8.0/Microsoft.CodeAnalysis.dll".
         Copying file from "/home/thomas/.nuget/packages/microsoft.codeanalysis.csharp.features/4.8.0/lib/net7.0/Microsoft.CodeAnalysis.CSharp.Features.dll" to "/home/thomas/git/ribosoft/Ribosoft.Tests/bin/Debug/net8.0/Microsoft.CodeAnalysis.CSharp.Features.dll".
         Copying file from "/home/thomas/.nuget/packages/microsoft.codeanalysis.csharp.workspaces/4.8.0/lib/net7.0/Microsoft.CodeAnalysis.CSharp.Workspaces.dll" to "/home/thomas/git/ribosoft/Ribosoft.Tests/bin/Debug/net8.0/Microsoft.CodeAnalysis.CSharp.Workspaces.dll".
         Copying file from "/home/thomas/.nuget/packages/microsoft.codeanalysis.csharp/4.8.0/lib/net7.0/Microsoft.CodeAnalysis.CSharp.dll" to "/home/thomas/git/ribosoft/Ribosoft.Tests/bin/Debug/net8.0/Microsoft.CodeAnalysis.CSharp.dll".
         Copying file from "/home/thomas/.nuget/packages/microsoft.codeanalysis.elfie/1.0.0/lib/netstandard2.0/Microsoft.CodeAnalysis.Elfie.dll" to "/home/thomas/git/ribosoft/Ribosoft.Tests/bin/Debug/net8.0/Microsoft.CodeAnalysis.Elfie.dll".
         Copying file from "/home/thomas/.nuget/packages/microsoft.codeanalysis.features/4.8.0/lib/net7.0/Microsoft.CodeAnalysis.Features.dll" to "/home/thomas/git/ribosoft/Ribosoft.Tests/bin/Debug/net8.0/Microsoft.CodeAnalysis.Features.dll".
         Copying file from "/home/thomas/.nuget/packages/microsoft.codeanalysis.razor/6.0.24/lib/netstandard2.0/Microsoft.CodeAnalysis.Razor.dll" to "/home/thomas/git/ribosoft/Ribosoft.Tests/bin/Debug/net8.0/Microsoft.CodeAnalysis.Razor.dll".
         Copying file from "/home/thomas/.nuget/packages/microsoft.codeanalysis.scripting.common/4.8.0/lib/net7.0/Microsoft.CodeAnalysis.Scripting.dll" to "/home/thomas/git/ribosoft/Ribosoft.Tests/bin/Debug/net8.0/Microsoft.CodeAnalysis.Scripting.dll".
         Copying file from "/home/thomas/.nuget/packages/microsoft.codeanalysis.workspaces.common/4.8.0/lib/net7.0/Microsoft.CodeAnalysis.Workspaces.dll" to "/home/thomas/git/ribosoft/Ribosoft.Tests/bin/Debug/net8.0/Microsoft.CodeAnalysis.Workspaces.dll".
         Copying file from "/home/thomas/.nuget/packages/microsoft.codecoverage/17.8.0/lib/netcoreapp3.1/Microsoft.VisualStudio.CodeCoverage.Shim.dll" to "/home/thomas/git/ribosoft/Ribosoft.Tests/bin/Debug/net8.0/Microsoft.VisualStudio.CodeCoverage.Shim.dll".
         Copying file from "/home/thomas/.nuget/packages/microsoft.data.sqlclient/5.1.1/lib/net6.0/Microsoft.Data.SqlClient.dll" to "/home/thomas/git/ribosoft/Ribosoft.Tests/bin/Debug/net8.0/Microsoft.Data.SqlClient.dll".
         Copying file from "/home/thomas/.nuget/packages/microsoft.diasymreader/2.0.0/lib/netstandard2.0/Microsoft.DiaSymReader.dll" to "/home/thomas/git/ribosoft/Ribosoft.Tests/bin/Debug/net8.0/Microsoft.DiaSymReader.dll".
         Copying file from "/home/thomas/.nuget/packages/microsoft.dotnet.scaffolding.shared/8.0.0/lib/netstandard2.0/Microsoft.DotNet.Scaffolding.Shared.dll" to "/home/thomas/git/ribosoft/Ribosoft.Tests/bin/Debug/net8.0/Microsoft.DotNet.Scaffolding.Shared.dll".
         Copying file from "/home/thomas/.nuget/packages/microsoft.entityframeworkcore/8.0.0/lib/net8.0/Microsoft.EntityFrameworkCore.dll" to "/home/thomas/git/ribosoft/Ribosoft.Tests/bin/Debug/net8.0/Microsoft.EntityFrameworkCore.dll".
         Copying file from "/home/thomas/.nuget/packages/microsoft.entityframeworkcore.abstractions/8.0.0/lib/net8.0/Microsoft.EntityFrameworkCore.Abstractions.dll" to "/home/thomas/git/ribosoft/Ribosoft.Tests/bin/Debug/net8.0/Microsoft.EntityFrameworkCore.Abstractions.dll".
         Copying file from "/home/thomas/.nuget/packages/microsoft.entityframeworkcore.inmemory/8.0.0/lib/net8.0/Microsoft.EntityFrameworkCore.InMemory.dll" to "/home/thomas/git/ribosoft/Ribosoft.Tests/bin/Debug/net8.0/Microsoft.EntityFrameworkCore.InMemory.dll".
         Copying file from "/home/thomas/.nuget/packages/microsoft.entityframeworkcore.relational/8.0.0/lib/net8.0/Microsoft.EntityFrameworkCore.Relational.dll" to "/home/thomas/git/ribosoft/Ribosoft.Tests/bin/Debug/net8.0/Microsoft.EntityFrameworkCore.Relational.dll".
         Copying file from "/home/thomas/.nuget/packages/microsoft.entityframeworkcore.sqlserver/8.0.0/lib/net8.0/Microsoft.EntityFrameworkCore.SqlServer.dll" to "/home/thomas/git/ribosoft/Ribosoft.Tests/bin/Debug/net8.0/Microsoft.EntityFrameworkCore.SqlServer.dll".
         Copying file from "/home/thomas/.nuget/packages/microsoft.extensions.dependencymodel/8.0.0/lib/net8.0/Microsoft.Extensions.DependencyModel.dll" to "/home/thomas/git/ribosoft/Ribosoft.Tests/bin/Debug/net8.0/Microsoft.Extensions.DependencyModel.dll".
         Copying file from "/home/thomas/.nuget/packages/microsoft.identity.client/4.47.2/lib/netcoreapp2.1/Microsoft.Identity.Client.dll" to "/home/thomas/git/ribosoft/Ribosoft.Tests/bin/Debug/net8.0/Microsoft.Identity.Client.dll".
         Copying file from "/home/thomas/.nuget/packages/microsoft.identity.client.extensions.msal/2.19.3/lib/netcoreapp2.1/Microsoft.Identity.Client.Extensions.Msal.dll" to "/home/thomas/git/ribosoft/Ribosoft.Tests/bin/Debug/net8.0/Microsoft.Identity.Client.Extensions.Msal.dll".
         Copying file from "/home/thomas/.nuget/packages/microsoft.identitymodel.abstractions/6.24.0/lib/net6.0/Microsoft.IdentityModel.Abstractions.dll" to "/home/thomas/git/ribosoft/Ribosoft.Tests/bin/Debug/net8.0/Microsoft.IdentityModel.Abstractions.dll".
         Copying file from "/home/thomas/.nuget/packages/microsoft.identitymodel.jsonwebtokens/6.24.0/lib/net6.0/Microsoft.IdentityModel.JsonWebTokens.dll" to "/home/thomas/git/ribosoft/Ribosoft.Tests/bin/Debug/net8.0/Microsoft.IdentityModel.JsonWebTokens.dll".
         Copying file from "/home/thomas/.nuget/packages/microsoft.identitymodel.logging/6.24.0/lib/net6.0/Microsoft.IdentityModel.Logging.dll" to "/home/thomas/git/ribosoft/Ribosoft.Tests/bin/Debug/net8.0/Microsoft.IdentityModel.Logging.dll".
         Copying file from "/home/thomas/.nuget/packages/microsoft.identitymodel.protocols/6.24.0/lib/net6.0/Microsoft.IdentityModel.Protocols.dll" to "/home/thomas/git/ribosoft/Ribosoft.Tests/bin/Debug/net8.0/Microsoft.IdentityModel.Protocols.dll".
         Copying file from "/home/thomas/.nuget/packages/microsoft.identitymodel.tokens/6.24.0/lib/net6.0/Microsoft.IdentityModel.Tokens.dll" to "/home/thomas/git/ribosoft/Ribosoft.Tests/bin/Debug/net8.0/Microsoft.IdentityModel.Tokens.dll".
         Copying file from "/home/thomas/.nuget/packages/microsoft.identitymodel.protocols.openidconnect/6.24.0/lib/net6.0/Microsoft.IdentityModel.Protocols.OpenIdConnect.dll" to "/home/thomas/git/ribosoft/Ribosoft.Tests/bin/Debug/net8.0/Microsoft.IdentityModel.Protocols.OpenIdConnect.dll".
         Copying file from "/home/thomas/.nuget/packages/microsoft.net.stringtools/17.7.2/lib/net7.0/Microsoft.NET.StringTools.dll" to "/home/thomas/git/ribosoft/Ribosoft.Tests/bin/Debug/net8.0/Microsoft.NET.StringTools.dll".
         Copying file from "/home/thomas/.nuget/packages/microsoft.sqlserver.server/1.0.0/lib/netstandard2.0/Microsoft.SqlServer.Server.dll" to "/home/thomas/git/ribosoft/Ribosoft.Tests/bin/Debug/net8.0/Microsoft.SqlServer.Server.dll".
         Copying file from "/home/thomas/.nuget/packages/microsoft.testplatform.objectmodel/17.8.0/lib/netcoreapp3.1/Microsoft.TestPlatform.CoreUtilities.dll" to "/home/thomas/git/ribosoft/Ribosoft.Tests/bin/Debug/net8.0/Microsoft.TestPlatform.CoreUtilities.dll".
         Copying file from "/home/thomas/.nuget/packages/microsoft.testplatform.objectmodel/17.8.0/lib/netcoreapp3.1/Microsoft.TestPlatform.PlatformAbstractions.dll" to "/home/thomas/git/ribosoft/Ribosoft.Tests/bin/Debug/net8.0/Microsoft.TestPlatform.PlatformAbstractions.dll".
         Copying file from "/home/thomas/.nuget/packages/microsoft.testplatform.objectmodel/17.8.0/lib/netcoreapp3.1/Microsoft.VisualStudio.TestPlatform.ObjectModel.dll" to "/home/thomas/git/ribosoft/Ribosoft.Tests/bin/Debug/net8.0/Microsoft.VisualStudio.TestPlatform.ObjectModel.dll".
         Copying file from "/home/thomas/.nuget/packages/microsoft.testplatform.testhost/17.8.0/lib/netcoreapp3.1/Microsoft.TestPlatform.CrossPlatEngine.dll" to "/home/thomas/git/ribosoft/Ribosoft.Tests/bin/Debug/net8.0/Microsoft.TestPlatform.CrossPlatEngine.dll".
         Copying file from "/home/thomas/.nuget/packages/microsoft.testplatform.testhost/17.8.0/lib/netcoreapp3.1/Microsoft.TestPlatform.CommunicationUtilities.dll" to "/home/thomas/git/ribosoft/Ribosoft.Tests/bin/Debug/net8.0/Microsoft.TestPlatform.CommunicationUtilities.dll".
         Copying file from "/home/thomas/.nuget/packages/microsoft.testplatform.testhost/17.8.0/lib/netcoreapp3.1/Microsoft.TestPlatform.Utilities.dll" to "/home/thomas/git/ribosoft/Ribosoft.Tests/bin/Debug/net8.0/Microsoft.TestPlatform.Utilities.dll".
         Copying file from "/home/thomas/.nuget/packages/microsoft.testplatform.testhost/17.8.0/lib/netcoreapp3.1/Microsoft.VisualStudio.TestPlatform.Common.dll" to "/home/thomas/git/ribosoft/Ribosoft.Tests/bin/Debug/net8.0/Microsoft.VisualStudio.TestPlatform.Common.dll".
         Copying file from "/home/thomas/.nuget/packages/microsoft.testplatform.testhost/17.8.0/lib/netcoreapp3.1/testhost.dll" to "/home/thomas/git/ribosoft/Ribosoft.Tests/bin/Debug/net8.0/testhost.dll".
         Copying file from "/home/thomas/.nuget/packages/microsoft.visualstudio.web.browserlink/2.2.0/lib/netstandard2.0/Microsoft.VisualStudio.Web.BrowserLink.dll" to "/home/thomas/git/ribosoft/Ribosoft.Tests/bin/Debug/net8.0/Microsoft.VisualStudio.Web.BrowserLink.dll".
         Copying file from "/home/thomas/.nuget/packages/microsoft.visualstudio.web.codegeneration/8.0.0/lib/net8.0/Microsoft.VisualStudio.Web.CodeGeneration.dll" to "/home/thomas/git/ribosoft/Ribosoft.Tests/bin/Debug/net8.0/Microsoft.VisualStudio.Web.CodeGeneration.dll".
         Copying file from "/home/thomas/.nuget/packages/microsoft.visualstudio.web.codegeneration.core/8.0.0/lib/net8.0/Microsoft.VisualStudio.Web.CodeGeneration.Core.dll" to "/home/thomas/git/ribosoft/Ribosoft.Tests/bin/Debug/net8.0/Microsoft.VisualStudio.Web.CodeGeneration.Core.dll".
         Copying file from "/home/thomas/.nuget/packages/microsoft.visualstudio.web.codegeneration.design/8.0.0/lib/net8.0/dotnet-aspnet-codegenerator-design.dll" to "/home/thomas/git/ribosoft/Ribosoft.Tests/bin/Debug/net8.0/dotnet-aspnet-codegenerator-design.dll".
         Copying file from "/home/thomas/.nuget/packages/microsoft.visualstudio.web.codegeneration.entityframeworkcore/8.0.0/lib/net8.0/Microsoft.VisualStudio.Web.CodeGeneration.EntityFrameworkCore.dll" to "/home/thomas/git/ribosoft/Ribosoft.Tests/bin/Debug/net8.0/Microsoft.VisualStudio.Web.CodeGeneration.EntityFrameworkCore.dll".
         Copying file from "/home/thomas/.nuget/packages/microsoft.visualstudio.web.codegeneration.templating/8.0.0/lib/net8.0/Microsoft.VisualStudio.Web.CodeGeneration.Templating.dll" to "/home/thomas/git/ribosoft/Ribosoft.Tests/bin/Debug/net8.0/Microsoft.VisualStudio.Web.CodeGeneration.Templating.dll".
         Copying file from "/home/thomas/.nuget/packages/microsoft.visualstudio.web.codegeneration.utils/8.0.0/lib/net8.0/Microsoft.VisualStudio.Web.CodeGeneration.Utils.dll" to "/home/thomas/git/ribosoft/Ribosoft.Tests/bin/Debug/net8.0/Microsoft.VisualStudio.Web.CodeGeneration.Utils.dll".
         Copying file from "/home/thomas/.nuget/packages/microsoft.visualstudio.web.codegenerators.mvc/8.0.0/lib/net8.0/Microsoft.VisualStudio.Web.CodeGenerators.Mvc.dll" to "/home/thomas/git/ribosoft/Ribosoft.Tests/bin/Debug/net8.0/Microsoft.VisualStudio.Web.CodeGenerators.Mvc.dll".
         Copying file from "/home/thomas/.nuget/packages/microsoft.win32.systemevents/7.0.0/lib/net7.0/Microsoft.Win32.SystemEvents.dll" to "/home/thomas/git/ribosoft/Ribosoft.Tests/bin/Debug/net8.0/Microsoft.Win32.SystemEvents.dll".
         Copying file from "/home/thomas/.nuget/packages/mono.texttemplating/2.3.1/lib/netcoreapp3.1/Mono.TextTemplating.dll" to "/home/thomas/git/ribosoft/Ribosoft.Tests/bin/Debug/net8.0/Mono.TextTemplating.dll".
         Copying file from "/home/thomas/.nuget/packages/newtonsoft.json/13.0.3/lib/net6.0/Newtonsoft.Json.dll" to "/home/thomas/git/ribosoft/Ribosoft.Tests/bin/Debug/net8.0/Newtonsoft.Json.dll".
         Copying file from "/home/thomas/.nuget/packages/nlog.extensions.logging/5.3.8/lib/net8.0/NLog.Extensions.Logging.dll" to "/home/thomas/git/ribosoft/Ribosoft.Tests/bin/Debug/net8.0/NLog.Extensions.Logging.dll".
         Copying file from "/home/thomas/.nuget/packages/nlog/5.2.8/lib/netstandard2.0/NLog.dll" to "/home/thomas/git/ribosoft/Ribosoft.Tests/bin/Debug/net8.0/NLog.dll".
         Copying file from "/home/thomas/.nuget/packages/npgsql/8.0.0/lib/net8.0/Npgsql.dll" to "/home/thomas/git/ribosoft/Ribosoft.Tests/bin/Debug/net8.0/Npgsql.dll".
         Copying file from "/home/thomas/.nuget/packages/npgsql.entityframeworkcore.postgresql/8.0.0/lib/net8.0/Npgsql.EntityFrameworkCore.PostgreSQL.dll" to "/home/thomas/git/ribosoft/Ribosoft.Tests/bin/Debug/net8.0/Npgsql.EntityFrameworkCore.PostgreSQL.dll".
         Copying file from "/home/thomas/.nuget/packages/nlog.web.aspnetcore/5.3.8/lib/net8.0/NLog.Web.AspNetCore.dll" to "/home/thomas/git/ribosoft/Ribosoft.Tests/bin/Debug/net8.0/NLog.Web.AspNetCore.dll".
         Copying file from "/home/thomas/.nuget/packages/nuget.common/6.3.1/lib/netstandard2.0/NuGet.Common.dll" to "/home/thomas/git/ribosoft/Ribosoft.Tests/bin/Debug/net8.0/NuGet.Common.dll".
         Copying file from "/home/thomas/.nuget/packages/nuget.configuration/6.3.1/lib/netstandard2.0/NuGet.Configuration.dll" to "/home/thomas/git/ribosoft/Ribosoft.Tests/bin/Debug/net8.0/NuGet.Configuration.dll".
         Copying file from "/home/thomas/.nuget/packages/nuget.dependencyresolver.core/6.3.1/lib/net5.0/NuGet.DependencyResolver.Core.dll" to "/home/thomas/git/ribosoft/Ribosoft.Tests/bin/Debug/net8.0/NuGet.DependencyResolver.Core.dll".
         Copying file from "/home/thomas/.nuget/packages/nuget.frameworks/6.5.0/lib/netstandard2.0/NuGet.Frameworks.dll" to "/home/thomas/git/ribosoft/Ribosoft.Tests/bin/Debug/net8.0/NuGet.Frameworks.dll".
         Copying file from "/home/thomas/.nuget/packages/nuget.librarymodel/6.3.1/lib/netstandard2.0/NuGet.LibraryModel.dll" to "/home/thomas/git/ribosoft/Ribosoft.Tests/bin/Debug/net8.0/NuGet.LibraryModel.dll".
         Copying file from "/home/thomas/.nuget/packages/nuget.packaging/6.3.1/lib/net5.0/NuGet.Packaging.dll" to "/home/thomas/git/ribosoft/Ribosoft.Tests/bin/Debug/net8.0/NuGet.Packaging.dll".
         Copying file from "/home/thomas/.nuget/packages/nuget.projectmodel/6.3.1/lib/net5.0/NuGet.ProjectModel.dll" to "/home/thomas/git/ribosoft/Ribosoft.Tests/bin/Debug/net8.0/NuGet.ProjectModel.dll".
         Copying file from "/home/thomas/.nuget/packages/nuget.protocol/6.3.1/lib/net5.0/NuGet.Protocol.dll" to "/home/thomas/git/ribosoft/Ribosoft.Tests/bin/Debug/net8.0/NuGet.Protocol.dll".
         Copying file from "/home/thomas/.nuget/packages/nuget.versioning/6.3.1/lib/netstandard2.0/NuGet.Versioning.dll" to "/home/thomas/git/ribosoft/Ribosoft.Tests/bin/Debug/net8.0/NuGet.Versioning.dll".
         Copying file from "/home/thomas/.nuget/packages/sendgrid/9.29.3/lib/netstandard2.0/SendGrid.dll" to "/home/thomas/git/ribosoft/Ribosoft.Tests/bin/Debug/net8.0/SendGrid.dll".
         Copying file from "/home/thomas/.nuget/packages/sharpziplib/1.4.2/lib/net6.0/ICSharpCode.SharpZipLib.dll" to "/home/thomas/git/ribosoft/Ribosoft.Tests/bin/Debug/net8.0/ICSharpCode.SharpZipLib.dll".
         Copying file from "/home/thomas/.nuget/packages/starkbank-ecdsa/1.3.3/lib/netstandard2.1/StarkbankEcdsa.dll" to "/home/thomas/git/ribosoft/Ribosoft.Tests/bin/Debug/net8.0/StarkbankEcdsa.dll".
         Copying file from "/home/thomas/.nuget/packages/system.codedom/5.0.0/lib/netstandard2.0/System.CodeDom.dll" to "/home/thomas/git/ribosoft/Ribosoft.Tests/bin/Debug/net8.0/System.CodeDom.dll".
         Copying file from "/home/thomas/.nuget/packages/system.composition.attributedmodel/7.0.0/lib/net7.0/System.Composition.AttributedModel.dll" to "/home/thomas/git/ribosoft/Ribosoft.Tests/bin/Debug/net8.0/System.Composition.AttributedModel.dll".
         Copying file from "/home/thomas/.nuget/packages/system.composition.convention/7.0.0/lib/net7.0/System.Composition.Convention.dll" to "/home/thomas/git/ribosoft/Ribosoft.Tests/bin/Debug/net8.0/System.Composition.Convention.dll".
         Copying file from "/home/thomas/.nuget/packages/system.composition.hosting/7.0.0/lib/net7.0/System.Composition.Hosting.dll" to "/home/thomas/git/ribosoft/Ribosoft.Tests/bin/Debug/net8.0/System.Composition.Hosting.dll".
         Copying file from "/home/thomas/.nuget/packages/system.composition.runtime/7.0.0/lib/net7.0/System.Composition.Runtime.dll" to "/home/thomas/git/ribosoft/Ribosoft.Tests/bin/Debug/net8.0/System.Composition.Runtime.dll".
         Copying file from "/home/thomas/.nuget/packages/system.composition.typedparts/7.0.0/lib/net7.0/System.Composition.TypedParts.dll" to "/home/thomas/git/ribosoft/Ribosoft.Tests/bin/Debug/net8.0/System.Composition.TypedParts.dll".
         Copying file from "/home/thomas/.nuget/packages/system.configuration.configurationmanager/7.0.0/lib/net7.0/System.Configuration.ConfigurationManager.dll" to "/home/thomas/git/ribosoft/Ribosoft.Tests/bin/Debug/net8.0/System.Configuration.ConfigurationManager.dll".
         Copying file from "/home/thomas/.nuget/packages/system.drawing.common/7.0.0/lib/net7.0/System.Drawing.Common.dll" to "/home/thomas/git/ribosoft/Ribosoft.Tests/bin/Debug/net8.0/System.Drawing.Common.dll".
         Copying file from "/home/thomas/.nuget/packages/system.identitymodel.tokens.jwt/6.24.0/lib/net6.0/System.IdentityModel.Tokens.Jwt.dll" to "/home/thomas/git/ribosoft/Ribosoft.Tests/bin/Debug/net8.0/System.IdentityModel.Tokens.Jwt.dll".
         Copying file from "/home/thomas/.nuget/packages/system.memory.data/1.0.2/lib/netstandard2.0/System.Memory.Data.dll" to "/home/thomas/git/ribosoft/Ribosoft.Tests/bin/Debug/net8.0/System.Memory.Data.dll".
         Copying file from "/home/thomas/.nuget/packages/system.reflection.metadataloadcontext/7.0.0/lib/net7.0/System.Reflection.MetadataLoadContext.dll" to "/home/thomas/git/ribosoft/Ribosoft.Tests/bin/Debug/net8.0/System.Reflection.MetadataLoadContext.dll".
         Copying file from "/home/thomas/.nuget/packages/system.security.cryptography.protecteddata/7.0.0/lib/net7.0/System.Security.Cryptography.ProtectedData.dll" to "/home/thomas/git/ribosoft/Ribosoft.Tests/bin/Debug/net8.0/System.Security.Cryptography.ProtectedData.dll".
         Copying file from "/home/thomas/.nuget/packages/system.runtime.caching/6.0.0/lib/net6.0/System.Runtime.Caching.dll" to "/home/thomas/git/ribosoft/Ribosoft.Tests/bin/Debug/net8.0/System.Runtime.Caching.dll".
         Copying file from "/home/thomas/.nuget/packages/system.security.permissions/7.0.0/lib/net7.0/System.Security.Permissions.dll" to "/home/thomas/git/ribosoft/Ribosoft.Tests/bin/Debug/net8.0/System.Security.Permissions.dll".
         Copying file from "/home/thomas/.nuget/packages/system.windows.extensions/7.0.0/lib/net7.0/System.Windows.Extensions.dll" to "/home/thomas/git/ribosoft/Ribosoft.Tests/bin/Debug/net8.0/System.Windows.Extensions.dll".
         Copying file from "/home/thomas/.nuget/packages/xunit.abstractions/2.0.3/lib/netstandard2.0/xunit.abstractions.dll" to "/home/thomas/git/ribosoft/Ribosoft.Tests/bin/Debug/net8.0/xunit.abstractions.dll".
         Copying file from "/home/thomas/.nuget/packages/xunit.extensibility.core/2.6.6/lib/netstandard1.1/xunit.core.dll" to "/home/thomas/git/ribosoft/Ribosoft.Tests/bin/Debug/net8.0/xunit.core.dll".
         Copying file from "/home/thomas/.nuget/packages/xunit.extensibility.execution/2.6.6/lib/netstandard1.1/xunit.execution.dotnet.dll" to "/home/thomas/git/ribosoft/Ribosoft.Tests/bin/Debug/net8.0/xunit.execution.dotnet.dll".
         Copying file from "/home/thomas/.nuget/packages/xunit.assert/2.6.6/lib/net6.0/xunit.assert.dll" to "/home/thomas/git/ribosoft/Ribosoft.Tests/bin/Debug/net8.0/xunit.assert.dll".
         Copying file from "/home/thomas/.nuget/packages/hangfire.core/1.8.12/lib/netstandard2.0/ca/Hangfire.Core.resources.dll" to "/home/thomas/git/ribosoft/Ribosoft.Tests/bin/Debug/net8.0/ca/Hangfire.Core.resources.dll".
         Copying file from "/home/thomas/.nuget/packages/hangfire.core/1.8.12/lib/netstandard2.0/de/Hangfire.Core.resources.dll" to "/home/thomas/git/ribosoft/Ribosoft.Tests/bin/Debug/net8.0/de/Hangfire.Core.resources.dll".
         Copying file from "/home/thomas/.nuget/packages/hangfire.core/1.8.12/lib/netstandard2.0/es/Hangfire.Core.resources.dll" to "/home/thomas/git/ribosoft/Ribosoft.Tests/bin/Debug/net8.0/es/Hangfire.Core.resources.dll".
         Copying file from "/home/thomas/.nuget/packages/hangfire.core/1.8.12/lib/netstandard2.0/fa/Hangfire.Core.resources.dll" to "/home/thomas/git/ribosoft/Ribosoft.Tests/bin/Debug/net8.0/fa/Hangfire.Core.resources.dll".
         Copying file from "/home/thomas/.nuget/packages/hangfire.core/1.8.12/lib/netstandard2.0/nb/Hangfire.Core.resources.dll" to "/home/thomas/git/ribosoft/Ribosoft.Tests/bin/Debug/net8.0/nb/Hangfire.Core.resources.dll".
         Copying file from "/home/thomas/.nuget/packages/hangfire.core/1.8.12/lib/netstandard2.0/fr/Hangfire.Core.resources.dll" to "/home/thomas/git/ribosoft/Ribosoft.Tests/bin/Debug/net8.0/fr/Hangfire.Core.resources.dll".
         Copying file from "/home/thomas/.nuget/packages/hangfire.core/1.8.12/lib/netstandard2.0/pt-BR/Hangfire.Core.resources.dll" to "/home/thomas/git/ribosoft/Ribosoft.Tests/bin/Debug/net8.0/pt-BR/Hangfire.Core.resources.dll".
         Copying file from "/home/thomas/.nuget/packages/hangfire.core/1.8.12/lib/netstandard2.0/nl/Hangfire.Core.resources.dll" to "/home/thomas/git/ribosoft/Ribosoft.Tests/bin/Debug/net8.0/nl/Hangfire.Core.resources.dll".
         Copying file from "/home/thomas/.nuget/packages/hangfire.core/1.8.12/lib/netstandard2.0/pt-PT/Hangfire.Core.resources.dll" to "/home/thomas/git/ribosoft/Ribosoft.Tests/bin/Debug/net8.0/pt-PT/Hangfire.Core.resources.dll".
         Copying file from "/home/thomas/.nuget/packages/hangfire.core/1.8.12/lib/netstandard2.0/pt/Hangfire.Core.resources.dll" to "/home/thomas/git/ribosoft/Ribosoft.Tests/bin/Debug/net8.0/pt/Hangfire.Core.resources.dll".
         Copying file from "/home/thomas/.nuget/packages/hangfire.core/1.8.12/lib/netstandard2.0/sv/Hangfire.Core.resources.dll" to "/home/thomas/git/ribosoft/Ribosoft.Tests/bin/Debug/net8.0/sv/Hangfire.Core.resources.dll".
         Copying file from "/home/thomas/.nuget/packages/hangfire.core/1.8.12/lib/netstandard2.0/zh-TW/Hangfire.Core.resources.dll" to "/home/thomas/git/ribosoft/Ribosoft.Tests/bin/Debug/net8.0/zh-TW/Hangfire.Core.resources.dll".
         Copying file from "/home/thomas/.nuget/packages/hangfire.core/1.8.12/lib/netstandard2.0/tr-TR/Hangfire.Core.resources.dll" to "/home/thomas/git/ribosoft/Ribosoft.Tests/bin/Debug/net8.0/tr-TR/Hangfire.Core.resources.dll".
         Copying file from "/home/thomas/.nuget/packages/hangfire.core/1.8.12/lib/netstandard2.0/zh/Hangfire.Core.resources.dll" to "/home/thomas/git/ribosoft/Ribosoft.Tests/bin/Debug/net8.0/zh/Hangfire.Core.resources.dll".
         Copying file from "/home/thomas/.nuget/packages/humanizer.core.af/2.14.1/lib/net6.0/af/Humanizer.resources.dll" to "/home/thomas/git/ribosoft/Ribosoft.Tests/bin/Debug/net8.0/af/Humanizer.resources.dll".
         Copying file from "/home/thomas/.nuget/packages/humanizer.core.az/2.14.1/lib/net6.0/az/Humanizer.resources.dll" to "/home/thomas/git/ribosoft/Ribosoft.Tests/bin/Debug/net8.0/az/Humanizer.resources.dll".
         Copying file from "/home/thomas/.nuget/packages/humanizer.core.cs/2.14.1/lib/net6.0/cs/Humanizer.resources.dll" to "/home/thomas/git/ribosoft/Ribosoft.Tests/bin/Debug/net8.0/cs/Humanizer.resources.dll".
         Copying file from "/home/thomas/.nuget/packages/humanizer.core.da/2.14.1/lib/net6.0/da/Humanizer.resources.dll" to "/home/thomas/git/ribosoft/Ribosoft.Tests/bin/Debug/net8.0/da/Humanizer.resources.dll".
         Copying file from "/home/thomas/.nuget/packages/humanizer.core.bn-bd/2.14.1/lib/net6.0/bn-BD/Humanizer.resources.dll" to "/home/thomas/git/ribosoft/Ribosoft.Tests/bin/Debug/net8.0/bn-BD/Humanizer.resources.dll".
         Copying file from "/home/thomas/.nuget/packages/humanizer.core.ar/2.14.1/lib/net6.0/ar/Humanizer.resources.dll" to "/home/thomas/git/ribosoft/Ribosoft.Tests/bin/Debug/net8.0/ar/Humanizer.resources.dll".
         Copying file from "/home/thomas/.nuget/packages/humanizer.core.bg/2.14.1/lib/net6.0/bg/Humanizer.resources.dll" to "/home/thomas/git/ribosoft/Ribosoft.Tests/bin/Debug/net8.0/bg/Humanizer.resources.dll".
         Copying file from "/home/thomas/.nuget/packages/humanizer.core.de/2.14.1/lib/net6.0/de/Humanizer.resources.dll" to "/home/thomas/git/ribosoft/Ribosoft.Tests/bin/Debug/net8.0/de/Humanizer.resources.dll".
         Copying file from "/home/thomas/.nuget/packages/humanizer.core.es/2.14.1/lib/net6.0/es/Humanizer.resources.dll" to "/home/thomas/git/ribosoft/Ribosoft.Tests/bin/Debug/net8.0/es/Humanizer.resources.dll".
         Copying file from "/home/thomas/.nuget/packages/humanizer.core.el/2.14.1/lib/net6.0/el/Humanizer.resources.dll" to "/home/thomas/git/ribosoft/Ribosoft.Tests/bin/Debug/net8.0/el/Humanizer.resources.dll".
         Copying file from "/home/thomas/.nuget/packages/humanizer.core.fa/2.14.1/lib/net6.0/fa/Humanizer.resources.dll" to "/home/thomas/git/ribosoft/Ribosoft.Tests/bin/Debug/net8.0/fa/Humanizer.resources.dll".
         Copying file from "/home/thomas/.nuget/packages/humanizer.core.fr/2.14.1/lib/net6.0/fr/Humanizer.resources.dll" to "/home/thomas/git/ribosoft/Ribosoft.Tests/bin/Debug/net8.0/fr/Humanizer.resources.dll".
         Copying file from "/home/thomas/.nuget/packages/humanizer.core.fi-fi/2.14.1/lib/net6.0/fi-FI/Humanizer.resources.dll" to "/home/thomas/git/ribosoft/Ribosoft.Tests/bin/Debug/net8.0/fi-FI/Humanizer.resources.dll".
         Copying file from "/home/thomas/.nuget/packages/humanizer.core.he/2.14.1/lib/net6.0/he/Humanizer.resources.dll" to "/home/thomas/git/ribosoft/Ribosoft.Tests/bin/Debug/net8.0/he/Humanizer.resources.dll".
         Copying file from "/home/thomas/.nuget/packages/humanizer.core.hu/2.14.1/lib/net6.0/hu/Humanizer.resources.dll" to "/home/thomas/git/ribosoft/Ribosoft.Tests/bin/Debug/net8.0/hu/Humanizer.resources.dll".
         Copying file from "/home/thomas/.nuget/packages/humanizer.core.fr-be/2.14.1/lib/net6.0/fr-BE/Humanizer.resources.dll" to "/home/thomas/git/ribosoft/Ribosoft.Tests/bin/Debug/net8.0/fr-BE/Humanizer.resources.dll".
         Copying file from "/home/thomas/.nuget/packages/humanizer.core.hr/2.14.1/lib/net6.0/hr/Humanizer.resources.dll" to "/home/thomas/git/ribosoft/Ribosoft.Tests/bin/Debug/net8.0/hr/Humanizer.resources.dll".
         Copying file from "/home/thomas/.nuget/packages/humanizer.core.hy/2.14.1/lib/net6.0/hy/Humanizer.resources.dll" to "/home/thomas/git/ribosoft/Ribosoft.Tests/bin/Debug/net8.0/hy/Humanizer.resources.dll".
         Copying file from "/home/thomas/.nuget/packages/humanizer.core.id/2.14.1/lib/net6.0/id/Humanizer.resources.dll" to "/home/thomas/git/ribosoft/Ribosoft.Tests/bin/Debug/net8.0/id/Humanizer.resources.dll".
         Copying file from "/home/thomas/.nuget/packages/humanizer.core.is/2.14.1/lib/net6.0/is/Humanizer.resources.dll" to "/home/thomas/git/ribosoft/Ribosoft.Tests/bin/Debug/net8.0/is/Humanizer.resources.dll".
         Copying file from "/home/thomas/.nuget/packages/humanizer.core.it/2.14.1/lib/net6.0/it/Humanizer.resources.dll" to "/home/thomas/git/ribosoft/Ribosoft.Tests/bin/Debug/net8.0/it/Humanizer.resources.dll".
         Copying file from "/home/thomas/.nuget/packages/humanizer.core.ja/2.14.1/lib/net6.0/ja/Humanizer.resources.dll" to "/home/thomas/git/ribosoft/Ribosoft.Tests/bin/Debug/net8.0/ja/Humanizer.resources.dll".
         Copying file from "/home/thomas/.nuget/packages/humanizer.core.ku/2.14.1/lib/net6.0/ku/Humanizer.resources.dll" to "/home/thomas/git/ribosoft/Ribosoft.Tests/bin/Debug/net8.0/ku/Humanizer.resources.dll".
         Copying file from "/home/thomas/.nuget/packages/humanizer.core.ko-kr/2.14.1/lib/netstandard2.0/ko-KR/Humanizer.resources.dll" to "/home/thomas/git/ribosoft/Ribosoft.Tests/bin/Debug/net8.0/ko-KR/Humanizer.resources.dll".
         Copying file from "/home/thomas/.nuget/packages/humanizer.core.lv/2.14.1/lib/net6.0/lv/Humanizer.resources.dll" to "/home/thomas/git/ribosoft/Ribosoft.Tests/bin/Debug/net8.0/lv/Humanizer.resources.dll".
         Copying file from "/home/thomas/.nuget/packages/humanizer.core.nl/2.14.1/lib/net6.0/nl/Humanizer.resources.dll" to "/home/thomas/git/ribosoft/Ribosoft.Tests/bin/Debug/net8.0/nl/Humanizer.resources.dll".
         Copying file from "/home/thomas/.nuget/packages/humanizer.core.nb-no/2.14.1/lib/net6.0/nb-NO/Humanizer.resources.dll" to "/home/thomas/git/ribosoft/Ribosoft.Tests/bin/Debug/net8.0/nb-NO/Humanizer.resources.dll".
         Copying file from "/home/thomas/.nuget/packages/humanizer.core.ms-my/2.14.1/lib/netstandard2.0/ms-MY/Humanizer.resources.dll" to "/home/thomas/git/ribosoft/Ribosoft.Tests/bin/Debug/net8.0/ms-MY/Humanizer.resources.dll".
         Copying file from "/home/thomas/.nuget/packages/humanizer.core.mt/2.14.1/lib/netstandard2.0/mt/Humanizer.resources.dll" to "/home/thomas/git/ribosoft/Ribosoft.Tests/bin/Debug/net8.0/mt/Humanizer.resources.dll".
         Copying file from "/home/thomas/.nuget/packages/humanizer.core.nb/2.14.1/lib/net6.0/nb/Humanizer.resources.dll" to "/home/thomas/git/ribosoft/Ribosoft.Tests/bin/Debug/net8.0/nb/Humanizer.resources.dll".
         Copying file from "/home/thomas/.nuget/packages/humanizer.core.pt/2.14.1/lib/net6.0/pt/Humanizer.resources.dll" to "/home/thomas/git/ribosoft/Ribosoft.Tests/bin/Debug/net8.0/pt/Humanizer.resources.dll".
         Copying file from "/home/thomas/.nuget/packages/humanizer.core.ro/2.14.1/lib/net6.0/ro/Humanizer.resources.dll" to "/home/thomas/git/ribosoft/Ribosoft.Tests/bin/Debug/net8.0/ro/Humanizer.resources.dll".
         Copying file from "/home/thomas/.nuget/packages/humanizer.core.pl/2.14.1/lib/net6.0/pl/Humanizer.resources.dll" to "/home/thomas/git/ribosoft/Ribosoft.Tests/bin/Debug/net8.0/pl/Humanizer.resources.dll".
         Copying file from "/home/thomas/.nuget/packages/humanizer.core.sk/2.14.1/lib/net6.0/sk/Humanizer.resources.dll" to "/home/thomas/git/ribosoft/Ribosoft.Tests/bin/Debug/net8.0/sk/Humanizer.resources.dll".
         Copying file from "/home/thomas/.nuget/packages/humanizer.core.ru/2.14.1/lib/net6.0/ru/Humanizer.resources.dll" to "/home/thomas/git/ribosoft/Ribosoft.Tests/bin/Debug/net8.0/ru/Humanizer.resources.dll".
         Copying file from "/home/thomas/.nuget/packages/humanizer.core.sl/2.14.1/lib/net6.0/sl/Humanizer.resources.dll" to "/home/thomas/git/ribosoft/Ribosoft.Tests/bin/Debug/net8.0/sl/Humanizer.resources.dll".
         Copying file from "/home/thomas/.nuget/packages/humanizer.core.sr/2.14.1/lib/net6.0/sr/Humanizer.resources.dll" to "/home/thomas/git/ribosoft/Ribosoft.Tests/bin/Debug/net8.0/sr/Humanizer.resources.dll".
         Copying file from "/home/thomas/.nuget/packages/humanizer.core.sr-latn/2.14.1/lib/net6.0/sr-Latn/Humanizer.resources.dll" to "/home/thomas/git/ribosoft/Ribosoft.Tests/bin/Debug/net8.0/sr-Latn/Humanizer.resources.dll".
         Copying file from "/home/thomas/.nuget/packages/humanizer.core.sv/2.14.1/lib/net6.0/sv/Humanizer.resources.dll" to "/home/thomas/git/ribosoft/Ribosoft.Tests/bin/Debug/net8.0/sv/Humanizer.resources.dll".
         Copying file from "/home/thomas/.nuget/packages/humanizer.core.th-th/2.14.1/lib/netstandard2.0/th-TH/Humanizer.resources.dll" to "/home/thomas/git/ribosoft/Ribosoft.Tests/bin/Debug/net8.0/th-TH/Humanizer.resources.dll".
         Copying file from "/home/thomas/.nuget/packages/humanizer.core.tr/2.14.1/lib/net6.0/tr/Humanizer.resources.dll" to "/home/thomas/git/ribosoft/Ribosoft.Tests/bin/Debug/net8.0/tr/Humanizer.resources.dll".
         Copying file from "/home/thomas/.nuget/packages/humanizer.core.uz-cyrl-uz/2.14.1/lib/net6.0/uz-Cyrl-UZ/Humanizer.resources.dll" to "/home/thomas/git/ribosoft/Ribosoft.Tests/bin/Debug/net8.0/uz-Cyrl-UZ/Humanizer.resources.dll".
         Copying file from "/home/thomas/.nuget/packages/humanizer.core.uk/2.14.1/lib/net6.0/uk/Humanizer.resources.dll" to "/home/thomas/git/ribosoft/Ribosoft.Tests/bin/Debug/net8.0/uk/Humanizer.resources.dll".
         Copying file from "/home/thomas/.nuget/packages/humanizer.core.uz-latn-uz/2.14.1/lib/net6.0/uz-Latn-UZ/Humanizer.resources.dll" to "/home/thomas/git/ribosoft/Ribosoft.Tests/bin/Debug/net8.0/uz-Latn-UZ/Humanizer.resources.dll".
         Copying file from "/home/thomas/.nuget/packages/humanizer.core.vi/2.14.1/lib/net6.0/vi/Humanizer.resources.dll" to "/home/thomas/git/ribosoft/Ribosoft.Tests/bin/Debug/net8.0/vi/Humanizer.resources.dll".
         Copying file from "/home/thomas/.nuget/packages/humanizer.core.zh-cn/2.14.1/lib/net6.0/zh-CN/Humanizer.resources.dll" to "/home/thomas/git/ribosoft/Ribosoft.Tests/bin/Debug/net8.0/zh-CN/Humanizer.resources.dll".
         Copying file from "/home/thomas/.nuget/packages/humanizer.core.zh-hans/2.14.1/lib/net6.0/zh-Hans/Humanizer.resources.dll" to "/home/thomas/git/ribosoft/Ribosoft.Tests/bin/Debug/net8.0/zh-Hans/Humanizer.resources.dll".
         Copying file from "/home/thomas/.nuget/packages/microsoft.codeanalysis.common/4.8.0/lib/net7.0/cs/Microsoft.CodeAnalysis.resources.dll" to "/home/thomas/git/ribosoft/Ribosoft.Tests/bin/Debug/net8.0/cs/Microsoft.CodeAnalysis.resources.dll".
         Copying file from "/home/thomas/.nuget/packages/humanizer.core.zh-hant/2.14.1/lib/net6.0/zh-Hant/Humanizer.resources.dll" to "/home/thomas/git/ribosoft/Ribosoft.Tests/bin/Debug/net8.0/zh-Hant/Humanizer.resources.dll".
         Copying file from "/home/thomas/.nuget/packages/microsoft.codeanalysis.common/4.8.0/lib/net7.0/de/Microsoft.CodeAnalysis.resources.dll" to "/home/thomas/git/ribosoft/Ribosoft.Tests/bin/Debug/net8.0/de/Microsoft.CodeAnalysis.resources.dll".
         Copying file from "/home/thomas/.nuget/packages/microsoft.codeanalysis.common/4.8.0/lib/net7.0/es/Microsoft.CodeAnalysis.resources.dll" to "/home/thomas/git/ribosoft/Ribosoft.Tests/bin/Debug/net8.0/es/Microsoft.CodeAnalysis.resources.dll".
         Copying file from "/home/thomas/.nuget/packages/microsoft.codeanalysis.common/4.8.0/lib/net7.0/fr/Microsoft.CodeAnalysis.resources.dll" to "/home/thomas/git/ribosoft/Ribosoft.Tests/bin/Debug/net8.0/fr/Microsoft.CodeAnalysis.resources.dll".
         Copying file from "/home/thomas/.nuget/packages/microsoft.codeanalysis.common/4.8.0/lib/net7.0/it/Microsoft.CodeAnalysis.resources.dll" to "/home/thomas/git/ribosoft/Ribosoft.Tests/bin/Debug/net8.0/it/Microsoft.CodeAnalysis.resources.dll".
         Copying file from "/home/thomas/.nuget/packages/microsoft.codeanalysis.common/4.8.0/lib/net7.0/ko/Microsoft.CodeAnalysis.resources.dll" to "/home/thomas/git/ribosoft/Ribosoft.Tests/bin/Debug/net8.0/ko/Microsoft.CodeAnalysis.resources.dll".
         Copying file from "/home/thomas/.nuget/packages/microsoft.codeanalysis.common/4.8.0/lib/net7.0/pl/Microsoft.CodeAnalysis.resources.dll" to "/home/thomas/git/ribosoft/Ribosoft.Tests/bin/Debug/net8.0/pl/Microsoft.CodeAnalysis.resources.dll".
         Copying file from "/home/thomas/.nuget/packages/microsoft.codeanalysis.common/4.8.0/lib/net7.0/ja/Microsoft.CodeAnalysis.resources.dll" to "/home/thomas/git/ribosoft/Ribosoft.Tests/bin/Debug/net8.0/ja/Microsoft.CodeAnalysis.resources.dll".
         Copying file from "/home/thomas/.nuget/packages/microsoft.codeanalysis.common/4.8.0/lib/net7.0/pt-BR/Microsoft.CodeAnalysis.resources.dll" to "/home/thomas/git/ribosoft/Ribosoft.Tests/bin/Debug/net8.0/pt-BR/Microsoft.CodeAnalysis.resources.dll".
         Copying file from "/home/thomas/.nuget/packages/microsoft.codeanalysis.common/4.8.0/lib/net7.0/ru/Microsoft.CodeAnalysis.resources.dll" to "/home/thomas/git/ribosoft/Ribosoft.Tests/bin/Debug/net8.0/ru/Microsoft.CodeAnalysis.resources.dll".
         Copying file from "/home/thomas/.nuget/packages/microsoft.codeanalysis.common/4.8.0/lib/net7.0/tr/Microsoft.CodeAnalysis.resources.dll" to "/home/thomas/git/ribosoft/Ribosoft.Tests/bin/Debug/net8.0/tr/Microsoft.CodeAnalysis.resources.dll".
         Copying file from "/home/thomas/.nuget/packages/microsoft.codeanalysis.common/4.8.0/lib/net7.0/zh-Hans/Microsoft.CodeAnalysis.resources.dll" to "/home/thomas/git/ribosoft/Ribosoft.Tests/bin/Debug/net8.0/zh-Hans/Microsoft.CodeAnalysis.resources.dll".
         Copying file from "/home/thomas/.nuget/packages/microsoft.codeanalysis.common/4.8.0/lib/net7.0/zh-Hant/Microsoft.CodeAnalysis.resources.dll" to "/home/thomas/git/ribosoft/Ribosoft.Tests/bin/Debug/net8.0/zh-Hant/Microsoft.CodeAnalysis.resources.dll".
         Copying file from "/home/thomas/.nuget/packages/microsoft.codeanalysis.csharp/4.8.0/lib/net7.0/cs/Microsoft.CodeAnalysis.CSharp.resources.dll" to "/home/thomas/git/ribosoft/Ribosoft.Tests/bin/Debug/net8.0/cs/Microsoft.CodeAnalysis.CSharp.resources.dll".
         Copying file from "/home/thomas/.nuget/packages/microsoft.codeanalysis.csharp/4.8.0/lib/net7.0/es/Microsoft.CodeAnalysis.CSharp.resources.dll" to "/home/thomas/git/ribosoft/Ribosoft.Tests/bin/Debug/net8.0/es/Microsoft.CodeAnalysis.CSharp.resources.dll".
         Copying file from "/home/thomas/.nuget/packages/microsoft.codeanalysis.csharp/4.8.0/lib/net7.0/it/Microsoft.CodeAnalysis.CSharp.resources.dll" to "/home/thomas/git/ribosoft/Ribosoft.Tests/bin/Debug/net8.0/it/Microsoft.CodeAnalysis.CSharp.resources.dll".
         Copying file from "/home/thomas/.nuget/packages/microsoft.codeanalysis.csharp/4.8.0/lib/net7.0/de/Microsoft.CodeAnalysis.CSharp.resources.dll" to "/home/thomas/git/ribosoft/Ribosoft.Tests/bin/Debug/net8.0/de/Microsoft.CodeAnalysis.CSharp.resources.dll".
         Copying file from "/home/thomas/.nuget/packages/microsoft.codeanalysis.csharp/4.8.0/lib/net7.0/fr/Microsoft.CodeAnalysis.CSharp.resources.dll" to "/home/thomas/git/ribosoft/Ribosoft.Tests/bin/Debug/net8.0/fr/Microsoft.CodeAnalysis.CSharp.resources.dll".
         Copying file from "/home/thomas/.nuget/packages/microsoft.codeanalysis.csharp/4.8.0/lib/net7.0/ja/Microsoft.CodeAnalysis.CSharp.resources.dll" to "/home/thomas/git/ribosoft/Ribosoft.Tests/bin/Debug/net8.0/ja/Microsoft.CodeAnalysis.CSharp.resources.dll".
         Copying file from "/home/thomas/.nuget/packages/microsoft.codeanalysis.csharp/4.8.0/lib/net7.0/ko/Microsoft.CodeAnalysis.CSharp.resources.dll" to "/home/thomas/git/ribosoft/Ribosoft.Tests/bin/Debug/net8.0/ko/Microsoft.CodeAnalysis.CSharp.resources.dll".
         Copying file from "/home/thomas/.nuget/packages/microsoft.codeanalysis.csharp/4.8.0/lib/net7.0/pt-BR/Microsoft.CodeAnalysis.CSharp.resources.dll" to "/home/thomas/git/ribosoft/Ribosoft.Tests/bin/Debug/net8.0/pt-BR/Microsoft.CodeAnalysis.CSharp.resources.dll".
         Copying file from "/home/thomas/.nuget/packages/microsoft.codeanalysis.csharp/4.8.0/lib/net7.0/pl/Microsoft.CodeAnalysis.CSharp.resources.dll" to "/home/thomas/git/ribosoft/Ribosoft.Tests/bin/Debug/net8.0/pl/Microsoft.CodeAnalysis.CSharp.resources.dll".
         Copying file from "/home/thomas/.nuget/packages/microsoft.codeanalysis.csharp/4.8.0/lib/net7.0/tr/Microsoft.CodeAnalysis.CSharp.resources.dll" to "/home/thomas/git/ribosoft/Ribosoft.Tests/bin/Debug/net8.0/tr/Microsoft.CodeAnalysis.CSharp.resources.dll".
         Copying file from "/home/thomas/.nuget/packages/microsoft.codeanalysis.csharp/4.8.0/lib/net7.0/ru/Microsoft.CodeAnalysis.CSharp.resources.dll" to "/home/thomas/git/ribosoft/Ribosoft.Tests/bin/Debug/net8.0/ru/Microsoft.CodeAnalysis.CSharp.resources.dll".
         Copying file from "/home/thomas/.nuget/packages/microsoft.codeanalysis.csharp/4.8.0/lib/net7.0/zh-Hans/Microsoft.CodeAnalysis.CSharp.resources.dll" to "/home/thomas/git/ribosoft/Ribosoft.Tests/bin/Debug/net8.0/zh-Hans/Microsoft.CodeAnalysis.CSharp.resources.dll".
         Copying file from "/home/thomas/.nuget/packages/microsoft.codeanalysis.csharp/4.8.0/lib/net7.0/zh-Hant/Microsoft.CodeAnalysis.CSharp.resources.dll" to "/home/thomas/git/ribosoft/Ribosoft.Tests/bin/Debug/net8.0/zh-Hant/Microsoft.CodeAnalysis.CSharp.resources.dll".
         Copying file from "/home/thomas/.nuget/packages/microsoft.codeanalysis.csharp.features/4.8.0/lib/net7.0/de/Microsoft.CodeAnalysis.CSharp.Features.resources.dll" to "/home/thomas/git/ribosoft/Ribosoft.Tests/bin/Debug/net8.0/de/Microsoft.CodeAnalysis.CSharp.Features.resources.dll".
         Copying file from "/home/thomas/.nuget/packages/microsoft.codeanalysis.csharp.features/4.8.0/lib/net7.0/cs/Microsoft.CodeAnalysis.CSharp.Features.resources.dll" to "/home/thomas/git/ribosoft/Ribosoft.Tests/bin/Debug/net8.0/cs/Microsoft.CodeAnalysis.CSharp.Features.resources.dll".
         Copying file from "/home/thomas/.nuget/packages/microsoft.codeanalysis.csharp.features/4.8.0/lib/net7.0/es/Microsoft.CodeAnalysis.CSharp.Features.resources.dll" to "/home/thomas/git/ribosoft/Ribosoft.Tests/bin/Debug/net8.0/es/Microsoft.CodeAnalysis.CSharp.Features.resources.dll".
         Copying file from "/home/thomas/.nuget/packages/microsoft.codeanalysis.csharp.features/4.8.0/lib/net7.0/fr/Microsoft.CodeAnalysis.CSharp.Features.resources.dll" to "/home/thomas/git/ribosoft/Ribosoft.Tests/bin/Debug/net8.0/fr/Microsoft.CodeAnalysis.CSharp.Features.resources.dll".
         Copying file from "/home/thomas/.nuget/packages/microsoft.codeanalysis.csharp.features/4.8.0/lib/net7.0/it/Microsoft.CodeAnalysis.CSharp.Features.resources.dll" to "/home/thomas/git/ribosoft/Ribosoft.Tests/bin/Debug/net8.0/it/Microsoft.CodeAnalysis.CSharp.Features.resources.dll".
         Copying file from "/home/thomas/.nuget/packages/microsoft.codeanalysis.csharp.features/4.8.0/lib/net7.0/ja/Microsoft.CodeAnalysis.CSharp.Features.resources.dll" to "/home/thomas/git/ribosoft/Ribosoft.Tests/bin/Debug/net8.0/ja/Microsoft.CodeAnalysis.CSharp.Features.resources.dll".
         Copying file from "/home/thomas/.nuget/packages/microsoft.codeanalysis.csharp.features/4.8.0/lib/net7.0/ko/Microsoft.CodeAnalysis.CSharp.Features.resources.dll" to "/home/thomas/git/ribosoft/Ribosoft.Tests/bin/Debug/net8.0/ko/Microsoft.CodeAnalysis.CSharp.Features.resources.dll".
         Copying file from "/home/thomas/.nuget/packages/microsoft.codeanalysis.csharp.features/4.8.0/lib/net7.0/pl/Microsoft.CodeAnalysis.CSharp.Features.resources.dll" to "/home/thomas/git/ribosoft/Ribosoft.Tests/bin/Debug/net8.0/pl/Microsoft.CodeAnalysis.CSharp.Features.resources.dll".
         Copying file from "/home/thomas/.nuget/packages/microsoft.codeanalysis.csharp.features/4.8.0/lib/net7.0/ru/Microsoft.CodeAnalysis.CSharp.Features.resources.dll" to "/home/thomas/git/ribosoft/Ribosoft.Tests/bin/Debug/net8.0/ru/Microsoft.CodeAnalysis.CSharp.Features.resources.dll".
         Copying file from "/home/thomas/.nuget/packages/microsoft.codeanalysis.csharp.features/4.8.0/lib/net7.0/pt-BR/Microsoft.CodeAnalysis.CSharp.Features.resources.dll" to "/home/thomas/git/ribosoft/Ribosoft.Tests/bin/Debug/net8.0/pt-BR/Microsoft.CodeAnalysis.CSharp.Features.resources.dll".
         Copying file from "/home/thomas/.nuget/packages/microsoft.codeanalysis.csharp.features/4.8.0/lib/net7.0/zh-Hans/Microsoft.CodeAnalysis.CSharp.Features.resources.dll" to "/home/thomas/git/ribosoft/Ribosoft.Tests/bin/Debug/net8.0/zh-Hans/Microsoft.CodeAnalysis.CSharp.Features.resources.dll".
         Copying file from "/home/thomas/.nuget/packages/microsoft.codeanalysis.csharp.features/4.8.0/lib/net7.0/tr/Microsoft.CodeAnalysis.CSharp.Features.resources.dll" to "/home/thomas/git/ribosoft/Ribosoft.Tests/bin/Debug/net8.0/tr/Microsoft.CodeAnalysis.CSharp.Features.resources.dll".
         Copying file from "/home/thomas/.nuget/packages/microsoft.codeanalysis.csharp.features/4.8.0/lib/net7.0/zh-Hant/Microsoft.CodeAnalysis.CSharp.Features.resources.dll" to "/home/thomas/git/ribosoft/Ribosoft.Tests/bin/Debug/net8.0/zh-Hant/Microsoft.CodeAnalysis.CSharp.Features.resources.dll".
         Copying file from "/home/thomas/.nuget/packages/microsoft.codeanalysis.csharp.workspaces/4.8.0/lib/net7.0/cs/Microsoft.CodeAnalysis.CSharp.Workspaces.resources.dll" to "/home/thomas/git/ribosoft/Ribosoft.Tests/bin/Debug/net8.0/cs/Microsoft.CodeAnalysis.CSharp.Workspaces.resources.dll".
         Copying file from "/home/thomas/.nuget/packages/microsoft.codeanalysis.csharp.workspaces/4.8.0/lib/net7.0/de/Microsoft.CodeAnalysis.CSharp.Workspaces.resources.dll" to "/home/thomas/git/ribosoft/Ribosoft.Tests/bin/Debug/net8.0/de/Microsoft.CodeAnalysis.CSharp.Workspaces.resources.dll".
         Copying file from "/home/thomas/.nuget/packages/microsoft.codeanalysis.csharp.workspaces/4.8.0/lib/net7.0/es/Microsoft.CodeAnalysis.CSharp.Workspaces.resources.dll" to "/home/thomas/git/ribosoft/Ribosoft.Tests/bin/Debug/net8.0/es/Microsoft.CodeAnalysis.CSharp.Workspaces.resources.dll".
         Copying file from "/home/thomas/.nuget/packages/microsoft.codeanalysis.csharp.workspaces/4.8.0/lib/net7.0/fr/Microsoft.CodeAnalysis.CSharp.Workspaces.resources.dll" to "/home/thomas/git/ribosoft/Ribosoft.Tests/bin/Debug/net8.0/fr/Microsoft.CodeAnalysis.CSharp.Workspaces.resources.dll".
         Copying file from "/home/thomas/.nuget/packages/microsoft.codeanalysis.csharp.workspaces/4.8.0/lib/net7.0/it/Microsoft.CodeAnalysis.CSharp.Workspaces.resources.dll" to "/home/thomas/git/ribosoft/Ribosoft.Tests/bin/Debug/net8.0/it/Microsoft.CodeAnalysis.CSharp.Workspaces.resources.dll".
         Copying file from "/home/thomas/.nuget/packages/microsoft.codeanalysis.csharp.workspaces/4.8.0/lib/net7.0/ja/Microsoft.CodeAnalysis.CSharp.Workspaces.resources.dll" to "/home/thomas/git/ribosoft/Ribosoft.Tests/bin/Debug/net8.0/ja/Microsoft.CodeAnalysis.CSharp.Workspaces.resources.dll".
         Copying file from "/home/thomas/.nuget/packages/microsoft.codeanalysis.csharp.workspaces/4.8.0/lib/net7.0/ko/Microsoft.CodeAnalysis.CSharp.Workspaces.resources.dll" to "/home/thomas/git/ribosoft/Ribosoft.Tests/bin/Debug/net8.0/ko/Microsoft.CodeAnalysis.CSharp.Workspaces.resources.dll".
         Copying file from "/home/thomas/.nuget/packages/microsoft.codeanalysis.csharp.workspaces/4.8.0/lib/net7.0/pl/Microsoft.CodeAnalysis.CSharp.Workspaces.resources.dll" to "/home/thomas/git/ribosoft/Ribosoft.Tests/bin/Debug/net8.0/pl/Microsoft.CodeAnalysis.CSharp.Workspaces.resources.dll".
         Copying file from "/home/thomas/.nuget/packages/microsoft.codeanalysis.csharp.workspaces/4.8.0/lib/net7.0/pt-BR/Microsoft.CodeAnalysis.CSharp.Workspaces.resources.dll" to "/home/thomas/git/ribosoft/Ribosoft.Tests/bin/Debug/net8.0/pt-BR/Microsoft.CodeAnalysis.CSharp.Workspaces.resources.dll".
         Copying file from "/home/thomas/.nuget/packages/microsoft.codeanalysis.csharp.workspaces/4.8.0/lib/net7.0/ru/Microsoft.CodeAnalysis.CSharp.Workspaces.resources.dll" to "/home/thomas/git/ribosoft/Ribosoft.Tests/bin/Debug/net8.0/ru/Microsoft.CodeAnalysis.CSharp.Workspaces.resources.dll".
         Copying file from "/home/thomas/.nuget/packages/microsoft.codeanalysis.csharp.workspaces/4.8.0/lib/net7.0/tr/Microsoft.CodeAnalysis.CSharp.Workspaces.resources.dll" to "/home/thomas/git/ribosoft/Ribosoft.Tests/bin/Debug/net8.0/tr/Microsoft.CodeAnalysis.CSharp.Workspaces.resources.dll".
         Copying file from "/home/thomas/.nuget/packages/microsoft.codeanalysis.csharp.workspaces/4.8.0/lib/net7.0/zh-Hans/Microsoft.CodeAnalysis.CSharp.Workspaces.resources.dll" to "/home/thomas/git/ribosoft/Ribosoft.Tests/bin/Debug/net8.0/zh-Hans/Microsoft.CodeAnalysis.CSharp.Workspaces.resources.dll".
         Copying file from "/home/thomas/.nuget/packages/microsoft.codeanalysis.csharp.workspaces/4.8.0/lib/net7.0/zh-Hant/Microsoft.CodeAnalysis.CSharp.Workspaces.resources.dll" to "/home/thomas/git/ribosoft/Ribosoft.Tests/bin/Debug/net8.0/zh-Hant/Microsoft.CodeAnalysis.CSharp.Workspaces.resources.dll".
         Copying file from "/home/thomas/.nuget/packages/microsoft.codeanalysis.features/4.8.0/lib/net7.0/cs/Microsoft.CodeAnalysis.Features.resources.dll" to "/home/thomas/git/ribosoft/Ribosoft.Tests/bin/Debug/net8.0/cs/Microsoft.CodeAnalysis.Features.resources.dll".
         Copying file from "/home/thomas/.nuget/packages/microsoft.codeanalysis.features/4.8.0/lib/net7.0/de/Microsoft.CodeAnalysis.Features.resources.dll" to "/home/thomas/git/ribosoft/Ribosoft.Tests/bin/Debug/net8.0/de/Microsoft.CodeAnalysis.Features.resources.dll".
         Copying file from "/home/thomas/.nuget/packages/microsoft.codeanalysis.features/4.8.0/lib/net7.0/es/Microsoft.CodeAnalysis.Features.resources.dll" to "/home/thomas/git/ribosoft/Ribosoft.Tests/bin/Debug/net8.0/es/Microsoft.CodeAnalysis.Features.resources.dll".
         Copying file from "/home/thomas/.nuget/packages/microsoft.codeanalysis.features/4.8.0/lib/net7.0/fr/Microsoft.CodeAnalysis.Features.resources.dll" to "/home/thomas/git/ribosoft/Ribosoft.Tests/bin/Debug/net8.0/fr/Microsoft.CodeAnalysis.Features.resources.dll".
         Copying file from "/home/thomas/.nuget/packages/microsoft.codeanalysis.features/4.8.0/lib/net7.0/it/Microsoft.CodeAnalysis.Features.resources.dll" to "/home/thomas/git/ribosoft/Ribosoft.Tests/bin/Debug/net8.0/it/Microsoft.CodeAnalysis.Features.resources.dll".
         Copying file from "/home/thomas/.nuget/packages/microsoft.codeanalysis.features/4.8.0/lib/net7.0/ja/Microsoft.CodeAnalysis.Features.resources.dll" to "/home/thomas/git/ribosoft/Ribosoft.Tests/bin/Debug/net8.0/ja/Microsoft.CodeAnalysis.Features.resources.dll".
         Copying file from "/home/thomas/.nuget/packages/microsoft.codeanalysis.features/4.8.0/lib/net7.0/ko/Microsoft.CodeAnalysis.Features.resources.dll" to "/home/thomas/git/ribosoft/Ribosoft.Tests/bin/Debug/net8.0/ko/Microsoft.CodeAnalysis.Features.resources.dll".
         Copying file from "/home/thomas/.nuget/packages/microsoft.codeanalysis.features/4.8.0/lib/net7.0/pl/Microsoft.CodeAnalysis.Features.resources.dll" to "/home/thomas/git/ribosoft/Ribosoft.Tests/bin/Debug/net8.0/pl/Microsoft.CodeAnalysis.Features.resources.dll".
         Copying file from "/home/thomas/.nuget/packages/microsoft.codeanalysis.features/4.8.0/lib/net7.0/pt-BR/Microsoft.CodeAnalysis.Features.resources.dll" to "/home/thomas/git/ribosoft/Ribosoft.Tests/bin/Debug/net8.0/pt-BR/Microsoft.CodeAnalysis.Features.resources.dll".
         Copying file from "/home/thomas/.nuget/packages/microsoft.codeanalysis.features/4.8.0/lib/net7.0/ru/Microsoft.CodeAnalysis.Features.resources.dll" to "/home/thomas/git/ribosoft/Ribosoft.Tests/bin/Debug/net8.0/ru/Microsoft.CodeAnalysis.Features.resources.dll".
         Copying file from "/home/thomas/.nuget/packages/microsoft.codeanalysis.features/4.8.0/lib/net7.0/tr/Microsoft.CodeAnalysis.Features.resources.dll" to "/home/thomas/git/ribosoft/Ribosoft.Tests/bin/Debug/net8.0/tr/Microsoft.CodeAnalysis.Features.resources.dll".
         Copying file from "/home/thomas/.nuget/packages/microsoft.codeanalysis.features/4.8.0/lib/net7.0/zh-Hant/Microsoft.CodeAnalysis.Features.resources.dll" to "/home/thomas/git/ribosoft/Ribosoft.Tests/bin/Debug/net8.0/zh-Hant/Microsoft.CodeAnalysis.Features.resources.dll".
         Copying file from "/home/thomas/.nuget/packages/microsoft.codeanalysis.features/4.8.0/lib/net7.0/zh-Hans/Microsoft.CodeAnalysis.Features.resources.dll" to "/home/thomas/git/ribosoft/Ribosoft.Tests/bin/Debug/net8.0/zh-Hans/Microsoft.CodeAnalysis.Features.resources.dll".
         Copying file from "/home/thomas/.nuget/packages/microsoft.codeanalysis.scripting.common/4.8.0/lib/net7.0/cs/Microsoft.CodeAnalysis.Scripting.resources.dll" to "/home/thomas/git/ribosoft/Ribosoft.Tests/bin/Debug/net8.0/cs/Microsoft.CodeAnalysis.Scripting.resources.dll".
         Copying file from "/home/thomas/.nuget/packages/microsoft.codeanalysis.scripting.common/4.8.0/lib/net7.0/de/Microsoft.CodeAnalysis.Scripting.resources.dll" to "/home/thomas/git/ribosoft/Ribosoft.Tests/bin/Debug/net8.0/de/Microsoft.CodeAnalysis.Scripting.resources.dll".
         Copying file from "/home/thomas/.nuget/packages/microsoft.codeanalysis.scripting.common/4.8.0/lib/net7.0/es/Microsoft.CodeAnalysis.Scripting.resources.dll" to "/home/thomas/git/ribosoft/Ribosoft.Tests/bin/Debug/net8.0/es/Microsoft.CodeAnalysis.Scripting.resources.dll".
         Copying file from "/home/thomas/.nuget/packages/microsoft.codeanalysis.scripting.common/4.8.0/lib/net7.0/ja/Microsoft.CodeAnalysis.Scripting.resources.dll" to "/home/thomas/git/ribosoft/Ribosoft.Tests/bin/Debug/net8.0/ja/Microsoft.CodeAnalysis.Scripting.resources.dll".
         Copying file from "/home/thomas/.nuget/packages/microsoft.codeanalysis.scripting.common/4.8.0/lib/net7.0/ko/Microsoft.CodeAnalysis.Scripting.resources.dll" to "/home/thomas/git/ribosoft/Ribosoft.Tests/bin/Debug/net8.0/ko/Microsoft.CodeAnalysis.Scripting.resources.dll".
         Copying file from "/home/thomas/.nuget/packages/microsoft.codeanalysis.scripting.common/4.8.0/lib/net7.0/it/Microsoft.CodeAnalysis.Scripting.resources.dll" to "/home/thomas/git/ribosoft/Ribosoft.Tests/bin/Debug/net8.0/it/Microsoft.CodeAnalysis.Scripting.resources.dll".
         Copying file from "/home/thomas/.nuget/packages/microsoft.codeanalysis.scripting.common/4.8.0/lib/net7.0/pl/Microsoft.CodeAnalysis.Scripting.resources.dll" to "/home/thomas/git/ribosoft/Ribosoft.Tests/bin/Debug/net8.0/pl/Microsoft.CodeAnalysis.Scripting.resources.dll".
         Copying file from "/home/thomas/.nuget/packages/microsoft.codeanalysis.scripting.common/4.8.0/lib/net7.0/fr/Microsoft.CodeAnalysis.Scripting.resources.dll" to "/home/thomas/git/ribosoft/Ribosoft.Tests/bin/Debug/net8.0/fr/Microsoft.CodeAnalysis.Scripting.resources.dll".
         Copying file from "/home/thomas/.nuget/packages/microsoft.codeanalysis.scripting.common/4.8.0/lib/net7.0/pt-BR/Microsoft.CodeAnalysis.Scripting.resources.dll" to "/home/thomas/git/ribosoft/Ribosoft.Tests/bin/Debug/net8.0/pt-BR/Microsoft.CodeAnalysis.Scripting.resources.dll".
         Copying file from "/home/thomas/.nuget/packages/microsoft.codeanalysis.scripting.common/4.8.0/lib/net7.0/ru/Microsoft.CodeAnalysis.Scripting.resources.dll" to "/home/thomas/git/ribosoft/Ribosoft.Tests/bin/Debug/net8.0/ru/Microsoft.CodeAnalysis.Scripting.resources.dll".
         Copying file from "/home/thomas/.nuget/packages/microsoft.codeanalysis.scripting.common/4.8.0/lib/net7.0/tr/Microsoft.CodeAnalysis.Scripting.resources.dll" to "/home/thomas/git/ribosoft/Ribosoft.Tests/bin/Debug/net8.0/tr/Microsoft.CodeAnalysis.Scripting.resources.dll".
         Copying file from "/home/thomas/.nuget/packages/microsoft.codeanalysis.scripting.common/4.8.0/lib/net7.0/zh-Hans/Microsoft.CodeAnalysis.Scripting.resources.dll" to "/home/thomas/git/ribosoft/Ribosoft.Tests/bin/Debug/net8.0/zh-Hans/Microsoft.CodeAnalysis.Scripting.resources.dll".
         Copying file from "/home/thomas/.nuget/packages/microsoft.codeanalysis.workspaces.common/4.8.0/lib/net7.0/cs/Microsoft.CodeAnalysis.Workspaces.resources.dll" to "/home/thomas/git/ribosoft/Ribosoft.Tests/bin/Debug/net8.0/cs/Microsoft.CodeAnalysis.Workspaces.resources.dll".
         Copying file from "/home/thomas/.nuget/packages/microsoft.codeanalysis.scripting.common/4.8.0/lib/net7.0/zh-Hant/Microsoft.CodeAnalysis.Scripting.resources.dll" to "/home/thomas/git/ribosoft/Ribosoft.Tests/bin/Debug/net8.0/zh-Hant/Microsoft.CodeAnalysis.Scripting.resources.dll".
         Copying file from "/home/thomas/.nuget/packages/microsoft.codeanalysis.workspaces.common/4.8.0/lib/net7.0/fr/Microsoft.CodeAnalysis.Workspaces.resources.dll" to "/home/thomas/git/ribosoft/Ribosoft.Tests/bin/Debug/net8.0/fr/Microsoft.CodeAnalysis.Workspaces.resources.dll".
         Copying file from "/home/thomas/.nuget/packages/microsoft.codeanalysis.workspaces.common/4.8.0/lib/net7.0/es/Microsoft.CodeAnalysis.Workspaces.resources.dll" to "/home/thomas/git/ribosoft/Ribosoft.Tests/bin/Debug/net8.0/es/Microsoft.CodeAnalysis.Workspaces.resources.dll".
         Copying file from "/home/thomas/.nuget/packages/microsoft.codeanalysis.workspaces.common/4.8.0/lib/net7.0/de/Microsoft.CodeAnalysis.Workspaces.resources.dll" to "/home/thomas/git/ribosoft/Ribosoft.Tests/bin/Debug/net8.0/de/Microsoft.CodeAnalysis.Workspaces.resources.dll".
         Copying file from "/home/thomas/.nuget/packages/microsoft.codeanalysis.workspaces.common/4.8.0/lib/net7.0/it/Microsoft.CodeAnalysis.Workspaces.resources.dll" to "/home/thomas/git/ribosoft/Ribosoft.Tests/bin/Debug/net8.0/it/Microsoft.CodeAnalysis.Workspaces.resources.dll".
         Copying file from "/home/thomas/.nuget/packages/microsoft.codeanalysis.workspaces.common/4.8.0/lib/net7.0/ja/Microsoft.CodeAnalysis.Workspaces.resources.dll" to "/home/thomas/git/ribosoft/Ribosoft.Tests/bin/Debug/net8.0/ja/Microsoft.CodeAnalysis.Workspaces.resources.dll".
         Copying file from "/home/thomas/.nuget/packages/microsoft.codeanalysis.workspaces.common/4.8.0/lib/net7.0/ko/Microsoft.CodeAnalysis.Workspaces.resources.dll" to "/home/thomas/git/ribosoft/Ribosoft.Tests/bin/Debug/net8.0/ko/Microsoft.CodeAnalysis.Workspaces.resources.dll".
         Copying file from "/home/thomas/.nuget/packages/microsoft.codeanalysis.workspaces.common/4.8.0/lib/net7.0/pt-BR/Microsoft.CodeAnalysis.Workspaces.resources.dll" to "/home/thomas/git/ribosoft/Ribosoft.Tests/bin/Debug/net8.0/pt-BR/Microsoft.CodeAnalysis.Workspaces.resources.dll".
         Copying file from "/home/thomas/.nuget/packages/microsoft.codeanalysis.workspaces.common/4.8.0/lib/net7.0/pl/Microsoft.CodeAnalysis.Workspaces.resources.dll" to "/home/thomas/git/ribosoft/Ribosoft.Tests/bin/Debug/net8.0/pl/Microsoft.CodeAnalysis.Workspaces.resources.dll".
         Copying file from "/home/thomas/.nuget/packages/microsoft.codeanalysis.workspaces.common/4.8.0/lib/net7.0/ru/Microsoft.CodeAnalysis.Workspaces.resources.dll" to "/home/thomas/git/ribosoft/Ribosoft.Tests/bin/Debug/net8.0/ru/Microsoft.CodeAnalysis.Workspaces.resources.dll".
         Copying file from "/home/thomas/.nuget/packages/microsoft.codeanalysis.workspaces.common/4.8.0/lib/net7.0/tr/Microsoft.CodeAnalysis.Workspaces.resources.dll" to "/home/thomas/git/ribosoft/Ribosoft.Tests/bin/Debug/net8.0/tr/Microsoft.CodeAnalysis.Workspaces.resources.dll".
         Copying file from "/home/thomas/.nuget/packages/microsoft.testplatform.objectmodel/17.8.0/lib/netcoreapp3.1/cs/Microsoft.TestPlatform.CoreUtilities.resources.dll" to "/home/thomas/git/ribosoft/Ribosoft.Tests/bin/Debug/net8.0/cs/Microsoft.TestPlatform.CoreUtilities.resources.dll".
         Copying file from "/home/thomas/.nuget/packages/microsoft.codeanalysis.workspaces.common/4.8.0/lib/net7.0/zh-Hant/Microsoft.CodeAnalysis.Workspaces.resources.dll" to "/home/thomas/git/ribosoft/Ribosoft.Tests/bin/Debug/net8.0/zh-Hant/Microsoft.CodeAnalysis.Workspaces.resources.dll".
         Copying file from "/home/thomas/.nuget/packages/microsoft.codeanalysis.workspaces.common/4.8.0/lib/net7.0/zh-Hans/Microsoft.CodeAnalysis.Workspaces.resources.dll" to "/home/thomas/git/ribosoft/Ribosoft.Tests/bin/Debug/net8.0/zh-Hans/Microsoft.CodeAnalysis.Workspaces.resources.dll".
         Copying file from "/home/thomas/.nuget/packages/microsoft.testplatform.objectmodel/17.8.0/lib/netcoreapp3.1/cs/Microsoft.VisualStudio.TestPlatform.ObjectModel.resources.dll" to "/home/thomas/git/ribosoft/Ribosoft.Tests/bin/Debug/net8.0/cs/Microsoft.VisualStudio.TestPlatform.ObjectModel.resources.dll".
         Copying file from "/home/thomas/.nuget/packages/microsoft.testplatform.objectmodel/17.8.0/lib/netcoreapp3.1/de/Microsoft.TestPlatform.CoreUtilities.resources.dll" to "/home/thomas/git/ribosoft/Ribosoft.Tests/bin/Debug/net8.0/de/Microsoft.TestPlatform.CoreUtilities.resources.dll".
         Copying file from "/home/thomas/.nuget/packages/microsoft.testplatform.objectmodel/17.8.0/lib/netcoreapp3.1/de/Microsoft.VisualStudio.TestPlatform.ObjectModel.resources.dll" to "/home/thomas/git/ribosoft/Ribosoft.Tests/bin/Debug/net8.0/de/Microsoft.VisualStudio.TestPlatform.ObjectModel.resources.dll".
         Copying file from "/home/thomas/.nuget/packages/microsoft.testplatform.objectmodel/17.8.0/lib/netcoreapp3.1/es/Microsoft.TestPlatform.CoreUtilities.resources.dll" to "/home/thomas/git/ribosoft/Ribosoft.Tests/bin/Debug/net8.0/es/Microsoft.TestPlatform.CoreUtilities.resources.dll".
         Copying file from "/home/thomas/.nuget/packages/microsoft.testplatform.objectmodel/17.8.0/lib/netcoreapp3.1/fr/Microsoft.TestPlatform.CoreUtilities.resources.dll" to "/home/thomas/git/ribosoft/Ribosoft.Tests/bin/Debug/net8.0/fr/Microsoft.TestPlatform.CoreUtilities.resources.dll".
         Copying file from "/home/thomas/.nuget/packages/microsoft.testplatform.objectmodel/17.8.0/lib/netcoreapp3.1/es/Microsoft.VisualStudio.TestPlatform.ObjectModel.resources.dll" to "/home/thomas/git/ribosoft/Ribosoft.Tests/bin/Debug/net8.0/es/Microsoft.VisualStudio.TestPlatform.ObjectModel.resources.dll".
         Copying file from "/home/thomas/.nuget/packages/microsoft.testplatform.objectmodel/17.8.0/lib/netcoreapp3.1/fr/Microsoft.VisualStudio.TestPlatform.ObjectModel.resources.dll" to "/home/thomas/git/ribosoft/Ribosoft.Tests/bin/Debug/net8.0/fr/Microsoft.VisualStudio.TestPlatform.ObjectModel.resources.dll".
         Copying file from "/home/thomas/.nuget/packages/microsoft.testplatform.objectmodel/17.8.0/lib/netcoreapp3.1/it/Microsoft.TestPlatform.CoreUtilities.resources.dll" to "/home/thomas/git/ribosoft/Ribosoft.Tests/bin/Debug/net8.0/it/Microsoft.TestPlatform.CoreUtilities.resources.dll".
         Copying file from "/home/thomas/.nuget/packages/microsoft.testplatform.objectmodel/17.8.0/lib/netcoreapp3.1/it/Microsoft.VisualStudio.TestPlatform.ObjectModel.resources.dll" to "/home/thomas/git/ribosoft/Ribosoft.Tests/bin/Debug/net8.0/it/Microsoft.VisualStudio.TestPlatform.ObjectModel.resources.dll".
         Copying file from "/home/thomas/.nuget/packages/microsoft.testplatform.objectmodel/17.8.0/lib/netcoreapp3.1/ja/Microsoft.TestPlatform.CoreUtilities.resources.dll" to "/home/thomas/git/ribosoft/Ribosoft.Tests/bin/Debug/net8.0/ja/Microsoft.TestPlatform.CoreUtilities.resources.dll".
         Copying file from "/home/thomas/.nuget/packages/microsoft.testplatform.objectmodel/17.8.0/lib/netcoreapp3.1/ja/Microsoft.VisualStudio.TestPlatform.ObjectModel.resources.dll" to "/home/thomas/git/ribosoft/Ribosoft.Tests/bin/Debug/net8.0/ja/Microsoft.VisualStudio.TestPlatform.ObjectModel.resources.dll".
         Copying file from "/home/thomas/.nuget/packages/microsoft.testplatform.objectmodel/17.8.0/lib/netcoreapp3.1/ko/Microsoft.TestPlatform.CoreUtilities.resources.dll" to "/home/thomas/git/ribosoft/Ribosoft.Tests/bin/Debug/net8.0/ko/Microsoft.TestPlatform.CoreUtilities.resources.dll".
         Copying file from "/home/thomas/.nuget/packages/microsoft.testplatform.objectmodel/17.8.0/lib/netcoreapp3.1/ko/Microsoft.VisualStudio.TestPlatform.ObjectModel.resources.dll" to "/home/thomas/git/ribosoft/Ribosoft.Tests/bin/Debug/net8.0/ko/Microsoft.VisualStudio.TestPlatform.ObjectModel.resources.dll".
         Copying file from "/home/thomas/.nuget/packages/microsoft.testplatform.objectmodel/17.8.0/lib/netcoreapp3.1/pt-BR/Microsoft.TestPlatform.CoreUtilities.resources.dll" to "/home/thomas/git/ribosoft/Ribosoft.Tests/bin/Debug/net8.0/pt-BR/Microsoft.TestPlatform.CoreUtilities.resources.dll".
         Copying file from "/home/thomas/.nuget/packages/microsoft.testplatform.objectmodel/17.8.0/lib/netcoreapp3.1/pl/Microsoft.TestPlatform.CoreUtilities.resources.dll" to "/home/thomas/git/ribosoft/Ribosoft.Tests/bin/Debug/net8.0/pl/Microsoft.TestPlatform.CoreUtilities.resources.dll".
         Copying file from "/home/thomas/.nuget/packages/microsoft.testplatform.objectmodel/17.8.0/lib/netcoreapp3.1/pl/Microsoft.VisualStudio.TestPlatform.ObjectModel.resources.dll" to "/home/thomas/git/ribosoft/Ribosoft.Tests/bin/Debug/net8.0/pl/Microsoft.VisualStudio.TestPlatform.ObjectModel.resources.dll".
         Copying file from "/home/thomas/.nuget/packages/microsoft.testplatform.objectmodel/17.8.0/lib/netcoreapp3.1/pt-BR/Microsoft.VisualStudio.TestPlatform.ObjectModel.resources.dll" to "/home/thomas/git/ribosoft/Ribosoft.Tests/bin/Debug/net8.0/pt-BR/Microsoft.VisualStudio.TestPlatform.ObjectModel.resources.dll".
         Copying file from "/home/thomas/.nuget/packages/microsoft.testplatform.objectmodel/17.8.0/lib/netcoreapp3.1/ru/Microsoft.TestPlatform.CoreUtilities.resources.dll" to "/home/thomas/git/ribosoft/Ribosoft.Tests/bin/Debug/net8.0/ru/Microsoft.TestPlatform.CoreUtilities.resources.dll".
         Copying file from "/home/thomas/.nuget/packages/microsoft.testplatform.objectmodel/17.8.0/lib/netcoreapp3.1/ru/Microsoft.VisualStudio.TestPlatform.ObjectModel.resources.dll" to "/home/thomas/git/ribosoft/Ribosoft.Tests/bin/Debug/net8.0/ru/Microsoft.VisualStudio.TestPlatform.ObjectModel.resources.dll".
         Copying file from "/home/thomas/.nuget/packages/microsoft.testplatform.objectmodel/17.8.0/lib/netcoreapp3.1/tr/Microsoft.TestPlatform.CoreUtilities.resources.dll" to "/home/thomas/git/ribosoft/Ribosoft.Tests/bin/Debug/net8.0/tr/Microsoft.TestPlatform.CoreUtilities.resources.dll".
         Copying file from "/home/thomas/.nuget/packages/microsoft.testplatform.objectmodel/17.8.0/lib/netcoreapp3.1/tr/Microsoft.VisualStudio.TestPlatform.ObjectModel.resources.dll" to "/home/thomas/git/ribosoft/Ribosoft.Tests/bin/Debug/net8.0/tr/Microsoft.VisualStudio.TestPlatform.ObjectModel.resources.dll".
         Copying file from "/home/thomas/.nuget/packages/microsoft.testplatform.objectmodel/17.8.0/lib/netcoreapp3.1/zh-Hans/Microsoft.TestPlatform.CoreUtilities.resources.dll" to "/home/thomas/git/ribosoft/Ribosoft.Tests/bin/Debug/net8.0/zh-Hans/Microsoft.TestPlatform.CoreUtilities.resources.dll".
         Copying file from "/home/thomas/.nuget/packages/microsoft.testplatform.objectmodel/17.8.0/lib/netcoreapp3.1/zh-Hans/Microsoft.VisualStudio.TestPlatform.ObjectModel.resources.dll" to "/home/thomas/git/ribosoft/Ribosoft.Tests/bin/Debug/net8.0/zh-Hans/Microsoft.VisualStudio.TestPlatform.ObjectModel.resources.dll".
         Copying file from "/home/thomas/.nuget/packages/microsoft.testplatform.objectmodel/17.8.0/lib/netcoreapp3.1/zh-Hant/Microsoft.VisualStudio.TestPlatform.ObjectModel.resources.dll" to "/home/thomas/git/ribosoft/Ribosoft.Tests/bin/Debug/net8.0/zh-Hant/Microsoft.VisualStudio.TestPlatform.ObjectModel.resources.dll".
         Copying file from "/home/thomas/.nuget/packages/microsoft.testplatform.objectmodel/17.8.0/lib/netcoreapp3.1/zh-Hant/Microsoft.TestPlatform.CoreUtilities.resources.dll" to "/home/thomas/git/ribosoft/Ribosoft.Tests/bin/Debug/net8.0/zh-Hant/Microsoft.TestPlatform.CoreUtilities.resources.dll".
         Copying file from "/home/thomas/.nuget/packages/microsoft.testplatform.testhost/17.8.0/lib/netcoreapp3.1/cs/Microsoft.TestPlatform.CommunicationUtilities.resources.dll" to "/home/thomas/git/ribosoft/Ribosoft.Tests/bin/Debug/net8.0/cs/Microsoft.TestPlatform.CommunicationUtilities.resources.dll".
         Copying file from "/home/thomas/.nuget/packages/microsoft.testplatform.testhost/17.8.0/lib/netcoreapp3.1/cs/Microsoft.TestPlatform.CrossPlatEngine.resources.dll" to "/home/thomas/git/ribosoft/Ribosoft.Tests/bin/Debug/net8.0/cs/Microsoft.TestPlatform.CrossPlatEngine.resources.dll".
         Copying file from "/home/thomas/.nuget/packages/microsoft.testplatform.testhost/17.8.0/lib/netcoreapp3.1/cs/Microsoft.VisualStudio.TestPlatform.Common.resources.dll" to "/home/thomas/git/ribosoft/Ribosoft.Tests/bin/Debug/net8.0/cs/Microsoft.VisualStudio.TestPlatform.Common.resources.dll".
         Copying file from "/home/thomas/.nuget/packages/microsoft.testplatform.testhost/17.8.0/lib/netcoreapp3.1/de/Microsoft.TestPlatform.CommunicationUtilities.resources.dll" to "/home/thomas/git/ribosoft/Ribosoft.Tests/bin/Debug/net8.0/de/Microsoft.TestPlatform.CommunicationUtilities.resources.dll".
         Copying file from "/home/thomas/.nuget/packages/microsoft.testplatform.testhost/17.8.0/lib/netcoreapp3.1/de/Microsoft.TestPlatform.CrossPlatEngine.resources.dll" to "/home/thomas/git/ribosoft/Ribosoft.Tests/bin/Debug/net8.0/de/Microsoft.TestPlatform.CrossPlatEngine.resources.dll".
         Copying file from "/home/thomas/.nuget/packages/microsoft.testplatform.testhost/17.8.0/lib/netcoreapp3.1/de/Microsoft.VisualStudio.TestPlatform.Common.resources.dll" to "/home/thomas/git/ribosoft/Ribosoft.Tests/bin/Debug/net8.0/de/Microsoft.VisualStudio.TestPlatform.Common.resources.dll".
         Copying file from "/home/thomas/.nuget/packages/microsoft.testplatform.testhost/17.8.0/lib/netcoreapp3.1/es/Microsoft.VisualStudio.TestPlatform.Common.resources.dll" to "/home/thomas/git/ribosoft/Ribosoft.Tests/bin/Debug/net8.0/es/Microsoft.VisualStudio.TestPlatform.Common.resources.dll".
         Copying file from "/home/thomas/.nuget/packages/microsoft.testplatform.testhost/17.8.0/lib/netcoreapp3.1/es/Microsoft.TestPlatform.CrossPlatEngine.resources.dll" to "/home/thomas/git/ribosoft/Ribosoft.Tests/bin/Debug/net8.0/es/Microsoft.TestPlatform.CrossPlatEngine.resources.dll".
         Copying file from "/home/thomas/.nuget/packages/microsoft.testplatform.testhost/17.8.0/lib/netcoreapp3.1/es/Microsoft.TestPlatform.CommunicationUtilities.resources.dll" to "/home/thomas/git/ribosoft/Ribosoft.Tests/bin/Debug/net8.0/es/Microsoft.TestPlatform.CommunicationUtilities.resources.dll".
         Copying file from "/home/thomas/.nuget/packages/microsoft.testplatform.testhost/17.8.0/lib/netcoreapp3.1/fr/Microsoft.TestPlatform.CommunicationUtilities.resources.dll" to "/home/thomas/git/ribosoft/Ribosoft.Tests/bin/Debug/net8.0/fr/Microsoft.TestPlatform.CommunicationUtilities.resources.dll".
         Copying file from "/home/thomas/.nuget/packages/microsoft.testplatform.testhost/17.8.0/lib/netcoreapp3.1/fr/Microsoft.TestPlatform.CrossPlatEngine.resources.dll" to "/home/thomas/git/ribosoft/Ribosoft.Tests/bin/Debug/net8.0/fr/Microsoft.TestPlatform.CrossPlatEngine.resources.dll".
         Copying file from "/home/thomas/.nuget/packages/microsoft.testplatform.testhost/17.8.0/lib/netcoreapp3.1/fr/Microsoft.VisualStudio.TestPlatform.Common.resources.dll" to "/home/thomas/git/ribosoft/Ribosoft.Tests/bin/Debug/net8.0/fr/Microsoft.VisualStudio.TestPlatform.Common.resources.dll".
         Copying file from "/home/thomas/.nuget/packages/microsoft.testplatform.testhost/17.8.0/lib/netcoreapp3.1/it/Microsoft.TestPlatform.CommunicationUtilities.resources.dll" to "/home/thomas/git/ribosoft/Ribosoft.Tests/bin/Debug/net8.0/it/Microsoft.TestPlatform.CommunicationUtilities.resources.dll".
         Copying file from "/home/thomas/.nuget/packages/microsoft.testplatform.testhost/17.8.0/lib/netcoreapp3.1/it/Microsoft.TestPlatform.CrossPlatEngine.resources.dll" to "/home/thomas/git/ribosoft/Ribosoft.Tests/bin/Debug/net8.0/it/Microsoft.TestPlatform.CrossPlatEngine.resources.dll".
         Copying file from "/home/thomas/.nuget/packages/microsoft.testplatform.testhost/17.8.0/lib/netcoreapp3.1/it/Microsoft.VisualStudio.TestPlatform.Common.resources.dll" to "/home/thomas/git/ribosoft/Ribosoft.Tests/bin/Debug/net8.0/it/Microsoft.VisualStudio.TestPlatform.Common.resources.dll".
         Copying file from "/home/thomas/.nuget/packages/microsoft.testplatform.testhost/17.8.0/lib/netcoreapp3.1/ja/Microsoft.TestPlatform.CrossPlatEngine.resources.dll" to "/home/thomas/git/ribosoft/Ribosoft.Tests/bin/Debug/net8.0/ja/Microsoft.TestPlatform.CrossPlatEngine.resources.dll".
         Copying file from "/home/thomas/.nuget/packages/microsoft.testplatform.testhost/17.8.0/lib/netcoreapp3.1/ja/Microsoft.TestPlatform.CommunicationUtilities.resources.dll" to "/home/thomas/git/ribosoft/Ribosoft.Tests/bin/Debug/net8.0/ja/Microsoft.TestPlatform.CommunicationUtilities.resources.dll".
         Copying file from "/home/thomas/.nuget/packages/microsoft.testplatform.testhost/17.8.0/lib/netcoreapp3.1/ja/Microsoft.VisualStudio.TestPlatform.Common.resources.dll" to "/home/thomas/git/ribosoft/Ribosoft.Tests/bin/Debug/net8.0/ja/Microsoft.VisualStudio.TestPlatform.Common.resources.dll".
         Copying file from "/home/thomas/.nuget/packages/microsoft.testplatform.testhost/17.8.0/lib/netcoreapp3.1/ko/Microsoft.TestPlatform.CommunicationUtilities.resources.dll" to "/home/thomas/git/ribosoft/Ribosoft.Tests/bin/Debug/net8.0/ko/Microsoft.TestPlatform.CommunicationUtilities.resources.dll".
         Copying file from "/home/thomas/.nuget/packages/microsoft.testplatform.testhost/17.8.0/lib/netcoreapp3.1/ko/Microsoft.TestPlatform.CrossPlatEngine.resources.dll" to "/home/thomas/git/ribosoft/Ribosoft.Tests/bin/Debug/net8.0/ko/Microsoft.TestPlatform.CrossPlatEngine.resources.dll".
         Copying file from "/home/thomas/.nuget/packages/microsoft.testplatform.testhost/17.8.0/lib/netcoreapp3.1/ko/Microsoft.VisualStudio.TestPlatform.Common.resources.dll" to "/home/thomas/git/ribosoft/Ribosoft.Tests/bin/Debug/net8.0/ko/Microsoft.VisualStudio.TestPlatform.Common.resources.dll".
         Copying file from "/home/thomas/.nuget/packages/microsoft.testplatform.testhost/17.8.0/lib/netcoreapp3.1/pl/Microsoft.TestPlatform.CommunicationUtilities.resources.dll" to "/home/thomas/git/ribosoft/Ribosoft.Tests/bin/Debug/net8.0/pl/Microsoft.TestPlatform.CommunicationUtilities.resources.dll".
         Copying file from "/home/thomas/.nuget/packages/microsoft.testplatform.testhost/17.8.0/lib/netcoreapp3.1/pl/Microsoft.TestPlatform.CrossPlatEngine.resources.dll" to "/home/thomas/git/ribosoft/Ribosoft.Tests/bin/Debug/net8.0/pl/Microsoft.TestPlatform.CrossPlatEngine.resources.dll".
         Copying file from "/home/thomas/.nuget/packages/microsoft.testplatform.testhost/17.8.0/lib/netcoreapp3.1/pt-BR/Microsoft.TestPlatform.CommunicationUtilities.resources.dll" to "/home/thomas/git/ribosoft/Ribosoft.Tests/bin/Debug/net8.0/pt-BR/Microsoft.TestPlatform.CommunicationUtilities.resources.dll".
         Copying file from "/home/thomas/.nuget/packages/microsoft.testplatform.testhost/17.8.0/lib/netcoreapp3.1/pl/Microsoft.VisualStudio.TestPlatform.Common.resources.dll" to "/home/thomas/git/ribosoft/Ribosoft.Tests/bin/Debug/net8.0/pl/Microsoft.VisualStudio.TestPlatform.Common.resources.dll".
         Copying file from "/home/thomas/.nuget/packages/microsoft.testplatform.testhost/17.8.0/lib/netcoreapp3.1/pt-BR/Microsoft.TestPlatform.CrossPlatEngine.resources.dll" to "/home/thomas/git/ribosoft/Ribosoft.Tests/bin/Debug/net8.0/pt-BR/Microsoft.TestPlatform.CrossPlatEngine.resources.dll".
         Copying file from "/home/thomas/.nuget/packages/microsoft.testplatform.testhost/17.8.0/lib/netcoreapp3.1/pt-BR/Microsoft.VisualStudio.TestPlatform.Common.resources.dll" to "/home/thomas/git/ribosoft/Ribosoft.Tests/bin/Debug/net8.0/pt-BR/Microsoft.VisualStudio.TestPlatform.Common.resources.dll".
         Copying file from "/home/thomas/.nuget/packages/microsoft.testplatform.testhost/17.8.0/lib/netcoreapp3.1/ru/Microsoft.TestPlatform.CrossPlatEngine.resources.dll" to "/home/thomas/git/ribosoft/Ribosoft.Tests/bin/Debug/net8.0/ru/Microsoft.TestPlatform.CrossPlatEngine.resources.dll".
         Copying file from "/home/thomas/.nuget/packages/microsoft.testplatform.testhost/17.8.0/lib/netcoreapp3.1/ru/Microsoft.VisualStudio.TestPlatform.Common.resources.dll" to "/home/thomas/git/ribosoft/Ribosoft.Tests/bin/Debug/net8.0/ru/Microsoft.VisualStudio.TestPlatform.Common.resources.dll".
         Copying file from "/home/thomas/.nuget/packages/microsoft.testplatform.testhost/17.8.0/lib/netcoreapp3.1/ru/Microsoft.TestPlatform.CommunicationUtilities.resources.dll" to "/home/thomas/git/ribosoft/Ribosoft.Tests/bin/Debug/net8.0/ru/Microsoft.TestPlatform.CommunicationUtilities.resources.dll".
         Copying file from "/home/thomas/.nuget/packages/microsoft.testplatform.testhost/17.8.0/lib/netcoreapp3.1/tr/Microsoft.TestPlatform.CommunicationUtilities.resources.dll" to "/home/thomas/git/ribosoft/Ribosoft.Tests/bin/Debug/net8.0/tr/Microsoft.TestPlatform.CommunicationUtilities.resources.dll".
         Copying file from "/home/thomas/.nuget/packages/microsoft.testplatform.testhost/17.8.0/lib/netcoreapp3.1/tr/Microsoft.TestPlatform.CrossPlatEngine.resources.dll" to "/home/thomas/git/ribosoft/Ribosoft.Tests/bin/Debug/net8.0/tr/Microsoft.TestPlatform.CrossPlatEngine.resources.dll".
         Copying file from "/home/thomas/.nuget/packages/microsoft.testplatform.testhost/17.8.0/lib/netcoreapp3.1/tr/Microsoft.VisualStudio.TestPlatform.Common.resources.dll" to "/home/thomas/git/ribosoft/Ribosoft.Tests/bin/Debug/net8.0/tr/Microsoft.VisualStudio.TestPlatform.Common.resources.dll".
         Copying file from "/home/thomas/.nuget/packages/microsoft.testplatform.testhost/17.8.0/lib/netcoreapp3.1/zh-Hans/Microsoft.TestPlatform.CrossPlatEngine.resources.dll" to "/home/thomas/git/ribosoft/Ribosoft.Tests/bin/Debug/net8.0/zh-Hans/Microsoft.TestPlatform.CrossPlatEngine.resources.dll".
         Copying file from "/home/thomas/.nuget/packages/microsoft.testplatform.testhost/17.8.0/lib/netcoreapp3.1/zh-Hans/Microsoft.TestPlatform.CommunicationUtilities.resources.dll" to "/home/thomas/git/ribosoft/Ribosoft.Tests/bin/Debug/net8.0/zh-Hans/Microsoft.TestPlatform.CommunicationUtilities.resources.dll".
         Copying file from "/home/thomas/.nuget/packages/microsoft.testplatform.testhost/17.8.0/lib/netcoreapp3.1/zh-Hans/Microsoft.VisualStudio.TestPlatform.Common.resources.dll" to "/home/thomas/git/ribosoft/Ribosoft.Tests/bin/Debug/net8.0/zh-Hans/Microsoft.VisualStudio.TestPlatform.Common.resources.dll".
         Copying file from "/home/thomas/.nuget/packages/microsoft.testplatform.testhost/17.8.0/lib/netcoreapp3.1/zh-Hant/Microsoft.TestPlatform.CommunicationUtilities.resources.dll" to "/home/thomas/git/ribosoft/Ribosoft.Tests/bin/Debug/net8.0/zh-Hant/Microsoft.TestPlatform.CommunicationUtilities.resources.dll".
         Copying file from "/home/thomas/.nuget/packages/microsoft.testplatform.testhost/17.8.0/lib/netcoreapp3.1/zh-Hant/Microsoft.TestPlatform.CrossPlatEngine.resources.dll" to "/home/thomas/git/ribosoft/Ribosoft.Tests/bin/Debug/net8.0/zh-Hant/Microsoft.TestPlatform.CrossPlatEngine.resources.dll".
         Copying file from "/home/thomas/.nuget/packages/microsoft.testplatform.testhost/17.8.0/lib/netcoreapp3.1/zh-Hant/Microsoft.VisualStudio.TestPlatform.Common.resources.dll" to "/home/thomas/git/ribosoft/Ribosoft.Tests/bin/Debug/net8.0/zh-Hant/Microsoft.VisualStudio.TestPlatform.Common.resources.dll".
         Copying file from "/home/thomas/.nuget/packages/microsoft.data.sqlclient/5.1.1/runtimes/unix/lib/net6.0/Microsoft.Data.SqlClient.dll" to "/home/thomas/git/ribosoft/Ribosoft.Tests/bin/Debug/net8.0/runtimes/unix/lib/net6.0/Microsoft.Data.SqlClient.dll".
         Copying file from "/home/thomas/.nuget/packages/microsoft.data.sqlclient/5.1.1/runtimes/win/lib/net6.0/Microsoft.Data.SqlClient.dll" to "/home/thomas/git/ribosoft/Ribosoft.Tests/bin/Debug/net8.0/runtimes/win/lib/net6.0/Microsoft.Data.SqlClient.dll".
         Copying file from "/home/thomas/.nuget/packages/microsoft.data.sqlclient.sni.runtime/5.1.0/runtimes/win-arm/native/Microsoft.Data.SqlClient.SNI.dll" to "/home/thomas/git/ribosoft/Ribosoft.Tests/bin/Debug/net8.0/runtimes/win-arm/native/Microsoft.Data.SqlClient.SNI.dll".
         Copying file from "/home/thomas/.nuget/packages/microsoft.data.sqlclient.sni.runtime/5.1.0/runtimes/win-arm64/native/Microsoft.Data.SqlClient.SNI.dll" to "/home/thomas/git/ribosoft/Ribosoft.Tests/bin/Debug/net8.0/runtimes/win-arm64/native/Microsoft.Data.SqlClient.SNI.dll".
         Copying file from "/home/thomas/.nuget/packages/microsoft.data.sqlclient.sni.runtime/5.1.0/runtimes/win-x64/native/Microsoft.Data.SqlClient.SNI.dll" to "/home/thomas/git/ribosoft/Ribosoft.Tests/bin/Debug/net8.0/runtimes/win-x64/native/Microsoft.Data.SqlClient.SNI.dll".
         Copying file from "/home/thomas/.nuget/packages/microsoft.data.sqlclient.sni.runtime/5.1.0/runtimes/win-x86/native/Microsoft.Data.SqlClient.SNI.dll" to "/home/thomas/git/ribosoft/Ribosoft.Tests/bin/Debug/net8.0/runtimes/win-x86/native/Microsoft.Data.SqlClient.SNI.dll".
         Copying file from "/home/thomas/.nuget/packages/microsoft.win32.systemevents/7.0.0/runtimes/win/lib/net7.0/Microsoft.Win32.SystemEvents.dll" to "/home/thomas/git/ribosoft/Ribosoft.Tests/bin/Debug/net8.0/runtimes/win/lib/net7.0/Microsoft.Win32.SystemEvents.dll".
         Copying file from "/home/thomas/.nuget/packages/system.drawing.common/7.0.0/runtimes/win/lib/net7.0/System.Drawing.Common.dll" to "/home/thomas/git/ribosoft/Ribosoft.Tests/bin/Debug/net8.0/runtimes/win/lib/net7.0/System.Drawing.Common.dll".
         Copying file from "/home/thomas/.nuget/packages/system.runtime.caching/6.0.0/runtimes/win/lib/net6.0/System.Runtime.Caching.dll" to "/home/thomas/git/ribosoft/Ribosoft.Tests/bin/Debug/net8.0/runtimes/win/lib/net6.0/System.Runtime.Caching.dll".
         Copying file from "/home/thomas/.nuget/packages/system.security.cryptography.protecteddata/7.0.0/runtimes/win/lib/net7.0/System.Security.Cryptography.ProtectedData.dll" to "/home/thomas/git/ribosoft/Ribosoft.Tests/bin/Debug/net8.0/runtimes/win/lib/net7.0/System.Security.Cryptography.ProtectedData.dll".
         Copying file from "/home/thomas/.nuget/packages/system.windows.extensions/7.0.0/runtimes/win/lib/net7.0/System.Windows.Extensions.dll" to "/home/thomas/git/ribosoft/Ribosoft.Tests/bin/Debug/net8.0/runtimes/win/lib/net7.0/System.Windows.Extensions.dll".
         Copying file from "/home/thomas/git/ribosoft/Ribosoft/bin/Debug/net8.0/Ribosoft.dll" to "/home/thomas/git/ribosoft/Ribosoft.Tests/bin/Debug/net8.0/Ribosoft.dll".
         Copying file from "/home/thomas/git/ribosoft/Ribosoft/bin/Debug/net8.0/Ribosoft.pdb" to "/home/thomas/git/ribosoft/Ribosoft.Tests/bin/Debug/net8.0/Ribosoft.pdb".
         Creating "/home/thomas/git/ribosoft/Ribosoft.Tests/obj/Debug/net8.0/Ribosoft.Tests.csproj.CopyComplete" because "AlwaysCreate" was specified.
         Touching "/home/thomas/git/ribosoft/Ribosoft.Tests/obj/Debug/net8.0/Ribosoft.Tests.csproj.CopyComplete".
       _CopyOutOfDateSourceItemsToOutputDirectory:
         Copying file from "/home/thomas/git/ribosoft/Ribosoft/bin/Debug/net8.0/Ribosoft.deps.json" to "/home/thomas/git/ribosoft/Ribosoft.Tests/bin/Debug/net8.0/Ribosoft.deps.json".
         Copying file from "/home/thomas/git/ribosoft/Ribosoft/bin/Debug/net8.0/Ribosoft.runtimeconfig.json" to "/home/thomas/git/ribosoft/Ribosoft.Tests/bin/Debug/net8.0/Ribosoft.runtimeconfig.json".
         Copying file from "/home/thomas/git/ribosoft/Ribosoft/nlog.config" to "/home/thomas/git/ribosoft/Ribosoft.Tests/bin/Debug/net8.0/nlog.config".
         Copying file from "/home/thomas/git/ribosoft/Ribosoft/appsettings.Development.json" to "/home/thomas/git/ribosoft/Ribosoft.Tests/bin/Debug/net8.0/appsettings.Development.json".
         Copying file from "/home/thomas/git/ribosoft/Ribosoft/appsettings.json" to "/home/thomas/git/ribosoft/Ribosoft.Tests/bin/Debug/net8.0/appsettings.json".
         Copying file from "/home/thomas/git/ribosoft/Ribosoft/npm-shrinkwrap.json" to "/home/thomas/git/ribosoft/Ribosoft.Tests/bin/Debug/net8.0/npm-shrinkwrap.json".
         Copying file from "/home/thomas/git/ribosoft/Ribosoft/bundleconfig.json" to "/home/thomas/git/ribosoft/Ribosoft.Tests/bin/Debug/net8.0/bundleconfig.json".
         Copying file from "/home/thomas/git/ribosoft/Ribosoft/obj/Debug/net8.0/staticwebassets.development.json" to "/home/thomas/git/ribosoft/Ribosoft.Tests/bin/Debug/net8.0/Ribosoft.staticwebassets.runtime.json".
         Copying file from "/home/thomas/git/ribosoft/Ribosoft/package.json" to "/home/thomas/git/ribosoft/Ribosoft.Tests/bin/Debug/net8.0/package.json".
         Copying file from "/home/thomas/.nuget/packages/ribosoftalgo/0.0.0/build/net8.0/libRibosoftAlgo.so" to "/home/thomas/git/ribosoft/Ribosoft.Tests/bin/Debug/net8.0/libRibosoftAlgo.so".
         Copying file from "/home/thomas/.nuget/packages/ribosoftalgo/0.0.0/build/net8.0/libRibosoftAlgo.so.1.0.0" to "/home/thomas/git/ribosoft/Ribosoft.Tests/bin/Debug/net8.0/libRibosoftAlgo.so.1.0.0".
         Copying file from "/home/thomas/.nuget/packages/ribosoftalgo/0.0.0/build/net8.0/.gitignore" to "/home/thomas/git/ribosoft/Ribosoft.Tests/bin/Debug/net8.0/.gitignore".
         Copying file from "/home/thomas/.nuget/packages/ribosoftalgo/0.0.0/build/net8.0/libRibosoftAlgo.so.2.0.0" to "/home/thomas/git/ribosoft/Ribosoft.Tests/bin/Debug/net8.0/libRibosoftAlgo.so.2.0.0".
         Copying file from "/home/thomas/.nuget/packages/ribosoftalgo/0.0.0/build/net8.0/RibosoftAlgo.targets" to "/home/thomas/git/ribosoft/Ribosoft.Tests/bin/Debug/net8.0/RibosoftAlgo.targets".
         Copying file from "/home/thomas/git/ribosoft/Ribosoft.Tests/obj/Debug/net8.0/MvcTestingAppManifest.json" to "/home/thomas/git/ribosoft/Ribosoft.Tests/bin/Debug/net8.0/MvcTestingAppManifest.json".
         Copying file from "/home/thomas/git/ribosoft/Ribosoft/obj/Debug/net8.0/apphost" to "/home/thomas/git/ribosoft/Ribosoft.Tests/bin/Debug/net8.0/Ribosoft".
         Copying file from "/home/thomas/.nuget/packages/xunit.runner.visualstudio/2.5.6/build/net6.0/xunit.runner.visualstudio.testadapter.dll" to "/home/thomas/git/ribosoft/Ribosoft.Tests/bin/Debug/net8.0/xunit.runner.visualstudio.testadapter.dll".
         Copying file from "/home/thomas/.nuget/packages/xunit.runner.visualstudio/2.5.6/build/net6.0/xunit.runner.reporters.netcoreapp10.dll" to "/home/thomas/git/ribosoft/Ribosoft.Tests/bin/Debug/net8.0/xunit.runner.reporters.netcoreapp10.dll".
         Copying file from "/home/thomas/.nuget/packages/xunit.runner.visualstudio/2.5.6/build/net6.0/xunit.runner.utility.netcoreapp10.dll" to "/home/thomas/git/ribosoft/Ribosoft.Tests/bin/Debug/net8.0/xunit.runner.utility.netcoreapp10.dll".
       CopyFilesToOutputDirectory:
         Copying file from "/home/thomas/git/ribosoft/Ribosoft.Tests/obj/Debug/net8.0/Ribosoft.Tests.dll" to "/home/thomas/git/ribosoft/Ribosoft.Tests/bin/Debug/net8.0/Ribosoft.Tests.dll".
         Copying reference assembly from "obj/Debug/net8.0/refint/Ribosoft.Tests.dll" to "/home/thomas/git/ribosoft/Ribosoft.Tests/obj/Debug/net8.0/ref/Ribosoft.Tests.dll".
         Ribosoft.Tests -> /home/thomas/git/ribosoft/Ribosoft.Tests/bin/Debug/net8.0/Ribosoft.Tests.dll
         Copying file from "/home/thomas/git/ribosoft/Ribosoft.Tests/obj/Debug/net8.0/Ribosoft.Tests.pdb" to "/home/thomas/git/ribosoft/Ribosoft.Tests/bin/Debug/net8.0/Ribosoft.Tests.pdb".
       _CopyReferenceOnlyAssembliesForBuild:
         Copying file from "/usr/lib/dotnet/packs/Microsoft.AspNetCore.App.Ref/8.0.17/ref/net8.0/Microsoft.AspNetCore.Antiforgery.dll" to "/home/thomas/git/ribosoft/Ribosoft.Tests/bin/Debug/net8.0/refs/Microsoft.AspNetCore.Antiforgery.dll".
         Copying file from "/usr/lib/dotnet/packs/Microsoft.AspNetCore.App.Ref/8.0.17/ref/net8.0/Microsoft.AspNetCore.Authentication.BearerToken.dll" to "/home/thomas/git/ribosoft/Ribosoft.Tests/bin/Debug/net8.0/refs/Microsoft.AspNetCore.Authentication.BearerToken.dll".
         Copying file from "/usr/lib/dotnet/packs/Microsoft.AspNetCore.App.Ref/8.0.17/ref/net8.0/Microsoft.AspNetCore.Authentication.Abstractions.dll" to "/home/thomas/git/ribosoft/Ribosoft.Tests/bin/Debug/net8.0/refs/Microsoft.AspNetCore.Authentication.Abstractions.dll".
         Copying file from "/usr/lib/dotnet/packs/Microsoft.AspNetCore.App.Ref/8.0.17/ref/net8.0/Microsoft.AspNetCore.Authentication.Cookies.dll" to "/home/thomas/git/ribosoft/Ribosoft.Tests/bin/Debug/net8.0/refs/Microsoft.AspNetCore.Authentication.Cookies.dll".
         Copying file from "/usr/lib/dotnet/packs/Microsoft.AspNetCore.App.Ref/8.0.17/ref/net8.0/Microsoft.AspNetCore.Authentication.Core.dll" to "/home/thomas/git/ribosoft/Ribosoft.Tests/bin/Debug/net8.0/refs/Microsoft.AspNetCore.Authentication.Core.dll".
         Copying file from "/usr/lib/dotnet/packs/Microsoft.AspNetCore.App.Ref/8.0.17/ref/net8.0/Microsoft.AspNetCore.Authentication.dll" to "/home/thomas/git/ribosoft/Ribosoft.Tests/bin/Debug/net8.0/refs/Microsoft.AspNetCore.Authentication.dll".
         Copying file from "/usr/lib/dotnet/packs/Microsoft.AspNetCore.App.Ref/8.0.17/ref/net8.0/Microsoft.AspNetCore.Authentication.OAuth.dll" to "/home/thomas/git/ribosoft/Ribosoft.Tests/bin/Debug/net8.0/refs/Microsoft.AspNetCore.Authentication.OAuth.dll".
         Copying file from "/usr/lib/dotnet/packs/Microsoft.AspNetCore.App.Ref/8.0.17/ref/net8.0/Microsoft.AspNetCore.Authorization.Policy.dll" to "/home/thomas/git/ribosoft/Ribosoft.Tests/bin/Debug/net8.0/refs/Microsoft.AspNetCore.Authorization.Policy.dll".
         Copying file from "/usr/lib/dotnet/packs/Microsoft.AspNetCore.App.Ref/8.0.17/ref/net8.0/Microsoft.AspNetCore.Components.Authorization.dll" to "/home/thomas/git/ribosoft/Ribosoft.Tests/bin/Debug/net8.0/refs/Microsoft.AspNetCore.Components.Authorization.dll".
         Copying file from "/usr/lib/dotnet/packs/Microsoft.AspNetCore.App.Ref/8.0.17/ref/net8.0/Microsoft.AspNetCore.Authorization.dll" to "/home/thomas/git/ribosoft/Ribosoft.Tests/bin/Debug/net8.0/refs/Microsoft.AspNetCore.Authorization.dll".
         Copying file from "/usr/lib/dotnet/packs/Microsoft.AspNetCore.App.Ref/8.0.17/ref/net8.0/Microsoft.AspNetCore.Components.dll" to "/home/thomas/git/ribosoft/Ribosoft.Tests/bin/Debug/net8.0/refs/Microsoft.AspNetCore.Components.dll".
         Copying file from "/usr/lib/dotnet/packs/Microsoft.AspNetCore.App.Ref/8.0.17/ref/net8.0/Microsoft.AspNetCore.Components.Endpoints.dll" to "/home/thomas/git/ribosoft/Ribosoft.Tests/bin/Debug/net8.0/refs/Microsoft.AspNetCore.Components.Endpoints.dll".
         Copying file from "/usr/lib/dotnet/packs/Microsoft.AspNetCore.App.Ref/8.0.17/ref/net8.0/Microsoft.AspNetCore.Components.Forms.dll" to "/home/thomas/git/ribosoft/Ribosoft.Tests/bin/Debug/net8.0/refs/Microsoft.AspNetCore.Components.Forms.dll".
         Copying file from "/usr/lib/dotnet/packs/Microsoft.AspNetCore.App.Ref/8.0.17/ref/net8.0/Microsoft.AspNetCore.Components.Server.dll" to "/home/thomas/git/ribosoft/Ribosoft.Tests/bin/Debug/net8.0/refs/Microsoft.AspNetCore.Components.Server.dll".
         Copying file from "/usr/lib/dotnet/packs/Microsoft.AspNetCore.App.Ref/8.0.17/ref/net8.0/Microsoft.AspNetCore.Components.Web.dll" to "/home/thomas/git/ribosoft/Ribosoft.Tests/bin/Debug/net8.0/refs/Microsoft.AspNetCore.Components.Web.dll".
         Copying file from "/usr/lib/dotnet/packs/Microsoft.AspNetCore.App.Ref/8.0.17/ref/net8.0/Microsoft.AspNetCore.Connections.Abstractions.dll" to "/home/thomas/git/ribosoft/Ribosoft.Tests/bin/Debug/net8.0/refs/Microsoft.AspNetCore.Connections.Abstractions.dll".
         Copying file from "/usr/lib/dotnet/packs/Microsoft.AspNetCore.App.Ref/8.0.17/ref/net8.0/Microsoft.AspNetCore.Cors.dll" to "/home/thomas/git/ribosoft/Ribosoft.Tests/bin/Debug/net8.0/refs/Microsoft.AspNetCore.Cors.dll".
         Copying file from "/usr/lib/dotnet/packs/Microsoft.AspNetCore.App.Ref/8.0.17/ref/net8.0/Microsoft.AspNetCore.CookiePolicy.dll" to "/home/thomas/git/ribosoft/Ribosoft.Tests/bin/Debug/net8.0/refs/Microsoft.AspNetCore.CookiePolicy.dll".
         Copying file from "/usr/lib/dotnet/packs/Microsoft.AspNetCore.App.Ref/8.0.17/ref/net8.0/Microsoft.AspNetCore.Cryptography.Internal.dll" to "/home/thomas/git/ribosoft/Ribosoft.Tests/bin/Debug/net8.0/refs/Microsoft.AspNetCore.Cryptography.Internal.dll".
         Copying file from "/usr/lib/dotnet/packs/Microsoft.AspNetCore.App.Ref/8.0.17/ref/net8.0/Microsoft.AspNetCore.DataProtection.Abstractions.dll" to "/home/thomas/git/ribosoft/Ribosoft.Tests/bin/Debug/net8.0/refs/Microsoft.AspNetCore.DataProtection.Abstractions.dll".
         Copying file from "/usr/lib/dotnet/packs/Microsoft.AspNetCore.App.Ref/8.0.17/ref/net8.0/Microsoft.AspNetCore.DataProtection.Extensions.dll" to "/home/thomas/git/ribosoft/Ribosoft.Tests/bin/Debug/net8.0/refs/Microsoft.AspNetCore.DataProtection.Extensions.dll".
         Copying file from "/usr/lib/dotnet/packs/Microsoft.AspNetCore.App.Ref/8.0.17/ref/net8.0/Microsoft.AspNetCore.DataProtection.dll" to "/home/thomas/git/ribosoft/Ribosoft.Tests/bin/Debug/net8.0/refs/Microsoft.AspNetCore.DataProtection.dll".
         Copying file from "/usr/lib/dotnet/packs/Microsoft.AspNetCore.App.Ref/8.0.17/ref/net8.0/Microsoft.AspNetCore.Cryptography.KeyDerivation.dll" to "/home/thomas/git/ribosoft/Ribosoft.Tests/bin/Debug/net8.0/refs/Microsoft.AspNetCore.Cryptography.KeyDerivation.dll".
         Copying file from "/usr/lib/dotnet/packs/Microsoft.AspNetCore.App.Ref/8.0.17/ref/net8.0/Microsoft.AspNetCore.Diagnostics.Abstractions.dll" to "/home/thomas/git/ribosoft/Ribosoft.Tests/bin/Debug/net8.0/refs/Microsoft.AspNetCore.Diagnostics.Abstractions.dll".
         Copying file from "/usr/lib/dotnet/packs/Microsoft.AspNetCore.App.Ref/8.0.17/ref/net8.0/Microsoft.AspNetCore.Diagnostics.dll" to "/home/thomas/git/ribosoft/Ribosoft.Tests/bin/Debug/net8.0/refs/Microsoft.AspNetCore.Diagnostics.dll".
         Copying file from "/usr/lib/dotnet/packs/Microsoft.AspNetCore.App.Ref/8.0.17/ref/net8.0/Microsoft.AspNetCore.dll" to "/home/thomas/git/ribosoft/Ribosoft.Tests/bin/Debug/net8.0/refs/Microsoft.AspNetCore.dll".
         Copying file from "/usr/lib/dotnet/packs/Microsoft.AspNetCore.App.Ref/8.0.17/ref/net8.0/Microsoft.AspNetCore.HostFiltering.dll" to "/home/thomas/git/ribosoft/Ribosoft.Tests/bin/Debug/net8.0/refs/Microsoft.AspNetCore.HostFiltering.dll".
         Copying file from "/usr/lib/dotnet/packs/Microsoft.AspNetCore.App.Ref/8.0.17/ref/net8.0/Microsoft.AspNetCore.Diagnostics.HealthChecks.dll" to "/home/thomas/git/ribosoft/Ribosoft.Tests/bin/Debug/net8.0/refs/Microsoft.AspNetCore.Diagnostics.HealthChecks.dll".
         Copying file from "/usr/lib/dotnet/packs/Microsoft.AspNetCore.App.Ref/8.0.17/ref/net8.0/Microsoft.AspNetCore.Hosting.Abstractions.dll" to "/home/thomas/git/ribosoft/Ribosoft.Tests/bin/Debug/net8.0/refs/Microsoft.AspNetCore.Hosting.Abstractions.dll".
         Copying file from "/usr/lib/dotnet/packs/Microsoft.AspNetCore.App.Ref/8.0.17/ref/net8.0/Microsoft.AspNetCore.Hosting.dll" to "/home/thomas/git/ribosoft/Ribosoft.Tests/bin/Debug/net8.0/refs/Microsoft.AspNetCore.Hosting.dll".
         Copying file from "/usr/lib/dotnet/packs/Microsoft.AspNetCore.App.Ref/8.0.17/ref/net8.0/Microsoft.AspNetCore.Hosting.Server.Abstractions.dll" to "/home/thomas/git/ribosoft/Ribosoft.Tests/bin/Debug/net8.0/refs/Microsoft.AspNetCore.Hosting.Server.Abstractions.dll".
         Copying file from "/usr/lib/dotnet/packs/Microsoft.AspNetCore.App.Ref/8.0.17/ref/net8.0/Microsoft.AspNetCore.Http.Connections.Common.dll" to "/home/thomas/git/ribosoft/Ribosoft.Tests/bin/Debug/net8.0/refs/Microsoft.AspNetCore.Http.Connections.Common.dll".
         Copying file from "/usr/lib/dotnet/packs/Microsoft.AspNetCore.App.Ref/8.0.17/ref/net8.0/Microsoft.AspNetCore.Html.Abstractions.dll" to "/home/thomas/git/ribosoft/Ribosoft.Tests/bin/Debug/net8.0/refs/Microsoft.AspNetCore.Html.Abstractions.dll".
         Copying file from "/usr/lib/dotnet/packs/Microsoft.AspNetCore.App.Ref/8.0.17/ref/net8.0/Microsoft.AspNetCore.Http.Abstractions.dll" to "/home/thomas/git/ribosoft/Ribosoft.Tests/bin/Debug/net8.0/refs/Microsoft.AspNetCore.Http.Abstractions.dll".
         Copying file from "/usr/lib/dotnet/packs/Microsoft.AspNetCore.App.Ref/8.0.17/ref/net8.0/Microsoft.AspNetCore.Http.Connections.dll" to "/home/thomas/git/ribosoft/Ribosoft.Tests/bin/Debug/net8.0/refs/Microsoft.AspNetCore.Http.Connections.dll".
         Copying file from "/usr/lib/dotnet/packs/Microsoft.AspNetCore.App.Ref/8.0.17/ref/net8.0/Microsoft.AspNetCore.Http.Extensions.dll" to "/home/thomas/git/ribosoft/Ribosoft.Tests/bin/Debug/net8.0/refs/Microsoft.AspNetCore.Http.Extensions.dll".
         Copying file from "/usr/lib/dotnet/packs/Microsoft.AspNetCore.App.Ref/8.0.17/ref/net8.0/Microsoft.AspNetCore.Http.dll" to "/home/thomas/git/ribosoft/Ribosoft.Tests/bin/Debug/net8.0/refs/Microsoft.AspNetCore.Http.dll".
         Copying file from "/usr/lib/dotnet/packs/Microsoft.AspNetCore.App.Ref/8.0.17/ref/net8.0/Microsoft.AspNetCore.Http.Features.dll" to "/home/thomas/git/ribosoft/Ribosoft.Tests/bin/Debug/net8.0/refs/Microsoft.AspNetCore.Http.Features.dll".
         Copying file from "/usr/lib/dotnet/packs/Microsoft.AspNetCore.App.Ref/8.0.17/ref/net8.0/Microsoft.AspNetCore.Http.Results.dll" to "/home/thomas/git/ribosoft/Ribosoft.Tests/bin/Debug/net8.0/refs/Microsoft.AspNetCore.Http.Results.dll".
         Copying file from "/usr/lib/dotnet/packs/Microsoft.AspNetCore.App.Ref/8.0.17/ref/net8.0/Microsoft.AspNetCore.HttpOverrides.dll" to "/home/thomas/git/ribosoft/Ribosoft.Tests/bin/Debug/net8.0/refs/Microsoft.AspNetCore.HttpOverrides.dll".
         Copying file from "/usr/lib/dotnet/packs/Microsoft.AspNetCore.App.Ref/8.0.17/ref/net8.0/Microsoft.AspNetCore.HttpLogging.dll" to "/home/thomas/git/ribosoft/Ribosoft.Tests/bin/Debug/net8.0/refs/Microsoft.AspNetCore.HttpLogging.dll".
         Copying file from "/usr/lib/dotnet/packs/Microsoft.AspNetCore.App.Ref/8.0.17/ref/net8.0/Microsoft.AspNetCore.Identity.dll" to "/home/thomas/git/ribosoft/Ribosoft.Tests/bin/Debug/net8.0/refs/Microsoft.AspNetCore.Identity.dll".
         Copying file from "/usr/lib/dotnet/packs/Microsoft.AspNetCore.App.Ref/8.0.17/ref/net8.0/Microsoft.AspNetCore.HttpsPolicy.dll" to "/home/thomas/git/ribosoft/Ribosoft.Tests/bin/Debug/net8.0/refs/Microsoft.AspNetCore.HttpsPolicy.dll".
         Copying file from "/usr/lib/dotnet/packs/Microsoft.AspNetCore.App.Ref/8.0.17/ref/net8.0/Microsoft.AspNetCore.Localization.dll" to "/home/thomas/git/ribosoft/Ribosoft.Tests/bin/Debug/net8.0/refs/Microsoft.AspNetCore.Localization.dll".
         Copying file from "/usr/lib/dotnet/packs/Microsoft.AspNetCore.App.Ref/8.0.17/ref/net8.0/Microsoft.AspNetCore.Localization.Routing.dll" to "/home/thomas/git/ribosoft/Ribosoft.Tests/bin/Debug/net8.0/refs/Microsoft.AspNetCore.Localization.Routing.dll".
         Copying file from "/usr/lib/dotnet/packs/Microsoft.AspNetCore.App.Ref/8.0.17/ref/net8.0/Microsoft.AspNetCore.Metadata.dll" to "/home/thomas/git/ribosoft/Ribosoft.Tests/bin/Debug/net8.0/refs/Microsoft.AspNetCore.Metadata.dll".
         Copying file from "/usr/lib/dotnet/packs/Microsoft.AspNetCore.App.Ref/8.0.17/ref/net8.0/Microsoft.AspNetCore.Mvc.Core.dll" to "/home/thomas/git/ribosoft/Ribosoft.Tests/bin/Debug/net8.0/refs/Microsoft.AspNetCore.Mvc.Core.dll".
         Copying file from "/usr/lib/dotnet/packs/Microsoft.AspNetCore.App.Ref/8.0.17/ref/net8.0/Microsoft.AspNetCore.Mvc.Abstractions.dll" to "/home/thomas/git/ribosoft/Ribosoft.Tests/bin/Debug/net8.0/refs/Microsoft.AspNetCore.Mvc.Abstractions.dll".
         Copying file from "/usr/lib/dotnet/packs/Microsoft.AspNetCore.App.Ref/8.0.17/ref/net8.0/Microsoft.AspNetCore.Mvc.Cors.dll" to "/home/thomas/git/ribosoft/Ribosoft.Tests/bin/Debug/net8.0/refs/Microsoft.AspNetCore.Mvc.Cors.dll".
         Copying file from "/usr/lib/dotnet/packs/Microsoft.AspNetCore.App.Ref/8.0.17/ref/net8.0/Microsoft.AspNetCore.Mvc.ApiExplorer.dll" to "/home/thomas/git/ribosoft/Ribosoft.Tests/bin/Debug/net8.0/refs/Microsoft.AspNetCore.Mvc.ApiExplorer.dll".
         Copying file from "/usr/lib/dotnet/packs/Microsoft.AspNetCore.App.Ref/8.0.17/ref/net8.0/Microsoft.AspNetCore.Mvc.DataAnnotations.dll" to "/home/thomas/git/ribosoft/Ribosoft.Tests/bin/Debug/net8.0/refs/Microsoft.AspNetCore.Mvc.DataAnnotations.dll".
         Copying file from "/usr/lib/dotnet/packs/Microsoft.AspNetCore.App.Ref/8.0.17/ref/net8.0/Microsoft.AspNetCore.Mvc.dll" to "/home/thomas/git/ribosoft/Ribosoft.Tests/bin/Debug/net8.0/refs/Microsoft.AspNetCore.Mvc.dll".
         Copying file from "/usr/lib/dotnet/packs/Microsoft.AspNetCore.App.Ref/8.0.17/ref/net8.0/Microsoft.AspNetCore.Mvc.Formatters.Json.dll" to "/home/thomas/git/ribosoft/Ribosoft.Tests/bin/Debug/net8.0/refs/Microsoft.AspNetCore.Mvc.Formatters.Json.dll".
         Copying file from "/usr/lib/dotnet/packs/Microsoft.AspNetCore.App.Ref/8.0.17/ref/net8.0/Microsoft.AspNetCore.Mvc.Formatters.Xml.dll" to "/home/thomas/git/ribosoft/Ribosoft.Tests/bin/Debug/net8.0/refs/Microsoft.AspNetCore.Mvc.Formatters.Xml.dll".
         Copying file from "/usr/lib/dotnet/packs/Microsoft.AspNetCore.App.Ref/8.0.17/ref/net8.0/Microsoft.AspNetCore.Mvc.Localization.dll" to "/home/thomas/git/ribosoft/Ribosoft.Tests/bin/Debug/net8.0/refs/Microsoft.AspNetCore.Mvc.Localization.dll".
         Copying file from "/usr/lib/dotnet/packs/Microsoft.AspNetCore.App.Ref/8.0.17/ref/net8.0/Microsoft.AspNetCore.Mvc.Razor.dll" to "/home/thomas/git/ribosoft/Ribosoft.Tests/bin/Debug/net8.0/refs/Microsoft.AspNetCore.Mvc.Razor.dll".
         Copying file from "/usr/lib/dotnet/packs/Microsoft.AspNetCore.App.Ref/8.0.17/ref/net8.0/Microsoft.AspNetCore.Mvc.RazorPages.dll" to "/home/thomas/git/ribosoft/Ribosoft.Tests/bin/Debug/net8.0/refs/Microsoft.AspNetCore.Mvc.RazorPages.dll".
         Copying file from "/usr/lib/dotnet/packs/Microsoft.AspNetCore.App.Ref/8.0.17/ref/net8.0/Microsoft.AspNetCore.Mvc.TagHelpers.dll" to "/home/thomas/git/ribosoft/Ribosoft.Tests/bin/Debug/net8.0/refs/Microsoft.AspNetCore.Mvc.TagHelpers.dll".
         Copying file from "/usr/lib/dotnet/packs/Microsoft.AspNetCore.App.Ref/8.0.17/ref/net8.0/Microsoft.AspNetCore.Mvc.ViewFeatures.dll" to "/home/thomas/git/ribosoft/Ribosoft.Tests/bin/Debug/net8.0/refs/Microsoft.AspNetCore.Mvc.ViewFeatures.dll".
         Copying file from "/usr/lib/dotnet/packs/Microsoft.AspNetCore.App.Ref/8.0.17/ref/net8.0/Microsoft.AspNetCore.OutputCaching.dll" to "/home/thomas/git/ribosoft/Ribosoft.Tests/bin/Debug/net8.0/refs/Microsoft.AspNetCore.OutputCaching.dll".
         Copying file from "/usr/lib/dotnet/packs/Microsoft.AspNetCore.App.Ref/8.0.17/ref/net8.0/Microsoft.AspNetCore.RateLimiting.dll" to "/home/thomas/git/ribosoft/Ribosoft.Tests/bin/Debug/net8.0/refs/Microsoft.AspNetCore.RateLimiting.dll".
         Copying file from "/usr/lib/dotnet/packs/Microsoft.AspNetCore.App.Ref/8.0.17/ref/net8.0/Microsoft.AspNetCore.Razor.dll" to "/home/thomas/git/ribosoft/Ribosoft.Tests/bin/Debug/net8.0/refs/Microsoft.AspNetCore.Razor.dll".
         Copying file from "/usr/lib/dotnet/packs/Microsoft.AspNetCore.App.Ref/8.0.17/ref/net8.0/Microsoft.AspNetCore.Razor.Runtime.dll" to "/home/thomas/git/ribosoft/Ribosoft.Tests/bin/Debug/net8.0/refs/Microsoft.AspNetCore.Razor.Runtime.dll".
         Copying file from "/usr/lib/dotnet/packs/Microsoft.AspNetCore.App.Ref/8.0.17/ref/net8.0/Microsoft.AspNetCore.RequestDecompression.dll" to "/home/thomas/git/ribosoft/Ribosoft.Tests/bin/Debug/net8.0/refs/Microsoft.AspNetCore.RequestDecompression.dll".
         Copying file from "/usr/lib/dotnet/packs/Microsoft.AspNetCore.App.Ref/8.0.17/ref/net8.0/Microsoft.AspNetCore.ResponseCaching.Abstractions.dll" to "/home/thomas/git/ribosoft/Ribosoft.Tests/bin/Debug/net8.0/refs/Microsoft.AspNetCore.ResponseCaching.Abstractions.dll".
         Copying file from "/usr/lib/dotnet/packs/Microsoft.AspNetCore.App.Ref/8.0.17/ref/net8.0/Microsoft.AspNetCore.ResponseCompression.dll" to "/home/thomas/git/ribosoft/Ribosoft.Tests/bin/Debug/net8.0/refs/Microsoft.AspNetCore.ResponseCompression.dll".
         Copying file from "/usr/lib/dotnet/packs/Microsoft.AspNetCore.App.Ref/8.0.17/ref/net8.0/Microsoft.AspNetCore.ResponseCaching.dll" to "/home/thomas/git/ribosoft/Ribosoft.Tests/bin/Debug/net8.0/refs/Microsoft.AspNetCore.ResponseCaching.dll".
         Copying file from "/usr/lib/dotnet/packs/Microsoft.AspNetCore.App.Ref/8.0.17/ref/net8.0/Microsoft.AspNetCore.Rewrite.dll" to "/home/thomas/git/ribosoft/Ribosoft.Tests/bin/Debug/net8.0/refs/Microsoft.AspNetCore.Rewrite.dll".
         Copying file from "/usr/lib/dotnet/packs/Microsoft.AspNetCore.App.Ref/8.0.17/ref/net8.0/Microsoft.AspNetCore.Routing.Abstractions.dll" to "/home/thomas/git/ribosoft/Ribosoft.Tests/bin/Debug/net8.0/refs/Microsoft.AspNetCore.Routing.Abstractions.dll".
         Copying file from "/usr/lib/dotnet/packs/Microsoft.AspNetCore.App.Ref/8.0.17/ref/net8.0/Microsoft.AspNetCore.Server.HttpSys.dll" to "/home/thomas/git/ribosoft/Ribosoft.Tests/bin/Debug/net8.0/refs/Microsoft.AspNetCore.Server.HttpSys.dll".
         Copying file from "/usr/lib/dotnet/packs/Microsoft.AspNetCore.App.Ref/8.0.17/ref/net8.0/Microsoft.AspNetCore.Routing.dll" to "/home/thomas/git/ribosoft/Ribosoft.Tests/bin/Debug/net8.0/refs/Microsoft.AspNetCore.Routing.dll".
         Copying file from "/usr/lib/dotnet/packs/Microsoft.AspNetCore.App.Ref/8.0.17/ref/net8.0/Microsoft.AspNetCore.Server.IIS.dll" to "/home/thomas/git/ribosoft/Ribosoft.Tests/bin/Debug/net8.0/refs/Microsoft.AspNetCore.Server.IIS.dll".
         Copying file from "/usr/lib/dotnet/packs/Microsoft.AspNetCore.App.Ref/8.0.17/ref/net8.0/Microsoft.AspNetCore.Server.IISIntegration.dll" to "/home/thomas/git/ribosoft/Ribosoft.Tests/bin/Debug/net8.0/refs/Microsoft.AspNetCore.Server.IISIntegration.dll".
         Copying file from "/usr/lib/dotnet/packs/Microsoft.AspNetCore.App.Ref/8.0.17/ref/net8.0/Microsoft.AspNetCore.Server.Kestrel.Core.dll" to "/home/thomas/git/ribosoft/Ribosoft.Tests/bin/Debug/net8.0/refs/Microsoft.AspNetCore.Server.Kestrel.Core.dll".
         Copying file from "/usr/lib/dotnet/packs/Microsoft.AspNetCore.App.Ref/8.0.17/ref/net8.0/Microsoft.AspNetCore.Server.Kestrel.dll" to "/home/thomas/git/ribosoft/Ribosoft.Tests/bin/Debug/net8.0/refs/Microsoft.AspNetCore.Server.Kestrel.dll".
         Copying file from "/usr/lib/dotnet/packs/Microsoft.AspNetCore.App.Ref/8.0.17/ref/net8.0/Microsoft.AspNetCore.Server.Kestrel.Transport.NamedPipes.dll" to "/home/thomas/git/ribosoft/Ribosoft.Tests/bin/Debug/net8.0/refs/Microsoft.AspNetCore.Server.Kestrel.Transport.NamedPipes.dll".
         Copying file from "/usr/lib/dotnet/packs/Microsoft.AspNetCore.App.Ref/8.0.17/ref/net8.0/Microsoft.AspNetCore.Server.Kestrel.Transport.Quic.dll" to "/home/thomas/git/ribosoft/Ribosoft.Tests/bin/Debug/net8.0/refs/Microsoft.AspNetCore.Server.Kestrel.Transport.Quic.dll".
         Copying file from "/usr/lib/dotnet/packs/Microsoft.AspNetCore.App.Ref/8.0.17/ref/net8.0/Microsoft.AspNetCore.Server.Kestrel.Transport.Sockets.dll" to "/home/thomas/git/ribosoft/Ribosoft.Tests/bin/Debug/net8.0/refs/Microsoft.AspNetCore.Server.Kestrel.Transport.Sockets.dll".
         Copying file from "/usr/lib/dotnet/packs/Microsoft.AspNetCore.App.Ref/8.0.17/ref/net8.0/Microsoft.AspNetCore.Session.dll" to "/home/thomas/git/ribosoft/Ribosoft.Tests/bin/Debug/net8.0/refs/Microsoft.AspNetCore.Session.dll".
         Copying file from "/usr/lib/dotnet/packs/Microsoft.AspNetCore.App.Ref/8.0.17/ref/net8.0/Microsoft.AspNetCore.SignalR.Common.dll" to "/home/thomas/git/ribosoft/Ribosoft.Tests/bin/Debug/net8.0/refs/Microsoft.AspNetCore.SignalR.Common.dll".
         Copying file from "/usr/lib/dotnet/packs/Microsoft.AspNetCore.App.Ref/8.0.17/ref/net8.0/Microsoft.AspNetCore.SignalR.Core.dll" to "/home/thomas/git/ribosoft/Ribosoft.Tests/bin/Debug/net8.0/refs/Microsoft.AspNetCore.SignalR.Core.dll".
         Copying file from "/usr/lib/dotnet/packs/Microsoft.AspNetCore.App.Ref/8.0.17/ref/net8.0/Microsoft.AspNetCore.SignalR.dll" to "/home/thomas/git/ribosoft/Ribosoft.Tests/bin/Debug/net8.0/refs/Microsoft.AspNetCore.SignalR.dll".
         Copying file from "/usr/lib/dotnet/packs/Microsoft.AspNetCore.App.Ref/8.0.17/ref/net8.0/Microsoft.AspNetCore.SignalR.Protocols.Json.dll" to "/home/thomas/git/ribosoft/Ribosoft.Tests/bin/Debug/net8.0/refs/Microsoft.AspNetCore.SignalR.Protocols.Json.dll".
         Copying file from "/usr/lib/dotnet/packs/Microsoft.AspNetCore.App.Ref/8.0.17/ref/net8.0/Microsoft.AspNetCore.StaticFiles.dll" to "/home/thomas/git/ribosoft/Ribosoft.Tests/bin/Debug/net8.0/refs/Microsoft.AspNetCore.StaticFiles.dll".
         Copying file from "/usr/lib/dotnet/packs/Microsoft.AspNetCore.App.Ref/8.0.17/ref/net8.0/Microsoft.AspNetCore.WebSockets.dll" to "/home/thomas/git/ribosoft/Ribosoft.Tests/bin/Debug/net8.0/refs/Microsoft.AspNetCore.WebSockets.dll".
         Copying file from "/usr/lib/dotnet/packs/Microsoft.AspNetCore.App.Ref/8.0.17/ref/net8.0/Microsoft.AspNetCore.WebUtilities.dll" to "/home/thomas/git/ribosoft/Ribosoft.Tests/bin/Debug/net8.0/refs/Microsoft.AspNetCore.WebUtilities.dll".
         Copying file from "/usr/lib/dotnet/packs/Microsoft.NETCore.App.Ref/8.0.17/ref/net8.0/Microsoft.CSharp.dll" to "/home/thomas/git/ribosoft/Ribosoft.Tests/bin/Debug/net8.0/refs/Microsoft.CSharp.dll".
         Copying file from "/usr/lib/dotnet/packs/Microsoft.AspNetCore.App.Ref/8.0.17/ref/net8.0/Microsoft.Extensions.Caching.Abstractions.dll" to "/home/thomas/git/ribosoft/Ribosoft.Tests/bin/Debug/net8.0/refs/Microsoft.Extensions.Caching.Abstractions.dll".
         Copying file from "/usr/lib/dotnet/packs/Microsoft.AspNetCore.App.Ref/8.0.17/ref/net8.0/Microsoft.Extensions.Caching.Memory.dll" to "/home/thomas/git/ribosoft/Ribosoft.Tests/bin/Debug/net8.0/refs/Microsoft.Extensions.Caching.Memory.dll".
         Copying file from "/usr/lib/dotnet/packs/Microsoft.AspNetCore.App.Ref/8.0.17/ref/net8.0/Microsoft.Extensions.Configuration.Abstractions.dll" to "/home/thomas/git/ribosoft/Ribosoft.Tests/bin/Debug/net8.0/refs/Microsoft.Extensions.Configuration.Abstractions.dll".
         Copying file from "/usr/lib/dotnet/packs/Microsoft.AspNetCore.App.Ref/8.0.17/ref/net8.0/Microsoft.Extensions.Configuration.Binder.dll" to "/home/thomas/git/ribosoft/Ribosoft.Tests/bin/Debug/net8.0/refs/Microsoft.Extensions.Configuration.Binder.dll".
         Copying file from "/usr/lib/dotnet/packs/Microsoft.AspNetCore.App.Ref/8.0.17/ref/net8.0/Microsoft.Extensions.Configuration.CommandLine.dll" to "/home/thomas/git/ribosoft/Ribosoft.Tests/bin/Debug/net8.0/refs/Microsoft.Extensions.Configuration.CommandLine.dll".
         Copying file from "/usr/lib/dotnet/packs/Microsoft.AspNetCore.App.Ref/8.0.17/ref/net8.0/Microsoft.Extensions.Configuration.dll" to "/home/thomas/git/ribosoft/Ribosoft.Tests/bin/Debug/net8.0/refs/Microsoft.Extensions.Configuration.dll".
         Copying file from "/usr/lib/dotnet/packs/Microsoft.AspNetCore.App.Ref/8.0.17/ref/net8.0/Microsoft.Extensions.Configuration.EnvironmentVariables.dll" to "/home/thomas/git/ribosoft/Ribosoft.Tests/bin/Debug/net8.0/refs/Microsoft.Extensions.Configuration.EnvironmentVariables.dll".
         Copying file from "/usr/lib/dotnet/packs/Microsoft.AspNetCore.App.Ref/8.0.17/ref/net8.0/Microsoft.Extensions.Configuration.FileExtensions.dll" to "/home/thomas/git/ribosoft/Ribosoft.Tests/bin/Debug/net8.0/refs/Microsoft.Extensions.Configuration.FileExtensions.dll".
         Copying file from "/usr/lib/dotnet/packs/Microsoft.AspNetCore.App.Ref/8.0.17/ref/net8.0/Microsoft.Extensions.Configuration.Json.dll" to "/home/thomas/git/ribosoft/Ribosoft.Tests/bin/Debug/net8.0/refs/Microsoft.Extensions.Configuration.Json.dll".
         Copying file from "/usr/lib/dotnet/packs/Microsoft.AspNetCore.App.Ref/8.0.17/ref/net8.0/Microsoft.Extensions.Configuration.KeyPerFile.dll" to "/home/thomas/git/ribosoft/Ribosoft.Tests/bin/Debug/net8.0/refs/Microsoft.Extensions.Configuration.KeyPerFile.dll".
         Copying file from "/usr/lib/dotnet/packs/Microsoft.AspNetCore.App.Ref/8.0.17/ref/net8.0/Microsoft.Extensions.Configuration.UserSecrets.dll" to "/home/thomas/git/ribosoft/Ribosoft.Tests/bin/Debug/net8.0/refs/Microsoft.Extensions.Configuration.UserSecrets.dll".
         Copying file from "/usr/lib/dotnet/packs/Microsoft.AspNetCore.App.Ref/8.0.17/ref/net8.0/Microsoft.Extensions.Configuration.Xml.dll" to "/home/thomas/git/ribosoft/Ribosoft.Tests/bin/Debug/net8.0/refs/Microsoft.Extensions.Configuration.Xml.dll".
         Copying file from "/usr/lib/dotnet/packs/Microsoft.AspNetCore.App.Ref/8.0.17/ref/net8.0/Microsoft.Extensions.DependencyInjection.dll" to "/home/thomas/git/ribosoft/Ribosoft.Tests/bin/Debug/net8.0/refs/Microsoft.Extensions.DependencyInjection.dll".
         Copying file from "/usr/lib/dotnet/packs/Microsoft.AspNetCore.App.Ref/8.0.17/ref/net8.0/Microsoft.Extensions.Configuration.Ini.dll" to "/home/thomas/git/ribosoft/Ribosoft.Tests/bin/Debug/net8.0/refs/Microsoft.Extensions.Configuration.Ini.dll".
         Copying file from "/usr/lib/dotnet/packs/Microsoft.AspNetCore.App.Ref/8.0.17/ref/net8.0/Microsoft.Extensions.Diagnostics.Abstractions.dll" to "/home/thomas/git/ribosoft/Ribosoft.Tests/bin/Debug/net8.0/refs/Microsoft.Extensions.Diagnostics.Abstractions.dll".
         Copying file from "/usr/lib/dotnet/packs/Microsoft.AspNetCore.App.Ref/8.0.17/ref/net8.0/Microsoft.Extensions.DependencyInjection.Abstractions.dll" to "/home/thomas/git/ribosoft/Ribosoft.Tests/bin/Debug/net8.0/refs/Microsoft.Extensions.DependencyInjection.Abstractions.dll".
         Copying file from "/usr/lib/dotnet/packs/Microsoft.AspNetCore.App.Ref/8.0.17/ref/net8.0/Microsoft.Extensions.Diagnostics.dll" to "/home/thomas/git/ribosoft/Ribosoft.Tests/bin/Debug/net8.0/refs/Microsoft.Extensions.Diagnostics.dll".
         Copying file from "/usr/lib/dotnet/packs/Microsoft.AspNetCore.App.Ref/8.0.17/ref/net8.0/Microsoft.Extensions.Diagnostics.HealthChecks.Abstractions.dll" to "/home/thomas/git/ribosoft/Ribosoft.Tests/bin/Debug/net8.0/refs/Microsoft.Extensions.Diagnostics.HealthChecks.Abstractions.dll".
         Copying file from "/usr/lib/dotnet/packs/Microsoft.AspNetCore.App.Ref/8.0.17/ref/net8.0/Microsoft.Extensions.Diagnostics.HealthChecks.dll" to "/home/thomas/git/ribosoft/Ribosoft.Tests/bin/Debug/net8.0/refs/Microsoft.Extensions.Diagnostics.HealthChecks.dll".
         Copying file from "/usr/lib/dotnet/packs/Microsoft.AspNetCore.App.Ref/8.0.17/ref/net8.0/Microsoft.Extensions.Features.dll" to "/home/thomas/git/ribosoft/Ribosoft.Tests/bin/Debug/net8.0/refs/Microsoft.Extensions.Features.dll".
         Copying file from "/usr/lib/dotnet/packs/Microsoft.AspNetCore.App.Ref/8.0.17/ref/net8.0/Microsoft.Extensions.FileProviders.Abstractions.dll" to "/home/thomas/git/ribosoft/Ribosoft.Tests/bin/Debug/net8.0/refs/Microsoft.Extensions.FileProviders.Abstractions.dll".
         Copying file from "/usr/lib/dotnet/packs/Microsoft.AspNetCore.App.Ref/8.0.17/ref/net8.0/Microsoft.Extensions.FileProviders.Composite.dll" to "/home/thomas/git/ribosoft/Ribosoft.Tests/bin/Debug/net8.0/refs/Microsoft.Extensions.FileProviders.Composite.dll".
         Copying file from "/usr/lib/dotnet/packs/Microsoft.AspNetCore.App.Ref/8.0.17/ref/net8.0/Microsoft.Extensions.FileProviders.Embedded.dll" to "/home/thomas/git/ribosoft/Ribosoft.Tests/bin/Debug/net8.0/refs/Microsoft.Extensions.FileProviders.Embedded.dll".
         Copying file from "/usr/lib/dotnet/packs/Microsoft.AspNetCore.App.Ref/8.0.17/ref/net8.0/Microsoft.Extensions.FileProviders.Physical.dll" to "/home/thomas/git/ribosoft/Ribosoft.Tests/bin/Debug/net8.0/refs/Microsoft.Extensions.FileProviders.Physical.dll".
         Copying file from "/usr/lib/dotnet/packs/Microsoft.AspNetCore.App.Ref/8.0.17/ref/net8.0/Microsoft.Extensions.Hosting.Abstractions.dll" to "/home/thomas/git/ribosoft/Ribosoft.Tests/bin/Debug/net8.0/refs/Microsoft.Extensions.Hosting.Abstractions.dll".
         Copying file from "/usr/lib/dotnet/packs/Microsoft.AspNetCore.App.Ref/8.0.17/ref/net8.0/Microsoft.Extensions.Http.dll" to "/home/thomas/git/ribosoft/Ribosoft.Tests/bin/Debug/net8.0/refs/Microsoft.Extensions.Http.dll".
         Copying file from "/usr/lib/dotnet/packs/Microsoft.AspNetCore.App.Ref/8.0.17/ref/net8.0/Microsoft.Extensions.FileSystemGlobbing.dll" to "/home/thomas/git/ribosoft/Ribosoft.Tests/bin/Debug/net8.0/refs/Microsoft.Extensions.FileSystemGlobbing.dll".
         Copying file from "/usr/lib/dotnet/packs/Microsoft.AspNetCore.App.Ref/8.0.17/ref/net8.0/Microsoft.Extensions.Identity.Core.dll" to "/home/thomas/git/ribosoft/Ribosoft.Tests/bin/Debug/net8.0/refs/Microsoft.Extensions.Identity.Core.dll".
         Copying file from "/usr/lib/dotnet/packs/Microsoft.AspNetCore.App.Ref/8.0.17/ref/net8.0/Microsoft.Extensions.Identity.Stores.dll" to "/home/thomas/git/ribosoft/Ribosoft.Tests/bin/Debug/net8.0/refs/Microsoft.Extensions.Identity.Stores.dll".
         Copying file from "/usr/lib/dotnet/packs/Microsoft.AspNetCore.App.Ref/8.0.17/ref/net8.0/Microsoft.Extensions.Localization.Abstractions.dll" to "/home/thomas/git/ribosoft/Ribosoft.Tests/bin/Debug/net8.0/refs/Microsoft.Extensions.Localization.Abstractions.dll".
         Copying file from "/usr/lib/dotnet/packs/Microsoft.AspNetCore.App.Ref/8.0.17/ref/net8.0/Microsoft.Extensions.Hosting.dll" to "/home/thomas/git/ribosoft/Ribosoft.Tests/bin/Debug/net8.0/refs/Microsoft.Extensions.Hosting.dll".
         Copying file from "/usr/lib/dotnet/packs/Microsoft.AspNetCore.App.Ref/8.0.17/ref/net8.0/Microsoft.Extensions.Localization.dll" to "/home/thomas/git/ribosoft/Ribosoft.Tests/bin/Debug/net8.0/refs/Microsoft.Extensions.Localization.dll".
         Copying file from "/usr/lib/dotnet/packs/Microsoft.AspNetCore.App.Ref/8.0.17/ref/net8.0/Microsoft.Extensions.Logging.Abstractions.dll" to "/home/thomas/git/ribosoft/Ribosoft.Tests/bin/Debug/net8.0/refs/Microsoft.Extensions.Logging.Abstractions.dll".
         Copying file from "/usr/lib/dotnet/packs/Microsoft.AspNetCore.App.Ref/8.0.17/ref/net8.0/Microsoft.Extensions.Logging.Console.dll" to "/home/thomas/git/ribosoft/Ribosoft.Tests/bin/Debug/net8.0/refs/Microsoft.Extensions.Logging.Console.dll".
         Copying file from "/usr/lib/dotnet/packs/Microsoft.AspNetCore.App.Ref/8.0.17/ref/net8.0/Microsoft.Extensions.Logging.Configuration.dll" to "/home/thomas/git/ribosoft/Ribosoft.Tests/bin/Debug/net8.0/refs/Microsoft.Extensions.Logging.Configuration.dll".
         Copying file from "/usr/lib/dotnet/packs/Microsoft.AspNetCore.App.Ref/8.0.17/ref/net8.0/Microsoft.Extensions.Logging.Debug.dll" to "/home/thomas/git/ribosoft/Ribosoft.Tests/bin/Debug/net8.0/refs/Microsoft.Extensions.Logging.Debug.dll".
         Copying file from "/usr/lib/dotnet/packs/Microsoft.AspNetCore.App.Ref/8.0.17/ref/net8.0/Microsoft.Extensions.Logging.dll" to "/home/thomas/git/ribosoft/Ribosoft.Tests/bin/Debug/net8.0/refs/Microsoft.Extensions.Logging.dll".
         Copying file from "/usr/lib/dotnet/packs/Microsoft.AspNetCore.App.Ref/8.0.17/ref/net8.0/Microsoft.Extensions.Logging.EventSource.dll" to "/home/thomas/git/ribosoft/Ribosoft.Tests/bin/Debug/net8.0/refs/Microsoft.Extensions.Logging.EventSource.dll".
         Copying file from "/usr/lib/dotnet/packs/Microsoft.AspNetCore.App.Ref/8.0.17/ref/net8.0/Microsoft.Extensions.Logging.EventLog.dll" to "/home/thomas/git/ribosoft/Ribosoft.Tests/bin/Debug/net8.0/refs/Microsoft.Extensions.Logging.EventLog.dll".
         Copying file from "/usr/lib/dotnet/packs/Microsoft.AspNetCore.App.Ref/8.0.17/ref/net8.0/Microsoft.Extensions.Logging.TraceSource.dll" to "/home/thomas/git/ribosoft/Ribosoft.Tests/bin/Debug/net8.0/refs/Microsoft.Extensions.Logging.TraceSource.dll".
         Copying file from "/usr/lib/dotnet/packs/Microsoft.AspNetCore.App.Ref/8.0.17/ref/net8.0/Microsoft.Extensions.Options.ConfigurationExtensions.dll" to "/home/thomas/git/ribosoft/Ribosoft.Tests/bin/Debug/net8.0/refs/Microsoft.Extensions.Options.ConfigurationExtensions.dll".
         Copying file from "/usr/lib/dotnet/packs/Microsoft.AspNetCore.App.Ref/8.0.17/ref/net8.0/Microsoft.Extensions.ObjectPool.dll" to "/home/thomas/git/ribosoft/Ribosoft.Tests/bin/Debug/net8.0/refs/Microsoft.Extensions.ObjectPool.dll".
         Copying file from "/usr/lib/dotnet/packs/Microsoft.AspNetCore.App.Ref/8.0.17/ref/net8.0/Microsoft.Extensions.Options.DataAnnotations.dll" to "/home/thomas/git/ribosoft/Ribosoft.Tests/bin/Debug/net8.0/refs/Microsoft.Extensions.Options.DataAnnotations.dll".
         Copying file from "/usr/lib/dotnet/packs/Microsoft.AspNetCore.App.Ref/8.0.17/ref/net8.0/Microsoft.Extensions.WebEncoders.dll" to "/home/thomas/git/ribosoft/Ribosoft.Tests/bin/Debug/net8.0/refs/Microsoft.Extensions.WebEncoders.dll".
         Copying file from "/usr/lib/dotnet/packs/Microsoft.AspNetCore.App.Ref/8.0.17/ref/net8.0/Microsoft.Extensions.Options.dll" to "/home/thomas/git/ribosoft/Ribosoft.Tests/bin/Debug/net8.0/refs/Microsoft.Extensions.Options.dll".
         Copying file from "/usr/lib/dotnet/packs/Microsoft.AspNetCore.App.Ref/8.0.17/ref/net8.0/Microsoft.JSInterop.dll" to "/home/thomas/git/ribosoft/Ribosoft.Tests/bin/Debug/net8.0/refs/Microsoft.JSInterop.dll".
         Copying file from "/usr/lib/dotnet/packs/Microsoft.AspNetCore.App.Ref/8.0.17/ref/net8.0/Microsoft.Extensions.Primitives.dll" to "/home/thomas/git/ribosoft/Ribosoft.Tests/bin/Debug/net8.0/refs/Microsoft.Extensions.Primitives.dll".
         Copying file from "/usr/lib/dotnet/packs/Microsoft.NETCore.App.Ref/8.0.17/ref/net8.0/Microsoft.VisualBasic.Core.dll" to "/home/thomas/git/ribosoft/Ribosoft.Tests/bin/Debug/net8.0/refs/Microsoft.VisualBasic.Core.dll".
         Copying file from "/usr/lib/dotnet/packs/Microsoft.AspNetCore.App.Ref/8.0.17/ref/net8.0/Microsoft.Net.Http.Headers.dll" to "/home/thomas/git/ribosoft/Ribosoft.Tests/bin/Debug/net8.0/refs/Microsoft.Net.Http.Headers.dll".
         Copying file from "/usr/lib/dotnet/packs/Microsoft.NETCore.App.Ref/8.0.17/ref/net8.0/Microsoft.VisualBasic.dll" to "/home/thomas/git/ribosoft/Ribosoft.Tests/bin/Debug/net8.0/refs/Microsoft.VisualBasic.dll".
         Copying file from "/usr/lib/dotnet/packs/Microsoft.NETCore.App.Ref/8.0.17/ref/net8.0/Microsoft.Win32.Primitives.dll" to "/home/thomas/git/ribosoft/Ribosoft.Tests/bin/Debug/net8.0/refs/Microsoft.Win32.Primitives.dll".
         Copying file from "/usr/lib/dotnet/packs/Microsoft.NETCore.App.Ref/8.0.17/ref/net8.0/Microsoft.Win32.Registry.dll" to "/home/thomas/git/ribosoft/Ribosoft.Tests/bin/Debug/net8.0/refs/Microsoft.Win32.Registry.dll".
         Copying file from "/usr/lib/dotnet/packs/Microsoft.NETCore.App.Ref/8.0.17/ref/net8.0/mscorlib.dll" to "/home/thomas/git/ribosoft/Ribosoft.Tests/bin/Debug/net8.0/refs/mscorlib.dll".
         Copying file from "/usr/lib/dotnet/packs/Microsoft.NETCore.App.Ref/8.0.17/ref/net8.0/netstandard.dll" to "/home/thomas/git/ribosoft/Ribosoft.Tests/bin/Debug/net8.0/refs/netstandard.dll".
         Copying file from "/usr/lib/dotnet/packs/Microsoft.NETCore.App.Ref/8.0.17/ref/net8.0/System.AppContext.dll" to "/home/thomas/git/ribosoft/Ribosoft.Tests/bin/Debug/net8.0/refs/System.AppContext.dll".
         Copying file from "/usr/lib/dotnet/packs/Microsoft.NETCore.App.Ref/8.0.17/ref/net8.0/System.Collections.Concurrent.dll" to "/home/thomas/git/ribosoft/Ribosoft.Tests/bin/Debug/net8.0/refs/System.Collections.Concurrent.dll".
         Copying file from "/usr/lib/dotnet/packs/Microsoft.NETCore.App.Ref/8.0.17/ref/net8.0/System.Collections.dll" to "/home/thomas/git/ribosoft/Ribosoft.Tests/bin/Debug/net8.0/refs/System.Collections.dll".
         Copying file from "/usr/lib/dotnet/packs/Microsoft.NETCore.App.Ref/8.0.17/ref/net8.0/System.Buffers.dll" to "/home/thomas/git/ribosoft/Ribosoft.Tests/bin/Debug/net8.0/refs/System.Buffers.dll".
         Copying file from "/usr/lib/dotnet/packs/Microsoft.NETCore.App.Ref/8.0.17/ref/net8.0/System.Collections.Immutable.dll" to "/home/thomas/git/ribosoft/Ribosoft.Tests/bin/Debug/net8.0/refs/System.Collections.Immutable.dll".
         Copying file from "/usr/lib/dotnet/packs/Microsoft.NETCore.App.Ref/8.0.17/ref/net8.0/System.Collections.NonGeneric.dll" to "/home/thomas/git/ribosoft/Ribosoft.Tests/bin/Debug/net8.0/refs/System.Collections.NonGeneric.dll".
         Copying file from "/usr/lib/dotnet/packs/Microsoft.NETCore.App.Ref/8.0.17/ref/net8.0/System.Collections.Specialized.dll" to "/home/thomas/git/ribosoft/Ribosoft.Tests/bin/Debug/net8.0/refs/System.Collections.Specialized.dll".
         Copying file from "/usr/lib/dotnet/packs/Microsoft.NETCore.App.Ref/8.0.17/ref/net8.0/System.ComponentModel.Annotations.dll" to "/home/thomas/git/ribosoft/Ribosoft.Tests/bin/Debug/net8.0/refs/System.ComponentModel.Annotations.dll".
         Copying file from "/usr/lib/dotnet/packs/Microsoft.NETCore.App.Ref/8.0.17/ref/net8.0/System.ComponentModel.DataAnnotations.dll" to "/home/thomas/git/ribosoft/Ribosoft.Tests/bin/Debug/net8.0/refs/System.ComponentModel.DataAnnotations.dll".
         Copying file from "/usr/lib/dotnet/packs/Microsoft.NETCore.App.Ref/8.0.17/ref/net8.0/System.ComponentModel.dll" to "/home/thomas/git/ribosoft/Ribosoft.Tests/bin/Debug/net8.0/refs/System.ComponentModel.dll".
         Copying file from "/usr/lib/dotnet/packs/Microsoft.NETCore.App.Ref/8.0.17/ref/net8.0/System.ComponentModel.EventBasedAsync.dll" to "/home/thomas/git/ribosoft/Ribosoft.Tests/bin/Debug/net8.0/refs/System.ComponentModel.EventBasedAsync.dll".
         Copying file from "/usr/lib/dotnet/packs/Microsoft.NETCore.App.Ref/8.0.17/ref/net8.0/System.ComponentModel.Primitives.dll" to "/home/thomas/git/ribosoft/Ribosoft.Tests/bin/Debug/net8.0/refs/System.ComponentModel.Primitives.dll".
         Copying file from "/usr/lib/dotnet/packs/Microsoft.NETCore.App.Ref/8.0.17/ref/net8.0/System.ComponentModel.TypeConverter.dll" to "/home/thomas/git/ribosoft/Ribosoft.Tests/bin/Debug/net8.0/refs/System.ComponentModel.TypeConverter.dll".
         Copying file from "/usr/lib/dotnet/packs/Microsoft.NETCore.App.Ref/8.0.17/ref/net8.0/System.Configuration.dll" to "/home/thomas/git/ribosoft/Ribosoft.Tests/bin/Debug/net8.0/refs/System.Configuration.dll".
         Copying file from "/usr/lib/dotnet/packs/Microsoft.NETCore.App.Ref/8.0.17/ref/net8.0/System.Console.dll" to "/home/thomas/git/ribosoft/Ribosoft.Tests/bin/Debug/net8.0/refs/System.Console.dll".
         Copying file from "/usr/lib/dotnet/packs/Microsoft.NETCore.App.Ref/8.0.17/ref/net8.0/System.Core.dll" to "/home/thomas/git/ribosoft/Ribosoft.Tests/bin/Debug/net8.0/refs/System.Core.dll".
         Copying file from "/usr/lib/dotnet/packs/Microsoft.NETCore.App.Ref/8.0.17/ref/net8.0/System.Data.Common.dll" to "/home/thomas/git/ribosoft/Ribosoft.Tests/bin/Debug/net8.0/refs/System.Data.Common.dll".
         Copying file from "/usr/lib/dotnet/packs/Microsoft.NETCore.App.Ref/8.0.17/ref/net8.0/System.Data.DataSetExtensions.dll" to "/home/thomas/git/ribosoft/Ribosoft.Tests/bin/Debug/net8.0/refs/System.Data.DataSetExtensions.dll".
         Copying file from "/usr/lib/dotnet/packs/Microsoft.NETCore.App.Ref/8.0.17/ref/net8.0/System.Data.dll" to "/home/thomas/git/ribosoft/Ribosoft.Tests/bin/Debug/net8.0/refs/System.Data.dll".
         Copying file from "/usr/lib/dotnet/packs/Microsoft.NETCore.App.Ref/8.0.17/ref/net8.0/System.Diagnostics.Contracts.dll" to "/home/thomas/git/ribosoft/Ribosoft.Tests/bin/Debug/net8.0/refs/System.Diagnostics.Contracts.dll".
         Copying file from "/usr/lib/dotnet/packs/Microsoft.NETCore.App.Ref/8.0.17/ref/net8.0/System.Diagnostics.Debug.dll" to "/home/thomas/git/ribosoft/Ribosoft.Tests/bin/Debug/net8.0/refs/System.Diagnostics.Debug.dll".
         Copying file from "/usr/lib/dotnet/packs/Microsoft.AspNetCore.App.Ref/8.0.17/ref/net8.0/System.Diagnostics.EventLog.dll" to "/home/thomas/git/ribosoft/Ribosoft.Tests/bin/Debug/net8.0/refs/System.Diagnostics.EventLog.dll".
         Copying file from "/usr/lib/dotnet/packs/Microsoft.NETCore.App.Ref/8.0.17/ref/net8.0/System.Diagnostics.DiagnosticSource.dll" to "/home/thomas/git/ribosoft/Ribosoft.Tests/bin/Debug/net8.0/refs/System.Diagnostics.DiagnosticSource.dll".
         Copying file from "/usr/lib/dotnet/packs/Microsoft.NETCore.App.Ref/8.0.17/ref/net8.0/System.Diagnostics.FileVersionInfo.dll" to "/home/thomas/git/ribosoft/Ribosoft.Tests/bin/Debug/net8.0/refs/System.Diagnostics.FileVersionInfo.dll".
         Copying file from "/usr/lib/dotnet/packs/Microsoft.NETCore.App.Ref/8.0.17/ref/net8.0/System.Diagnostics.Process.dll" to "/home/thomas/git/ribosoft/Ribosoft.Tests/bin/Debug/net8.0/refs/System.Diagnostics.Process.dll".
         Copying file from "/usr/lib/dotnet/packs/Microsoft.NETCore.App.Ref/8.0.17/ref/net8.0/System.Diagnostics.StackTrace.dll" to "/home/thomas/git/ribosoft/Ribosoft.Tests/bin/Debug/net8.0/refs/System.Diagnostics.StackTrace.dll".
         Copying file from "/usr/lib/dotnet/packs/Microsoft.NETCore.App.Ref/8.0.17/ref/net8.0/System.Diagnostics.TextWriterTraceListener.dll" to "/home/thomas/git/ribosoft/Ribosoft.Tests/bin/Debug/net8.0/refs/System.Diagnostics.TextWriterTraceListener.dll".
         Copying file from "/usr/lib/dotnet/packs/Microsoft.NETCore.App.Ref/8.0.17/ref/net8.0/System.Diagnostics.TraceSource.dll" to "/home/thomas/git/ribosoft/Ribosoft.Tests/bin/Debug/net8.0/refs/System.Diagnostics.TraceSource.dll".
         Copying file from "/usr/lib/dotnet/packs/Microsoft.NETCore.App.Ref/8.0.17/ref/net8.0/System.Diagnostics.Tools.dll" to "/home/thomas/git/ribosoft/Ribosoft.Tests/bin/Debug/net8.0/refs/System.Diagnostics.Tools.dll".
         Copying file from "/usr/lib/dotnet/packs/Microsoft.NETCore.App.Ref/8.0.17/ref/net8.0/System.Diagnostics.Tracing.dll" to "/home/thomas/git/ribosoft/Ribosoft.Tests/bin/Debug/net8.0/refs/System.Diagnostics.Tracing.dll".
         Copying file from "/usr/lib/dotnet/packs/Microsoft.NETCore.App.Ref/8.0.17/ref/net8.0/System.dll" to "/home/thomas/git/ribosoft/Ribosoft.Tests/bin/Debug/net8.0/refs/System.dll".
         Copying file from "/usr/lib/dotnet/packs/Microsoft.NETCore.App.Ref/8.0.17/ref/net8.0/System.Drawing.dll" to "/home/thomas/git/ribosoft/Ribosoft.Tests/bin/Debug/net8.0/refs/System.Drawing.dll".
         Copying file from "/usr/lib/dotnet/packs/Microsoft.NETCore.App.Ref/8.0.17/ref/net8.0/System.Drawing.Primitives.dll" to "/home/thomas/git/ribosoft/Ribosoft.Tests/bin/Debug/net8.0/refs/System.Drawing.Primitives.dll".
         Copying file from "/usr/lib/dotnet/packs/Microsoft.NETCore.App.Ref/8.0.17/ref/net8.0/System.Dynamic.Runtime.dll" to "/home/thomas/git/ribosoft/Ribosoft.Tests/bin/Debug/net8.0/refs/System.Dynamic.Runtime.dll".
         Copying file from "/usr/lib/dotnet/packs/Microsoft.NETCore.App.Ref/8.0.17/ref/net8.0/System.Formats.Asn1.dll" to "/home/thomas/git/ribosoft/Ribosoft.Tests/bin/Debug/net8.0/refs/System.Formats.Asn1.dll".
         Copying file from "/usr/lib/dotnet/packs/Microsoft.NETCore.App.Ref/8.0.17/ref/net8.0/System.Formats.Tar.dll" to "/home/thomas/git/ribosoft/Ribosoft.Tests/bin/Debug/net8.0/refs/System.Formats.Tar.dll".
         Copying file from "/usr/lib/dotnet/packs/Microsoft.NETCore.App.Ref/8.0.17/ref/net8.0/System.Globalization.Calendars.dll" to "/home/thomas/git/ribosoft/Ribosoft.Tests/bin/Debug/net8.0/refs/System.Globalization.Calendars.dll".
         Copying file from "/usr/lib/dotnet/packs/Microsoft.NETCore.App.Ref/8.0.17/ref/net8.0/System.Globalization.dll" to "/home/thomas/git/ribosoft/Ribosoft.Tests/bin/Debug/net8.0/refs/System.Globalization.dll".
         Copying file from "/usr/lib/dotnet/packs/Microsoft.NETCore.App.Ref/8.0.17/ref/net8.0/System.Globalization.Extensions.dll" to "/home/thomas/git/ribosoft/Ribosoft.Tests/bin/Debug/net8.0/refs/System.Globalization.Extensions.dll".
         Copying file from "/usr/lib/dotnet/packs/Microsoft.NETCore.App.Ref/8.0.17/ref/net8.0/System.IO.Compression.Brotli.dll" to "/home/thomas/git/ribosoft/Ribosoft.Tests/bin/Debug/net8.0/refs/System.IO.Compression.Brotli.dll".
         Copying file from "/usr/lib/dotnet/packs/Microsoft.NETCore.App.Ref/8.0.17/ref/net8.0/System.IO.Compression.dll" to "/home/thomas/git/ribosoft/Ribosoft.Tests/bin/Debug/net8.0/refs/System.IO.Compression.dll".
         Copying file from "/usr/lib/dotnet/packs/Microsoft.NETCore.App.Ref/8.0.17/ref/net8.0/System.IO.Compression.FileSystem.dll" to "/home/thomas/git/ribosoft/Ribosoft.Tests/bin/Debug/net8.0/refs/System.IO.Compression.FileSystem.dll".
         Copying file from "/usr/lib/dotnet/packs/Microsoft.NETCore.App.Ref/8.0.17/ref/net8.0/System.IO.Compression.ZipFile.dll" to "/home/thomas/git/ribosoft/Ribosoft.Tests/bin/Debug/net8.0/refs/System.IO.Compression.ZipFile.dll".
         Copying file from "/usr/lib/dotnet/packs/Microsoft.NETCore.App.Ref/8.0.17/ref/net8.0/System.IO.dll" to "/home/thomas/git/ribosoft/Ribosoft.Tests/bin/Debug/net8.0/refs/System.IO.dll".
         Copying file from "/usr/lib/dotnet/packs/Microsoft.NETCore.App.Ref/8.0.17/ref/net8.0/System.IO.FileSystem.dll" to "/home/thomas/git/ribosoft/Ribosoft.Tests/bin/Debug/net8.0/refs/System.IO.FileSystem.dll".
         Copying file from "/usr/lib/dotnet/packs/Microsoft.NETCore.App.Ref/8.0.17/ref/net8.0/System.IO.FileSystem.AccessControl.dll" to "/home/thomas/git/ribosoft/Ribosoft.Tests/bin/Debug/net8.0/refs/System.IO.FileSystem.AccessControl.dll".
         Copying file from "/usr/lib/dotnet/packs/Microsoft.NETCore.App.Ref/8.0.17/ref/net8.0/System.IO.FileSystem.DriveInfo.dll" to "/home/thomas/git/ribosoft/Ribosoft.Tests/bin/Debug/net8.0/refs/System.IO.FileSystem.DriveInfo.dll".
         Copying file from "/usr/lib/dotnet/packs/Microsoft.NETCore.App.Ref/8.0.17/ref/net8.0/System.IO.IsolatedStorage.dll" to "/home/thomas/git/ribosoft/Ribosoft.Tests/bin/Debug/net8.0/refs/System.IO.IsolatedStorage.dll".
         Copying file from "/usr/lib/dotnet/packs/Microsoft.NETCore.App.Ref/8.0.17/ref/net8.0/System.IO.FileSystem.Watcher.dll" to "/home/thomas/git/ribosoft/Ribosoft.Tests/bin/Debug/net8.0/refs/System.IO.FileSystem.Watcher.dll".
         Copying file from "/usr/lib/dotnet/packs/Microsoft.NETCore.App.Ref/8.0.17/ref/net8.0/System.IO.FileSystem.Primitives.dll" to "/home/thomas/git/ribosoft/Ribosoft.Tests/bin/Debug/net8.0/refs/System.IO.FileSystem.Primitives.dll".
         Copying file from "/usr/lib/dotnet/packs/Microsoft.NETCore.App.Ref/8.0.17/ref/net8.0/System.IO.MemoryMappedFiles.dll" to "/home/thomas/git/ribosoft/Ribosoft.Tests/bin/Debug/net8.0/refs/System.IO.MemoryMappedFiles.dll".
         Copying file from "/usr/lib/dotnet/packs/Microsoft.AspNetCore.App.Ref/8.0.17/ref/net8.0/System.IO.Pipelines.dll" to "/home/thomas/git/ribosoft/Ribosoft.Tests/bin/Debug/net8.0/refs/System.IO.Pipelines.dll".
         Copying file from "/usr/lib/dotnet/packs/Microsoft.NETCore.App.Ref/8.0.17/ref/net8.0/System.IO.Pipes.AccessControl.dll" to "/home/thomas/git/ribosoft/Ribosoft.Tests/bin/Debug/net8.0/refs/System.IO.Pipes.AccessControl.dll".
         Copying file from "/usr/lib/dotnet/packs/Microsoft.NETCore.App.Ref/8.0.17/ref/net8.0/System.IO.Pipes.dll" to "/home/thomas/git/ribosoft/Ribosoft.Tests/bin/Debug/net8.0/refs/System.IO.Pipes.dll".
         Copying file from "/usr/lib/dotnet/packs/Microsoft.NETCore.App.Ref/8.0.17/ref/net8.0/System.IO.UnmanagedMemoryStream.dll" to "/home/thomas/git/ribosoft/Ribosoft.Tests/bin/Debug/net8.0/refs/System.IO.UnmanagedMemoryStream.dll".
         Copying file from "/usr/lib/dotnet/packs/Microsoft.NETCore.App.Ref/8.0.17/ref/net8.0/System.Linq.Expressions.dll" to "/home/thomas/git/ribosoft/Ribosoft.Tests/bin/Debug/net8.0/refs/System.Linq.Expressions.dll".
         Copying file from "/usr/lib/dotnet/packs/Microsoft.NETCore.App.Ref/8.0.17/ref/net8.0/System.Memory.dll" to "/home/thomas/git/ribosoft/Ribosoft.Tests/bin/Debug/net8.0/refs/System.Memory.dll".
         Copying file from "/usr/lib/dotnet/packs/Microsoft.NETCore.App.Ref/8.0.17/ref/net8.0/System.Linq.Queryable.dll" to "/home/thomas/git/ribosoft/Ribosoft.Tests/bin/Debug/net8.0/refs/System.Linq.Queryable.dll".
         Copying file from "/usr/lib/dotnet/packs/Microsoft.NETCore.App.Ref/8.0.17/ref/net8.0/System.Net.dll" to "/home/thomas/git/ribosoft/Ribosoft.Tests/bin/Debug/net8.0/refs/System.Net.dll".
         Copying file from "/usr/lib/dotnet/packs/Microsoft.NETCore.App.Ref/8.0.17/ref/net8.0/System.Linq.dll" to "/home/thomas/git/ribosoft/Ribosoft.Tests/bin/Debug/net8.0/refs/System.Linq.dll".
         Copying file from "/usr/lib/dotnet/packs/Microsoft.NETCore.App.Ref/8.0.17/ref/net8.0/System.Linq.Parallel.dll" to "/home/thomas/git/ribosoft/Ribosoft.Tests/bin/Debug/net8.0/refs/System.Linq.Parallel.dll".
         Copying file from "/usr/lib/dotnet/packs/Microsoft.NETCore.App.Ref/8.0.17/ref/net8.0/System.Net.Http.dll" to "/home/thomas/git/ribosoft/Ribosoft.Tests/bin/Debug/net8.0/refs/System.Net.Http.dll".
         Copying file from "/usr/lib/dotnet/packs/Microsoft.NETCore.App.Ref/8.0.17/ref/net8.0/System.Net.Http.Json.dll" to "/home/thomas/git/ribosoft/Ribosoft.Tests/bin/Debug/net8.0/refs/System.Net.Http.Json.dll".
         Copying file from "/usr/lib/dotnet/packs/Microsoft.NETCore.App.Ref/8.0.17/ref/net8.0/System.Net.HttpListener.dll" to "/home/thomas/git/ribosoft/Ribosoft.Tests/bin/Debug/net8.0/refs/System.Net.HttpListener.dll".
         Copying file from "/usr/lib/dotnet/packs/Microsoft.NETCore.App.Ref/8.0.17/ref/net8.0/System.Net.Mail.dll" to "/home/thomas/git/ribosoft/Ribosoft.Tests/bin/Debug/net8.0/refs/System.Net.Mail.dll".
         Copying file from "/usr/lib/dotnet/packs/Microsoft.NETCore.App.Ref/8.0.17/ref/net8.0/System.Net.NetworkInformation.dll" to "/home/thomas/git/ribosoft/Ribosoft.Tests/bin/Debug/net8.0/refs/System.Net.NetworkInformation.dll".
         Copying file from "/usr/lib/dotnet/packs/Microsoft.NETCore.App.Ref/8.0.17/ref/net8.0/System.Net.NameResolution.dll" to "/home/thomas/git/ribosoft/Ribosoft.Tests/bin/Debug/net8.0/refs/System.Net.NameResolution.dll".
         Copying file from "/usr/lib/dotnet/packs/Microsoft.NETCore.App.Ref/8.0.17/ref/net8.0/System.Net.Ping.dll" to "/home/thomas/git/ribosoft/Ribosoft.Tests/bin/Debug/net8.0/refs/System.Net.Ping.dll".
         Copying file from "/usr/lib/dotnet/packs/Microsoft.NETCore.App.Ref/8.0.17/ref/net8.0/System.Net.Primitives.dll" to "/home/thomas/git/ribosoft/Ribosoft.Tests/bin/Debug/net8.0/refs/System.Net.Primitives.dll".
         Copying file from "/usr/lib/dotnet/packs/Microsoft.NETCore.App.Ref/8.0.17/ref/net8.0/System.Net.Requests.dll" to "/home/thomas/git/ribosoft/Ribosoft.Tests/bin/Debug/net8.0/refs/System.Net.Requests.dll".
         Copying file from "/usr/lib/dotnet/packs/Microsoft.NETCore.App.Ref/8.0.17/ref/net8.0/System.Net.Quic.dll" to "/home/thomas/git/ribosoft/Ribosoft.Tests/bin/Debug/net8.0/refs/System.Net.Quic.dll".
         Copying file from "/usr/lib/dotnet/packs/Microsoft.NETCore.App.Ref/8.0.17/ref/net8.0/System.Net.Security.dll" to "/home/thomas/git/ribosoft/Ribosoft.Tests/bin/Debug/net8.0/refs/System.Net.Security.dll".
         Copying file from "/usr/lib/dotnet/packs/Microsoft.NETCore.App.Ref/8.0.17/ref/net8.0/System.Net.ServicePoint.dll" to "/home/thomas/git/ribosoft/Ribosoft.Tests/bin/Debug/net8.0/refs/System.Net.ServicePoint.dll".
         Copying file from "/usr/lib/dotnet/packs/Microsoft.NETCore.App.Ref/8.0.17/ref/net8.0/System.Net.Sockets.dll" to "/home/thomas/git/ribosoft/Ribosoft.Tests/bin/Debug/net8.0/refs/System.Net.Sockets.dll".
         Copying file from "/usr/lib/dotnet/packs/Microsoft.NETCore.App.Ref/8.0.17/ref/net8.0/System.Net.WebClient.dll" to "/home/thomas/git/ribosoft/Ribosoft.Tests/bin/Debug/net8.0/refs/System.Net.WebClient.dll".
         Copying file from "/usr/lib/dotnet/packs/Microsoft.NETCore.App.Ref/8.0.17/ref/net8.0/System.Net.WebProxy.dll" to "/home/thomas/git/ribosoft/Ribosoft.Tests/bin/Debug/net8.0/refs/System.Net.WebProxy.dll".
         Copying file from "/usr/lib/dotnet/packs/Microsoft.NETCore.App.Ref/8.0.17/ref/net8.0/System.Net.WebHeaderCollection.dll" to "/home/thomas/git/ribosoft/Ribosoft.Tests/bin/Debug/net8.0/refs/System.Net.WebHeaderCollection.dll".
         Copying file from "/usr/lib/dotnet/packs/Microsoft.NETCore.App.Ref/8.0.17/ref/net8.0/System.Net.WebSockets.dll" to "/home/thomas/git/ribosoft/Ribosoft.Tests/bin/Debug/net8.0/refs/System.Net.WebSockets.dll".
         Copying file from "/usr/lib/dotnet/packs/Microsoft.NETCore.App.Ref/8.0.17/ref/net8.0/System.Numerics.dll" to "/home/thomas/git/ribosoft/Ribosoft.Tests/bin/Debug/net8.0/refs/System.Numerics.dll".
         Copying file from "/usr/lib/dotnet/packs/Microsoft.NETCore.App.Ref/8.0.17/ref/net8.0/System.Numerics.Vectors.dll" to "/home/thomas/git/ribosoft/Ribosoft.Tests/bin/Debug/net8.0/refs/System.Numerics.Vectors.dll".
         Copying file from "/usr/lib/dotnet/packs/Microsoft.NETCore.App.Ref/8.0.17/ref/net8.0/System.ObjectModel.dll" to "/home/thomas/git/ribosoft/Ribosoft.Tests/bin/Debug/net8.0/refs/System.ObjectModel.dll".
         Copying file from "/usr/lib/dotnet/packs/Microsoft.NETCore.App.Ref/8.0.17/ref/net8.0/System.Net.WebSockets.Client.dll" to "/home/thomas/git/ribosoft/Ribosoft.Tests/bin/Debug/net8.0/refs/System.Net.WebSockets.Client.dll".
         Copying file from "/usr/lib/dotnet/packs/Microsoft.NETCore.App.Ref/8.0.17/ref/net8.0/System.Reflection.DispatchProxy.dll" to "/home/thomas/git/ribosoft/Ribosoft.Tests/bin/Debug/net8.0/refs/System.Reflection.DispatchProxy.dll".
         Copying file from "/usr/lib/dotnet/packs/Microsoft.NETCore.App.Ref/8.0.17/ref/net8.0/System.Reflection.dll" to "/home/thomas/git/ribosoft/Ribosoft.Tests/bin/Debug/net8.0/refs/System.Reflection.dll".
         Copying file from "/usr/lib/dotnet/packs/Microsoft.NETCore.App.Ref/8.0.17/ref/net8.0/System.Reflection.Emit.dll" to "/home/thomas/git/ribosoft/Ribosoft.Tests/bin/Debug/net8.0/refs/System.Reflection.Emit.dll".
         Copying file from "/usr/lib/dotnet/packs/Microsoft.NETCore.App.Ref/8.0.17/ref/net8.0/System.Reflection.Emit.ILGeneration.dll" to "/home/thomas/git/ribosoft/Ribosoft.Tests/bin/Debug/net8.0/refs/System.Reflection.Emit.ILGeneration.dll".
         Copying file from "/usr/lib/dotnet/packs/Microsoft.NETCore.App.Ref/8.0.17/ref/net8.0/System.Reflection.Emit.Lightweight.dll" to "/home/thomas/git/ribosoft/Ribosoft.Tests/bin/Debug/net8.0/refs/System.Reflection.Emit.Lightweight.dll".
         Copying file from "/usr/lib/dotnet/packs/Microsoft.NETCore.App.Ref/8.0.17/ref/net8.0/System.Reflection.Extensions.dll" to "/home/thomas/git/ribosoft/Ribosoft.Tests/bin/Debug/net8.0/refs/System.Reflection.Extensions.dll".
         Copying file from "/usr/lib/dotnet/packs/Microsoft.NETCore.App.Ref/8.0.17/ref/net8.0/System.Reflection.Metadata.dll" to "/home/thomas/git/ribosoft/Ribosoft.Tests/bin/Debug/net8.0/refs/System.Reflection.Metadata.dll".
         Copying file from "/usr/lib/dotnet/packs/Microsoft.NETCore.App.Ref/8.0.17/ref/net8.0/System.Reflection.Primitives.dll" to "/home/thomas/git/ribosoft/Ribosoft.Tests/bin/Debug/net8.0/refs/System.Reflection.Primitives.dll".
         Copying file from "/usr/lib/dotnet/packs/Microsoft.NETCore.App.Ref/8.0.17/ref/net8.0/System.Reflection.TypeExtensions.dll" to "/home/thomas/git/ribosoft/Ribosoft.Tests/bin/Debug/net8.0/refs/System.Reflection.TypeExtensions.dll".
         Copying file from "/usr/lib/dotnet/packs/Microsoft.NETCore.App.Ref/8.0.17/ref/net8.0/System.Resources.Reader.dll" to "/home/thomas/git/ribosoft/Ribosoft.Tests/bin/Debug/net8.0/refs/System.Resources.Reader.dll".
         Copying file from "/usr/lib/dotnet/packs/Microsoft.NETCore.App.Ref/8.0.17/ref/net8.0/System.Resources.ResourceManager.dll" to "/home/thomas/git/ribosoft/Ribosoft.Tests/bin/Debug/net8.0/refs/System.Resources.ResourceManager.dll".
         Copying file from "/usr/lib/dotnet/packs/Microsoft.NETCore.App.Ref/8.0.17/ref/net8.0/System.Resources.Writer.dll" to "/home/thomas/git/ribosoft/Ribosoft.Tests/bin/Debug/net8.0/refs/System.Resources.Writer.dll".
         Copying file from "/usr/lib/dotnet/packs/Microsoft.NETCore.App.Ref/8.0.17/ref/net8.0/System.Runtime.CompilerServices.Unsafe.dll" to "/home/thomas/git/ribosoft/Ribosoft.Tests/bin/Debug/net8.0/refs/System.Runtime.CompilerServices.Unsafe.dll".
         Copying file from "/usr/lib/dotnet/packs/Microsoft.NETCore.App.Ref/8.0.17/ref/net8.0/System.Runtime.CompilerServices.VisualC.dll" to "/home/thomas/git/ribosoft/Ribosoft.Tests/bin/Debug/net8.0/refs/System.Runtime.CompilerServices.VisualC.dll".
         Copying file from "/usr/lib/dotnet/packs/Microsoft.NETCore.App.Ref/8.0.17/ref/net8.0/System.Runtime.dll" to "/home/thomas/git/ribosoft/Ribosoft.Tests/bin/Debug/net8.0/refs/System.Runtime.dll".
         Copying file from "/usr/lib/dotnet/packs/Microsoft.NETCore.App.Ref/8.0.17/ref/net8.0/System.Runtime.Extensions.dll" to "/home/thomas/git/ribosoft/Ribosoft.Tests/bin/Debug/net8.0/refs/System.Runtime.Extensions.dll".
         Copying file from "/usr/lib/dotnet/packs/Microsoft.NETCore.App.Ref/8.0.17/ref/net8.0/System.Runtime.Handles.dll" to "/home/thomas/git/ribosoft/Ribosoft.Tests/bin/Debug/net8.0/refs/System.Runtime.Handles.dll".
         Copying file from "/usr/lib/dotnet/packs/Microsoft.NETCore.App.Ref/8.0.17/ref/net8.0/System.Runtime.InteropServices.dll" to "/home/thomas/git/ribosoft/Ribosoft.Tests/bin/Debug/net8.0/refs/System.Runtime.InteropServices.dll".
         Copying file from "/usr/lib/dotnet/packs/Microsoft.NETCore.App.Ref/8.0.17/ref/net8.0/System.Runtime.InteropServices.JavaScript.dll" to "/home/thomas/git/ribosoft/Ribosoft.Tests/bin/Debug/net8.0/refs/System.Runtime.InteropServices.JavaScript.dll".
         Copying file from "/usr/lib/dotnet/packs/Microsoft.NETCore.App.Ref/8.0.17/ref/net8.0/System.Runtime.InteropServices.RuntimeInformation.dll" to "/home/thomas/git/ribosoft/Ribosoft.Tests/bin/Debug/net8.0/refs/System.Runtime.InteropServices.RuntimeInformation.dll".
         Copying file from "/usr/lib/dotnet/packs/Microsoft.NETCore.App.Ref/8.0.17/ref/net8.0/System.Runtime.Intrinsics.dll" to "/home/thomas/git/ribosoft/Ribosoft.Tests/bin/Debug/net8.0/refs/System.Runtime.Intrinsics.dll".
         Copying file from "/usr/lib/dotnet/packs/Microsoft.NETCore.App.Ref/8.0.17/ref/net8.0/System.Runtime.Loader.dll" to "/home/thomas/git/ribosoft/Ribosoft.Tests/bin/Debug/net8.0/refs/System.Runtime.Loader.dll".
         Copying file from "/usr/lib/dotnet/packs/Microsoft.NETCore.App.Ref/8.0.17/ref/net8.0/System.Runtime.Numerics.dll" to "/home/thomas/git/ribosoft/Ribosoft.Tests/bin/Debug/net8.0/refs/System.Runtime.Numerics.dll".
         Copying file from "/usr/lib/dotnet/packs/Microsoft.NETCore.App.Ref/8.0.17/ref/net8.0/System.Runtime.Serialization.dll" to "/home/thomas/git/ribosoft/Ribosoft.Tests/bin/Debug/net8.0/refs/System.Runtime.Serialization.dll".
         Copying file from "/usr/lib/dotnet/packs/Microsoft.NETCore.App.Ref/8.0.17/ref/net8.0/System.Runtime.Serialization.Formatters.dll" to "/home/thomas/git/ribosoft/Ribosoft.Tests/bin/Debug/net8.0/refs/System.Runtime.Serialization.Formatters.dll".
         Copying file from "/usr/lib/dotnet/packs/Microsoft.NETCore.App.Ref/8.0.17/ref/net8.0/System.Runtime.Serialization.Json.dll" to "/home/thomas/git/ribosoft/Ribosoft.Tests/bin/Debug/net8.0/refs/System.Runtime.Serialization.Json.dll".
         Copying file from "/usr/lib/dotnet/packs/Microsoft.NETCore.App.Ref/8.0.17/ref/net8.0/System.Runtime.Serialization.Primitives.dll" to "/home/thomas/git/ribosoft/Ribosoft.Tests/bin/Debug/net8.0/refs/System.Runtime.Serialization.Primitives.dll".
         Copying file from "/usr/lib/dotnet/packs/Microsoft.NETCore.App.Ref/8.0.17/ref/net8.0/System.Runtime.Serialization.Xml.dll" to "/home/thomas/git/ribosoft/Ribosoft.Tests/bin/Debug/net8.0/refs/System.Runtime.Serialization.Xml.dll".
         Copying file from "/usr/lib/dotnet/packs/Microsoft.NETCore.App.Ref/8.0.17/ref/net8.0/System.Security.AccessControl.dll" to "/home/thomas/git/ribosoft/Ribosoft.Tests/bin/Debug/net8.0/refs/System.Security.AccessControl.dll".
         Copying file from "/usr/lib/dotnet/packs/Microsoft.NETCore.App.Ref/8.0.17/ref/net8.0/System.Security.Cryptography.Algorithms.dll" to "/home/thomas/git/ribosoft/Ribosoft.Tests/bin/Debug/net8.0/refs/System.Security.Cryptography.Algorithms.dll".
         Copying file from "/usr/lib/dotnet/packs/Microsoft.NETCore.App.Ref/8.0.17/ref/net8.0/System.Security.Claims.dll" to "/home/thomas/git/ribosoft/Ribosoft.Tests/bin/Debug/net8.0/refs/System.Security.Claims.dll".
         Copying file from "/usr/lib/dotnet/packs/Microsoft.NETCore.App.Ref/8.0.17/ref/net8.0/System.Security.Cryptography.Cng.dll" to "/home/thomas/git/ribosoft/Ribosoft.Tests/bin/Debug/net8.0/refs/System.Security.Cryptography.Cng.dll".
         Copying file from "/usr/lib/dotnet/packs/Microsoft.NETCore.App.Ref/8.0.17/ref/net8.0/System.Security.Cryptography.dll" to "/home/thomas/git/ribosoft/Ribosoft.Tests/bin/Debug/net8.0/refs/System.Security.Cryptography.dll".
         Copying file from "/usr/lib/dotnet/packs/Microsoft.NETCore.App.Ref/8.0.17/ref/net8.0/System.Security.Cryptography.Encoding.dll" to "/home/thomas/git/ribosoft/Ribosoft.Tests/bin/Debug/net8.0/refs/System.Security.Cryptography.Encoding.dll".
         Copying file from "/usr/lib/dotnet/packs/Microsoft.NETCore.App.Ref/8.0.17/ref/net8.0/System.Security.Cryptography.OpenSsl.dll" to "/home/thomas/git/ribosoft/Ribosoft.Tests/bin/Debug/net8.0/refs/System.Security.Cryptography.OpenSsl.dll".
         Copying file from "/usr/lib/dotnet/packs/Microsoft.NETCore.App.Ref/8.0.17/ref/net8.0/System.Security.Cryptography.Csp.dll" to "/home/thomas/git/ribosoft/Ribosoft.Tests/bin/Debug/net8.0/refs/System.Security.Cryptography.Csp.dll".
         Copying file from "/usr/lib/dotnet/packs/Microsoft.NETCore.App.Ref/8.0.17/ref/net8.0/System.Security.Cryptography.Primitives.dll" to "/home/thomas/git/ribosoft/Ribosoft.Tests/bin/Debug/net8.0/refs/System.Security.Cryptography.Primitives.dll".
         Copying file from "/usr/lib/dotnet/packs/Microsoft.NETCore.App.Ref/8.0.17/ref/net8.0/System.Security.Cryptography.X509Certificates.dll" to "/home/thomas/git/ribosoft/Ribosoft.Tests/bin/Debug/net8.0/refs/System.Security.Cryptography.X509Certificates.dll".
         Copying file from "/usr/lib/dotnet/packs/Microsoft.NETCore.App.Ref/8.0.17/ref/net8.0/System.Security.Principal.dll" to "/home/thomas/git/ribosoft/Ribosoft.Tests/bin/Debug/net8.0/refs/System.Security.Principal.dll".
         Copying file from "/usr/lib/dotnet/packs/Microsoft.NETCore.App.Ref/8.0.17/ref/net8.0/System.Security.dll" to "/home/thomas/git/ribosoft/Ribosoft.Tests/bin/Debug/net8.0/refs/System.Security.dll".
         Copying file from "/usr/lib/dotnet/packs/Microsoft.AspNetCore.App.Ref/8.0.17/ref/net8.0/System.Security.Cryptography.Xml.dll" to "/home/thomas/git/ribosoft/Ribosoft.Tests/bin/Debug/net8.0/refs/System.Security.Cryptography.Xml.dll".
         Copying file from "/usr/lib/dotnet/packs/Microsoft.NETCore.App.Ref/8.0.17/ref/net8.0/System.Security.Principal.Windows.dll" to "/home/thomas/git/ribosoft/Ribosoft.Tests/bin/Debug/net8.0/refs/System.Security.Principal.Windows.dll".
         Copying file from "/usr/lib/dotnet/packs/Microsoft.NETCore.App.Ref/8.0.17/ref/net8.0/System.Security.SecureString.dll" to "/home/thomas/git/ribosoft/Ribosoft.Tests/bin/Debug/net8.0/refs/System.Security.SecureString.dll".
         Copying file from "/usr/lib/dotnet/packs/Microsoft.NETCore.App.Ref/8.0.17/ref/net8.0/System.ServiceModel.Web.dll" to "/home/thomas/git/ribosoft/Ribosoft.Tests/bin/Debug/net8.0/refs/System.ServiceModel.Web.dll".
         Copying file from "/usr/lib/dotnet/packs/Microsoft.NETCore.App.Ref/8.0.17/ref/net8.0/System.ServiceProcess.dll" to "/home/thomas/git/ribosoft/Ribosoft.Tests/bin/Debug/net8.0/refs/System.ServiceProcess.dll".
         Copying file from "/usr/lib/dotnet/packs/Microsoft.NETCore.App.Ref/8.0.17/ref/net8.0/System.Text.Encoding.CodePages.dll" to "/home/thomas/git/ribosoft/Ribosoft.Tests/bin/Debug/net8.0/refs/System.Text.Encoding.CodePages.dll".
         Copying file from "/usr/lib/dotnet/packs/Microsoft.NETCore.App.Ref/8.0.17/ref/net8.0/System.Text.Encoding.dll" to "/home/thomas/git/ribosoft/Ribosoft.Tests/bin/Debug/net8.0/refs/System.Text.Encoding.dll".
         Copying file from "/usr/lib/dotnet/packs/Microsoft.NETCore.App.Ref/8.0.17/ref/net8.0/System.Text.Encoding.Extensions.dll" to "/home/thomas/git/ribosoft/Ribosoft.Tests/bin/Debug/net8.0/refs/System.Text.Encoding.Extensions.dll".
         Copying file from "/usr/lib/dotnet/packs/Microsoft.NETCore.App.Ref/8.0.17/ref/net8.0/System.Text.Encodings.Web.dll" to "/home/thomas/git/ribosoft/Ribosoft.Tests/bin/Debug/net8.0/refs/System.Text.Encodings.Web.dll".
         Copying file from "/usr/lib/dotnet/packs/Microsoft.NETCore.App.Ref/8.0.17/ref/net8.0/System.Text.Json.dll" to "/home/thomas/git/ribosoft/Ribosoft.Tests/bin/Debug/net8.0/refs/System.Text.Json.dll".
         Copying file from "/usr/lib/dotnet/packs/Microsoft.NETCore.App.Ref/8.0.17/ref/net8.0/System.Text.RegularExpressions.dll" to "/home/thomas/git/ribosoft/Ribosoft.Tests/bin/Debug/net8.0/refs/System.Text.RegularExpressions.dll".
         Copying file from "/usr/lib/dotnet/packs/Microsoft.NETCore.App.Ref/8.0.17/ref/net8.0/System.Threading.Channels.dll" to "/home/thomas/git/ribosoft/Ribosoft.Tests/bin/Debug/net8.0/refs/System.Threading.Channels.dll".
         Copying file from "/usr/lib/dotnet/packs/Microsoft.NETCore.App.Ref/8.0.17/ref/net8.0/System.Threading.dll" to "/home/thomas/git/ribosoft/Ribosoft.Tests/bin/Debug/net8.0/refs/System.Threading.dll".
         Copying file from "/usr/lib/dotnet/packs/Microsoft.AspNetCore.App.Ref/8.0.17/ref/net8.0/System.Threading.RateLimiting.dll" to "/home/thomas/git/ribosoft/Ribosoft.Tests/bin/Debug/net8.0/refs/System.Threading.RateLimiting.dll".
         Copying file from "/usr/lib/dotnet/packs/Microsoft.NETCore.App.Ref/8.0.17/ref/net8.0/System.Threading.Overlapped.dll" to "/home/thomas/git/ribosoft/Ribosoft.Tests/bin/Debug/net8.0/refs/System.Threading.Overlapped.dll".
         Copying file from "/usr/lib/dotnet/packs/Microsoft.NETCore.App.Ref/8.0.17/ref/net8.0/System.Threading.Tasks.Dataflow.dll" to "/home/thomas/git/ribosoft/Ribosoft.Tests/bin/Debug/net8.0/refs/System.Threading.Tasks.Dataflow.dll".
         Copying file from "/usr/lib/dotnet/packs/Microsoft.NETCore.App.Ref/8.0.17/ref/net8.0/System.Threading.Tasks.dll" to "/home/thomas/git/ribosoft/Ribosoft.Tests/bin/Debug/net8.0/refs/System.Threading.Tasks.dll".
         Copying file from "/usr/lib/dotnet/packs/Microsoft.NETCore.App.Ref/8.0.17/ref/net8.0/System.Threading.Tasks.Extensions.dll" to "/home/thomas/git/ribosoft/Ribosoft.Tests/bin/Debug/net8.0/refs/System.Threading.Tasks.Extensions.dll".
         Copying file from "/usr/lib/dotnet/packs/Microsoft.NETCore.App.Ref/8.0.17/ref/net8.0/System.Threading.Thread.dll" to "/home/thomas/git/ribosoft/Ribosoft.Tests/bin/Debug/net8.0/refs/System.Threading.Thread.dll".
         Copying file from "/usr/lib/dotnet/packs/Microsoft.NETCore.App.Ref/8.0.17/ref/net8.0/System.Threading.Tasks.Parallel.dll" to "/home/thomas/git/ribosoft/Ribosoft.Tests/bin/Debug/net8.0/refs/System.Threading.Tasks.Parallel.dll".
         Copying file from "/usr/lib/dotnet/packs/Microsoft.NETCore.App.Ref/8.0.17/ref/net8.0/System.Threading.Timer.dll" to "/home/thomas/git/ribosoft/Ribosoft.Tests/bin/Debug/net8.0/refs/System.Threading.Timer.dll".
         Copying file from "/usr/lib/dotnet/packs/Microsoft.NETCore.App.Ref/8.0.17/ref/net8.0/System.Transactions.dll" to "/home/thomas/git/ribosoft/Ribosoft.Tests/bin/Debug/net8.0/refs/System.Transactions.dll".
         Copying file from "/usr/lib/dotnet/packs/Microsoft.NETCore.App.Ref/8.0.17/ref/net8.0/System.Threading.ThreadPool.dll" to "/home/thomas/git/ribosoft/Ribosoft.Tests/bin/Debug/net8.0/refs/System.Threading.ThreadPool.dll".
         Copying file from "/usr/lib/dotnet/packs/Microsoft.NETCore.App.Ref/8.0.17/ref/net8.0/System.Transactions.Local.dll" to "/home/thomas/git/ribosoft/Ribosoft.Tests/bin/Debug/net8.0/refs/System.Transactions.Local.dll".
         Copying file from "/usr/lib/dotnet/packs/Microsoft.NETCore.App.Ref/8.0.17/ref/net8.0/System.ValueTuple.dll" to "/home/thomas/git/ribosoft/Ribosoft.Tests/bin/Debug/net8.0/refs/System.ValueTuple.dll".
         Copying file from "/usr/lib/dotnet/packs/Microsoft.NETCore.App.Ref/8.0.17/ref/net8.0/System.Web.dll" to "/home/thomas/git/ribosoft/Ribosoft.Tests/bin/Debug/net8.0/refs/System.Web.dll".
         Copying file from "/usr/lib/dotnet/packs/Microsoft.NETCore.App.Ref/8.0.17/ref/net8.0/System.Web.HttpUtility.dll" to "/home/thomas/git/ribosoft/Ribosoft.Tests/bin/Debug/net8.0/refs/System.Web.HttpUtility.dll".
         Copying file from "/usr/lib/dotnet/packs/Microsoft.NETCore.App.Ref/8.0.17/ref/net8.0/System.Windows.dll" to "/home/thomas/git/ribosoft/Ribosoft.Tests/bin/Debug/net8.0/refs/System.Windows.dll".
         Copying file from "/usr/lib/dotnet/packs/Microsoft.NETCore.App.Ref/8.0.17/ref/net8.0/System.Xml.Serialization.dll" to "/home/thomas/git/ribosoft/Ribosoft.Tests/bin/Debug/net8.0/refs/System.Xml.Serialization.dll".
         Copying file from "/usr/lib/dotnet/packs/Microsoft.NETCore.App.Ref/8.0.17/ref/net8.0/System.Xml.dll" to "/home/thomas/git/ribosoft/Ribosoft.Tests/bin/Debug/net8.0/refs/System.Xml.dll".
         Copying file from "/usr/lib/dotnet/packs/Microsoft.NETCore.App.Ref/8.0.17/ref/net8.0/System.Xml.Linq.dll" to "/home/thomas/git/ribosoft/Ribosoft.Tests/bin/Debug/net8.0/refs/System.Xml.Linq.dll".
         Copying file from "/usr/lib/dotnet/packs/Microsoft.NETCore.App.Ref/8.0.17/ref/net8.0/System.Xml.XmlDocument.dll" to "/home/thomas/git/ribosoft/Ribosoft.Tests/bin/Debug/net8.0/refs/System.Xml.XmlDocument.dll".
         Copying file from "/usr/lib/dotnet/packs/Microsoft.NETCore.App.Ref/8.0.17/ref/net8.0/System.Xml.XmlSerializer.dll" to "/home/thomas/git/ribosoft/Ribosoft.Tests/bin/Debug/net8.0/refs/System.Xml.XmlSerializer.dll".
         Copying file from "/usr/lib/dotnet/packs/Microsoft.NETCore.App.Ref/8.0.17/ref/net8.0/System.Xml.ReaderWriter.dll" to "/home/thomas/git/ribosoft/Ribosoft.Tests/bin/Debug/net8.0/refs/System.Xml.ReaderWriter.dll".
         Copying file from "/usr/lib/dotnet/packs/Microsoft.NETCore.App.Ref/8.0.17/ref/net8.0/WindowsBase.dll" to "/home/thomas/git/ribosoft/Ribosoft.Tests/bin/Debug/net8.0/refs/WindowsBase.dll".
         Copying file from "/usr/lib/dotnet/packs/Microsoft.NETCore.App.Ref/8.0.17/ref/net8.0/System.Xml.XPath.dll" to "/home/thomas/git/ribosoft/Ribosoft.Tests/bin/Debug/net8.0/refs/System.Xml.XPath.dll".
         Copying file from "/usr/lib/dotnet/packs/Microsoft.NETCore.App.Ref/8.0.17/ref/net8.0/System.Xml.XDocument.dll" to "/home/thomas/git/ribosoft/Ribosoft.Tests/bin/Debug/net8.0/refs/System.Xml.XDocument.dll".
         Copying file from "/usr/lib/dotnet/packs/Microsoft.NETCore.App.Ref/8.0.17/ref/net8.0/System.Xml.XPath.XDocument.dll" to "/home/thomas/git/ribosoft/Ribosoft.Tests/bin/Debug/net8.0/refs/System.Xml.XPath.XDocument.dll".
       _MvcCopyDependencyFiles:
         Copying file from "/home/thomas/git/ribosoft/Ribosoft/bin/Debug/net8.0/Ribosoft.deps.json" to "/home/thomas/git/ribosoft/Ribosoft.Tests/bin/Debug/net8.0/Ribosoft.deps.json".
     3>Done Building Project "/home/thomas/git/ribosoft/Ribosoft.Tests/Ribosoft.Tests.csproj" (default targets).
     1>Done Building Project "/home/thomas/git/ribosoft/Ribosoft.sln" (default targets).

Build succeeded.

       "/home/thomas/git/ribosoft/Ribosoft.sln" (default target) (1:2) ->
       "/home/thomas/git/ribosoft/Ribosoft/Ribosoft.csproj" (default target) (4:7) ->
       (CoreCompile target) -> 
         /home/thomas/git/ribosoft/Ribosoft/Controllers/AccountController.cs(386,111): warning CS8625: Cannot convert null literal to non-nullable reference type. [/home/thomas/git/ribosoft/Ribosoft/Ribosoft.csproj]
         /home/thomas/git/ribosoft/Ribosoft/Controllers/AccountController.cs(542,58): warning CS8625: Cannot convert null literal to non-nullable reference type. [/home/thomas/git/ribosoft/Ribosoft/Ribosoft.csproj]
         /home/thomas/git/ribosoft/Ribosoft/Views/Manage/ManageNavPages.cs(35,20): warning CS8603: Possible null reference return. [/home/thomas/git/ribosoft/Ribosoft/Ribosoft.csproj]
         /home/thomas/git/ribosoft/Ribosoft/Controllers/ManageController.cs(104,28): warning CS8601: Possible null reference assignment. [/home/thomas/git/ribosoft/Ribosoft/Ribosoft.csproj]
         /home/thomas/git/ribosoft/Ribosoft/Controllers/ManageController.cs(105,25): warning CS8601: Possible null reference assignment. [/home/thomas/git/ribosoft/Ribosoft/Ribosoft.csproj]
         /home/thomas/git/ribosoft/Ribosoft/Controllers/ManageController.cs(106,31): warning CS8601: Possible null reference assignment. [/home/thomas/git/ribosoft/Ribosoft/Ribosoft.csproj]
         /home/thomas/git/ribosoft/Ribosoft/Blast/Blaster.cs(105,34): warning CS8600: Converting null literal or possible null value to non-nullable type. [/home/thomas/git/ribosoft/Ribosoft/Ribosoft.csproj]
         /home/thomas/git/ribosoft/Ribosoft/Controllers/ManageController.cs(181,59): warning CS8604: Possible null reference argument for parameter 'email' in 'Task EmailSenderExtensions.SendEmailConfirmationAsync(IEmailSender emailSender, string email, string link)'. [/home/thomas/git/ribosoft/Ribosoft/Ribosoft.csproj]
         /home/thomas/git/ribosoft/Ribosoft/Program.cs(78,39): warning CS0618: 'PostgreSqlBootstrapperConfigurationExtensions.UsePostgreSqlStorage(IGlobalConfiguration, string, PostgreSqlStorageOptions)' is obsolete: 'Will be removed in 2.0. Please use UsePostgreSqlStorage(Action<PostgreSqlBootstrapperOptions>) overload.' [/home/thomas/git/ribosoft/Ribosoft/Ribosoft.csproj]
         /home/thomas/git/ribosoft/Ribosoft/CandidateGeneration/CandidateGeneration.cs(526,77): warning CS8629: Nullable value type may be null. [/home/thomas/git/ribosoft/Ribosoft/Ribosoft.csproj]
         /home/thomas/git/ribosoft/Ribosoft/CandidateGeneration/CandidateGeneration.cs(529,72): warning CS8629: Nullable value type may be null. [/home/thomas/git/ribosoft/Ribosoft/Ribosoft.csproj]
         /home/thomas/git/ribosoft/Ribosoft/CandidateGeneration/CandidateGeneration.cs(546,100): warning CS8629: Nullable value type may be null. [/home/thomas/git/ribosoft/Ribosoft/Ribosoft.csproj]
         /home/thomas/git/ribosoft/Ribosoft/Controllers/RibozymeStructuresController.cs(220,48): warning CS8604: Possible null reference argument for parameter 'entity' in 'EntityEntry<RibozymeStructure> DbSet<RibozymeStructure>.Remove(RibozymeStructure entity)'. [/home/thomas/git/ribosoft/Ribosoft/Ribosoft.csproj]
         /home/thomas/git/ribosoft/Ribosoft/Extensions/UrlHelperExtensions.cs(14,20): warning CS8603: Possible null reference return. [/home/thomas/git/ribosoft/Ribosoft/Ribosoft.csproj]
         /home/thomas/git/ribosoft/Ribosoft/Extensions/UrlHelperExtensions.cs(23,20): warning CS8603: Possible null reference return. [/home/thomas/git/ribosoft/Ribosoft/Ribosoft.csproj]
         /home/thomas/git/ribosoft/Ribosoft/CandidateGeneration/CandidateGeneration.cs(711,46): warning CS8602: Dereference of a possibly null reference. [/home/thomas/git/ribosoft/Ribosoft/Ribosoft.csproj]
         /home/thomas/git/ribosoft/Ribosoft/CandidateGeneration/CandidateGeneration.cs(726,40): warning CS8602: Dereference of a possibly null reference. [/home/thomas/git/ribosoft/Ribosoft/Ribosoft.csproj]
         /home/thomas/git/ribosoft/Ribosoft/RibosoftAlgo/RibosoftAlgo.cs(157,40): warning CS8600: Converting null literal or possible null value to non-nullable type. [/home/thomas/git/ribosoft/Ribosoft/Ribosoft.csproj]
         /home/thomas/git/ribosoft/Ribosoft/RibosoftAlgo/RibosoftAlgo.cs(158,41): warning CS8600: Converting null literal or possible null value to non-nullable type. [/home/thomas/git/ribosoft/Ribosoft/Ribosoft.csproj]
         /home/thomas/git/ribosoft/Ribosoft/RibosoftAlgo/RibosoftAlgo.cs(159,75): warning CS8602: Dereference of a possibly null reference. [/home/thomas/git/ribosoft/Ribosoft/Ribosoft.csproj]
         /home/thomas/git/ribosoft/Ribosoft/RibosoftAlgo/RibosoftAlgo.cs(161,64): warning CS8604: Possible null reference argument for parameter 'substrateStructure' in 'R_STATUS RibosoftAlgo.accessibility(string substrateSequence, string substrateStructure, string foldedStructure, float na_concentration, float probe_concentration, float targetTemperature, out float score)'. [/home/thomas/git/ribosoft/Ribosoft/Ribosoft.csproj]
         /home/thomas/git/ribosoft/Ribosoft/Extensions/HtmlHelperExtensions.cs(60,40): warning CS8602: Dereference of a possibly null reference. [/home/thomas/git/ribosoft/Ribosoft/Ribosoft.csproj]
         /home/thomas/git/ribosoft/Ribosoft/Extensions/HtmlHelperExtensions.cs(60,40): warning CS8600: Converting null literal or possible null value to non-nullable type. [/home/thomas/git/ribosoft/Ribosoft/Ribosoft.csproj]
         /home/thomas/git/ribosoft/Ribosoft/Extensions/HtmlHelperExtensions.cs(61,36): warning CS8602: Dereference of a possibly null reference. [/home/thomas/git/ribosoft/Ribosoft/Ribosoft.csproj]
         /home/thomas/git/ribosoft/Ribosoft/Extensions/HtmlHelperExtensions.cs(61,36): warning CS8600: Converting null literal or possible null value to non-nullable type. [/home/thomas/git/ribosoft/Ribosoft/Ribosoft.csproj]
         /home/thomas/git/ribosoft/Ribosoft/Extensions/HtmlHelperExtensions.cs(63,83): warning CS8602: Dereference of a possibly null reference. [/home/thomas/git/ribosoft/Ribosoft/Ribosoft.csproj]
         /home/thomas/git/ribosoft/Ribosoft/Extensions/HtmlHelperExtensions.cs(68,75): warning CS8602: Dereference of a possibly null reference. [/home/thomas/git/ribosoft/Ribosoft/Ribosoft.csproj]
         /home/thomas/git/ribosoft/Ribosoft/Extensions/HtmlHelperExtensions.cs(76,21): warning CS8602: Dereference of a possibly null reference. [/home/thomas/git/ribosoft/Ribosoft/Ribosoft.csproj]
         /home/thomas/git/ribosoft/Ribosoft/RibosoftAlgo/RibosoftAlgo.cs(239,35): warning CS8600: Converting null literal or possible null value to non-nullable type. [/home/thomas/git/ribosoft/Ribosoft/Ribosoft.csproj]
         /home/thomas/git/ribosoft/Ribosoft/RibosoftAlgo/RibosoftAlgo.cs(242,20): warning CS8603: Possible null reference return. [/home/thomas/git/ribosoft/Ribosoft/Ribosoft.csproj]
         /home/thomas/git/ribosoft/Ribosoft/CandidateGeneration/CandidateGeneration.cs(810,60): warning CS8604: Possible null reference argument for parameter 'otherSequence' in 'Sequence.Sequence(Sequence otherSequence)'. [/home/thomas/git/ribosoft/Ribosoft/Ribosoft.csproj]
         /home/thomas/git/ribosoft/Ribosoft/Extensions/HtmlHelperExtensions.cs(93,49): warning CS8602: Dereference of a possibly null reference. [/home/thomas/git/ribosoft/Ribosoft/Ribosoft.csproj]
         /home/thomas/git/ribosoft/Ribosoft/Controllers/RibozymesController.cs(216,39): warning CS8604: Possible null reference argument for parameter 'entity' in 'EntityEntry<Ribozyme> DbSet<Ribozyme>.Remove(Ribozyme entity)'. [/home/thomas/git/ribosoft/Ribosoft/Ribosoft.csproj]
         /home/thomas/git/ribosoft/Ribosoft/Jobs/UpdateAssemblyDatabase.cs(48,68): warning CS8604: Possible null reference argument for parameter 'path' in 'IList<Database> Blaster.GetAvailableDatabases(string path)'. [/home/thomas/git/ribosoft/Ribosoft/Ribosoft.csproj]
         /home/thomas/git/ribosoft/Ribosoft/Controllers/ManageController.cs(523,42): warning CS8604: Possible null reference argument for parameter 'source' in 'string[] Enumerable.ToArray<string>(IEnumerable<string> source)'. [/home/thomas/git/ribosoft/Ribosoft/Ribosoft.csproj]
         /home/thomas/git/ribosoft/Ribosoft/Controllers/ManageController.cs(535,33): warning CS8600: Converting null literal or possible null value to non-nullable type. [/home/thomas/git/ribosoft/Ribosoft/Ribosoft.csproj]
         /home/thomas/git/ribosoft/Ribosoft/Jobs/ServiceProviderActivator.cs(36,20): warning CS8603: Possible null reference return. [/home/thomas/git/ribosoft/Ribosoft/Ribosoft.csproj]
         /home/thomas/git/ribosoft/Ribosoft/Jobs/GenerateCandidates.cs(76,16): warning CS8618: Non-nullable property 'RNAStructure' must contain a non-null value when exiting constructor. Consider declaring the property as nullable. [/home/thomas/git/ribosoft/Ribosoft/Ribosoft.csproj]
         /home/thomas/git/ribosoft/Ribosoft/Controllers/ManageController.cs(619,74): warning CS8604: Possible null reference argument for parameter 'source' in 'string[] Enumerable.ToArray<string>(IEnumerable<string> source)'. [/home/thomas/git/ribosoft/Ribosoft/Ribosoft.csproj]
         /home/thomas/git/ribosoft/Ribosoft/Controllers/ManageController.cs(689,41): warning CS8604: Possible null reference argument for parameter 'unformattedKey' in 'string ManageController.FormatKey(string unformattedKey)'. [/home/thomas/git/ribosoft/Ribosoft/Ribosoft.csproj]
         /home/thomas/git/ribosoft/Ribosoft/Models/RibozymeStructure.cs(53,24): warning CS8618: Non-nullable field 'sequence' must contain a non-null value when exiting constructor. Consider declaring the field as nullable. [/home/thomas/git/ribosoft/Ribosoft/Ribosoft.csproj]
         /home/thomas/git/ribosoft/Ribosoft/Models/RibozymeStructure.cs(63,23): warning CS8618: Non-nullable property 'Structure' must contain a non-null value when exiting constructor. Consider declaring the property as nullable. [/home/thomas/git/ribosoft/Ribosoft/Ribosoft.csproj]
         /home/thomas/git/ribosoft/Ribosoft/Models/RibozymeStructure.cs(87,24): warning CS8618: Non-nullable field 'substrateTemplate' must contain a non-null value when exiting constructor. Consider declaring the field as nullable. [/home/thomas/git/ribosoft/Ribosoft/Ribosoft.csproj]
         /home/thomas/git/ribosoft/Ribosoft/Models/RibozymeStructure.cs(97,23): warning CS8618: Non-nullable property 'SubstrateStructure' must contain a non-null value when exiting constructor. Consider declaring the property as nullable. [/home/thomas/git/ribosoft/Ribosoft/Ribosoft.csproj]
         /home/thomas/git/ribosoft/Ribosoft/Models/RibozymeStructure.cs(109,33): warning CS8618: Non-nullable property 'Ribozyme' must contain a non-null value when exiting constructor. Consider declaring the property as nullable. [/home/thomas/git/ribosoft/Ribosoft/Ribosoft.csproj]
         /home/thomas/git/ribosoft/Ribosoft/Models/RequestViewModels/RequestViewModel.cs(177,16): warning CS8618: Non-nullable field 'inputSequence' must contain a non-null value when exiting constructor. Consider declaring the field as nullable. [/home/thomas/git/ribosoft/Ribosoft/Ribosoft.csproj]
         /home/thomas/git/ribosoft/Ribosoft/Models/ManageViewModels/ShowRecoveryCodesViewModel.cs(17,25): warning CS8618: Non-nullable property 'RecoveryCodes' must contain a non-null value when exiting constructor. Consider declaring the property as nullable. [/home/thomas/git/ribosoft/Ribosoft/Ribosoft.csproj]
         /home/thomas/git/ribosoft/Ribosoft/Models/ManageViewModels/SetPasswordViewModel.cs(29,23): warning CS8618: Non-nullable property 'ConfirmPassword' must contain a non-null value when exiting constructor. Consider declaring the property as nullable. [/home/thomas/git/ribosoft/Ribosoft/Ribosoft.csproj]
         /home/thomas/git/ribosoft/Ribosoft/Models/ManageViewModels/IndexViewModel.cs(29,23): warning CS8618: Non-nullable property 'Email' must contain a non-null value when exiting constructor. Consider declaring the property as nullable. [/home/thomas/git/ribosoft/Ribosoft/Ribosoft.csproj]
         /home/thomas/git/ribosoft/Ribosoft/Models/ManageViewModels/ExternalLoginsViewModel.cs(19,37): warning CS8618: Non-nullable property 'CurrentLogins' must contain a non-null value when exiting constructor. Consider declaring the property as nullable. [/home/thomas/git/ribosoft/Ribosoft/Ribosoft.csproj]
         /home/thomas/git/ribosoft/Ribosoft/Models/ManageViewModels/ExternalLoginsViewModel.cs(24,44): warning CS8618: Non-nullable property 'OtherLogins' must contain a non-null value when exiting constructor. Consider declaring the property as nullable. [/home/thomas/git/ribosoft/Ribosoft/Ribosoft.csproj]
         /home/thomas/git/ribosoft/Ribosoft/Models/ManageViewModels/EnableAuthenticatorViewModel.cs(22,23): warning CS8618: Non-nullable property 'Code' must contain a non-null value when exiting constructor. Consider declaring the property as nullable. [/home/thomas/git/ribosoft/Ribosoft/Ribosoft.csproj]
         /home/thomas/git/ribosoft/Ribosoft/Models/ManageViewModels/ChangePasswordViewModel.cs(25,37): warning CS8618: Non-nullable property 'vm' must contain a non-null value when exiting constructor. Consider declaring the property as nullable. [/home/thomas/git/ribosoft/Ribosoft/Ribosoft.csproj]
         /home/thomas/git/ribosoft/Ribosoft/Extensions/HtmlHelperExtensions.cs(13,45): warning CS8618: Non-nullable field '_routeValues' must contain a non-null value when exiting constructor. Consider declaring the field as nullable. [/home/thomas/git/ribosoft/Ribosoft/Ribosoft.csproj]
         /home/thomas/git/ribosoft/Ribosoft/Extensions/HtmlHelperExtensions.cs(18,23): warning CS8618: Non-nullable property 'Action' must contain a non-null value when exiting constructor. Consider declaring the property as nullable. [/home/thomas/git/ribosoft/Ribosoft/Ribosoft.csproj]
         /home/thomas/git/ribosoft/Ribosoft/Extensions/HtmlHelperExtensions.cs(23,23): warning CS8618: Non-nullable property 'Controller' must contain a non-null value when exiting constructor. Consider declaring the property as nullable. [/home/thomas/git/ribosoft/Ribosoft/Ribosoft.csproj]
         /home/thomas/git/ribosoft/Ribosoft/Extensions/HtmlHelperExtensions.cs(44,42): warning CS8618: Non-nullable property 'ViewContext' must contain a non-null value when exiting constructor. Consider declaring the property as nullable. [/home/thomas/git/ribosoft/Ribosoft/Ribosoft.csproj]
         /home/thomas/git/ribosoft/Ribosoft/Models/JobsViewModels/JobIndexViewModel.cs(47,16): warning CS8618: Non-nullable property 'JobId' must contain a non-null value when exiting constructor. Consider declaring the property as nullable. [/home/thomas/git/ribosoft/Ribosoft/Ribosoft.csproj]
         /home/thomas/git/ribosoft/Ribosoft/Models/JobsViewModels/JobIndexViewModel.cs(47,16): warning CS8618: Non-nullable property 'UploadFile' must contain a non-null value when exiting constructor. Consider declaring the property as nullable. [/home/thomas/git/ribosoft/Ribosoft/Ribosoft.csproj]
         /home/thomas/git/ribosoft/Ribosoft/Models/JobsViewModels/JobDetailsViewModel.cs(105,16): warning CS8618: Non-nullable property 'Job' must contain a non-null value when exiting constructor. Consider declaring the property as nullable. [/home/thomas/git/ribosoft/Ribosoft/Ribosoft.csproj]
         /home/thomas/git/ribosoft/Ribosoft/Jobs/GenerateCandidates.cs(406,41): warning CS8601: Possible null reference assignment. [/home/thomas/git/ribosoft/Ribosoft/Ribosoft.csproj]
         /home/thomas/git/ribosoft/Ribosoft/Jobs/GenerateCandidates.cs(411,47): warning CS8602: Dereference of a possibly null reference. [/home/thomas/git/ribosoft/Ribosoft/Ribosoft.csproj]


       "/home/thomas/git/ribosoft/Ribosoft.sln" (default target) (1:2) ->
       "/home/thomas/git/ribosoft/Ribosoft.Tests/Ribosoft.Tests.csproj" (default target) (3:6) ->
         /home/thomas/git/ribosoft/Ribosoft.Tests/TestCandidateGeneration.cs(25,78): warning CS8602: Dereference of a possibly null reference. [/home/thomas/git/ribosoft/Ribosoft.Tests/Ribosoft.Tests.csproj]
         /home/thomas/git/ribosoft/Ribosoft.Tests/TestCandidateGeneration.cs(200,31): warning CS8602: Dereference of a possibly null reference. [/home/thomas/git/ribosoft/Ribosoft.Tests/Ribosoft.Tests.csproj]
         /home/thomas/git/ribosoft/Ribosoft.Tests/TestCandidateGeneration.cs(201,31): warning CS8602: Dereference of a possibly null reference. [/home/thomas/git/ribosoft/Ribosoft.Tests/Ribosoft.Tests.csproj]
         /home/thomas/git/ribosoft/Ribosoft.Tests/TestCandidateGeneration.cs(202,31): warning CS8602: Dereference of a possibly null reference. [/home/thomas/git/ribosoft/Ribosoft.Tests/Ribosoft.Tests.csproj]
         /home/thomas/git/ribosoft/Ribosoft.Tests/TestCandidateGeneration.cs(203,31): warning CS8602: Dereference of a possibly null reference. [/home/thomas/git/ribosoft/Ribosoft.Tests/Ribosoft.Tests.csproj]
         /home/thomas/git/ribosoft/Ribosoft.Tests/TestCandidateGeneration.cs(205,29): warning CS8602: Dereference of a possibly null reference. [/home/thomas/git/ribosoft/Ribosoft.Tests/Ribosoft.Tests.csproj]
         /home/thomas/git/ribosoft/Ribosoft.Tests/TestCandidateGeneration.cs(206,29): warning CS8602: Dereference of a possibly null reference. [/home/thomas/git/ribosoft/Ribosoft.Tests/Ribosoft.Tests.csproj]
         /home/thomas/git/ribosoft/Ribosoft.Tests/TestCandidateGeneration.cs(207,29): warning CS8602: Dereference of a possibly null reference. [/home/thomas/git/ribosoft/Ribosoft.Tests/Ribosoft.Tests.csproj]
         /home/thomas/git/ribosoft/Ribosoft.Tests/TestCandidateGeneration.cs(223,32): warning CS8602: Dereference of a possibly null reference. [/home/thomas/git/ribosoft/Ribosoft.Tests/Ribosoft.Tests.csproj]
         /home/thomas/git/ribosoft/Ribosoft.Tests/TestCandidateGeneration.cs(224,32): warning CS8602: Dereference of a possibly null reference. [/home/thomas/git/ribosoft/Ribosoft.Tests/Ribosoft.Tests.csproj]
         /home/thomas/git/ribosoft/Ribosoft.Tests/TestCandidateGeneration.cs(225,32): warning CS8602: Dereference of a possibly null reference. [/home/thomas/git/ribosoft/Ribosoft.Tests/Ribosoft.Tests.csproj]
         /home/thomas/git/ribosoft/Ribosoft.Tests/TestCandidateGeneration.cs(305,33): warning CS8602: Dereference of a possibly null reference. [/home/thomas/git/ribosoft/Ribosoft.Tests/Ribosoft.Tests.csproj]
         /home/thomas/git/ribosoft/Ribosoft.Tests/TestCandidateGeneration.cs(308,33): warning CS8602: Dereference of a possibly null reference. [/home/thomas/git/ribosoft/Ribosoft.Tests/Ribosoft.Tests.csproj]
         /home/thomas/git/ribosoft/Ribosoft.Tests/TestCandidateGeneration.cs(311,34): warning CS8602: Dereference of a possibly null reference. [/home/thomas/git/ribosoft/Ribosoft.Tests/Ribosoft.Tests.csproj]
         /home/thomas/git/ribosoft/Ribosoft.Tests/TestCandidateGeneration.cs(329,33): warning CS8602: Dereference of a possibly null reference. [/home/thomas/git/ribosoft/Ribosoft.Tests/Ribosoft.Tests.csproj]
         /home/thomas/git/ribosoft/Ribosoft.Tests/TestCandidateGeneration.cs(332,33): warning CS8602: Dereference of a possibly null reference. [/home/thomas/git/ribosoft/Ribosoft.Tests/Ribosoft.Tests.csproj]
         /home/thomas/git/ribosoft/Ribosoft.Tests/TestCandidateGeneration.cs(335,34): warning CS8602: Dereference of a possibly null reference. [/home/thomas/git/ribosoft/Ribosoft.Tests/Ribosoft.Tests.csproj]
         /home/thomas/git/ribosoft/Ribosoft.Tests/TestCandidateGeneration.cs(353,32): warning CS8602: Dereference of a possibly null reference. [/home/thomas/git/ribosoft/Ribosoft.Tests/Ribosoft.Tests.csproj]
         /home/thomas/git/ribosoft/Ribosoft.Tests/TestCandidateGeneration.cs(356,32): warning CS8602: Dereference of a possibly null reference. [/home/thomas/git/ribosoft/Ribosoft.Tests/Ribosoft.Tests.csproj]
         /home/thomas/git/ribosoft/Ribosoft.Tests/TestCandidateGeneration.cs(359,32): warning CS8602: Dereference of a possibly null reference. [/home/thomas/git/ribosoft/Ribosoft.Tests/Ribosoft.Tests.csproj]
         /home/thomas/git/ribosoft/Ribosoft.Tests/TestCandidateGeneration.cs(362,33): warning CS8602: Dereference of a possibly null reference. [/home/thomas/git/ribosoft/Ribosoft.Tests/Ribosoft.Tests.csproj]
         /home/thomas/git/ribosoft/Ribosoft.Tests/TestCandidateGeneration.cs(365,33): warning CS8602: Dereference of a possibly null reference. [/home/thomas/git/ribosoft/Ribosoft.Tests/Ribosoft.Tests.csproj]
         /home/thomas/git/ribosoft/Ribosoft.Tests/TestCandidateGeneration.cs(368,33): warning CS8602: Dereference of a possibly null reference. [/home/thomas/git/ribosoft/Ribosoft.Tests/Ribosoft.Tests.csproj]
         /home/thomas/git/ribosoft/Ribosoft.Tests/TestCandidateGeneration.cs(371,34): warning CS8602: Dereference of a possibly null reference. [/home/thomas/git/ribosoft/Ribosoft.Tests/Ribosoft.Tests.csproj]
         /home/thomas/git/ribosoft/Ribosoft.Tests/TestCandidateGeneration.cs(374,33): warning CS8602: Dereference of a possibly null reference. [/home/thomas/git/ribosoft/Ribosoft.Tests/Ribosoft.Tests.csproj]
         /home/thomas/git/ribosoft/Ribosoft.Tests/TestCandidateGeneration.cs(413,74): warning CS8602: Dereference of a possibly null reference. [/home/thomas/git/ribosoft/Ribosoft.Tests/Ribosoft.Tests.csproj]
         /home/thomas/git/ribosoft/Ribosoft.Tests/TestCandidateGeneration.cs(414,76): warning CS8602: Dereference of a possibly null reference. [/home/thomas/git/ribosoft/Ribosoft.Tests/Ribosoft.Tests.csproj]
         /home/thomas/git/ribosoft/Ribosoft.Tests/TestCandidateGeneration.cs(430,74): warning CS8602: Dereference of a possibly null reference. [/home/thomas/git/ribosoft/Ribosoft.Tests/Ribosoft.Tests.csproj]
         /home/thomas/git/ribosoft/Ribosoft.Tests/TestCandidateGeneration.cs(431,74): warning CS8602: Dereference of a possibly null reference. [/home/thomas/git/ribosoft/Ribosoft.Tests/Ribosoft.Tests.csproj]
         /home/thomas/git/ribosoft/Ribosoft.Tests/TestCandidateGeneration.cs(448,32): warning CS8602: Dereference of a possibly null reference. [/home/thomas/git/ribosoft/Ribosoft.Tests/Ribosoft.Tests.csproj]
         /home/thomas/git/ribosoft/Ribosoft.Tests/TestCandidateGeneration.cs(449,32): warning CS8602: Dereference of a possibly null reference. [/home/thomas/git/ribosoft/Ribosoft.Tests/Ribosoft.Tests.csproj]

    93 Warning(s)
    0 Error(s)

Time Elapsed 00:00:03.18
